Vivado Simulator v2021.2
Copyright 1986-1999, 2001-2021 Xilinx, Inc. All Rights Reserved.
Running: /home_local/Xilinx/Vivado/2021.2/bin/unwrapped/lnx64.o/xelab work.top_vga_tb -snapshot top_vga_tb -prj /home/student/jwojciechowska/uec2/lab5/sim/top_vga/top_vga.prj -timescale 1ns/1ps -L unisims_ver -debug typical 
Multi-threading is on. Using 6 slave threads.
Determining compilation order of HDL files.
INFO: [VRFC 10-2263] Analyzing SystemVerilog file "/home/student/jwojciechowska/uec2/lab5/rtl/vga_pkg.sv" into library work
INFO: [VRFC 10-2263] Analyzing SystemVerilog file "/home/student/jwojciechowska/uec2/lab5/rtl/vga_if.sv" into library work
INFO: [VRFC 10-2263] Analyzing SystemVerilog file "/home/student/jwojciechowska/uec2/lab5/rtl/vga_timing.sv" into library work
INFO: [VRFC 10-311] analyzing module vga_timing
INFO: [VRFC 10-2263] Analyzing SystemVerilog file "/home/student/jwojciechowska/uec2/lab5/rtl/draw_bg.sv" into library work
INFO: [VRFC 10-311] analyzing module draw_bg
INFO: [VRFC 10-2263] Analyzing SystemVerilog file "/home/student/jwojciechowska/uec2/lab5/rtl/draw_rect_ctl.sv" into library work
INFO: [VRFC 10-311] analyzing module draw_rect_ctl
INFO: [VRFC 10-2263] Analyzing SystemVerilog file "/home/student/jwojciechowska/uec2/lab5/rtl/draw_rect.sv" into library work
INFO: [VRFC 10-311] analyzing module draw_rect
INFO: [VRFC 10-2263] Analyzing SystemVerilog file "/home/student/jwojciechowska/uec2/lab5/rtl/draw_mouse.sv" into library work
INFO: [VRFC 10-311] analyzing module draw_mouse
INFO: [VRFC 10-2263] Analyzing SystemVerilog file "/home/student/jwojciechowska/uec2/lab5/rtl/draw_rect_char.sv" into library work
INFO: [VRFC 10-311] analyzing module draw_rect_char
INFO: [VRFC 10-2263] Analyzing SystemVerilog file "/home/student/jwojciechowska/uec2/lab5/rtl/font_rom.sv" into library work
INFO: [VRFC 10-311] analyzing module font_rom
INFO: [VRFC 10-2263] Analyzing SystemVerilog file "/home/student/jwojciechowska/uec2/lab5/rtl/image_rom.sv" into library work
INFO: [VRFC 10-311] analyzing module image_rom
INFO: [VRFC 10-2263] Analyzing SystemVerilog file "/home/student/jwojciechowska/uec2/lab5/rtl/char_rom.sv" into library work
INFO: [VRFC 10-311] analyzing module char_rom
INFO: [VRFC 10-2263] Analyzing SystemVerilog file "/home/student/jwojciechowska/uec2/lab5/sim/common/tiff_writer.sv" into library work
INFO: [VRFC 10-311] analyzing module tiff_writer
INFO: [VRFC 10-2263] Analyzing SystemVerilog file "/home/student/jwojciechowska/uec2/lab5/sim/top_vga/top_vga_tb.sv" into library work
INFO: [VRFC 10-311] analyzing module top_vga_tb
INFO: [VRFC 10-163] Analyzing VHDL file "/home/student/jwojciechowska/uec2/lab5/fpga/rtl/Ps2Interface.vhd" into library work
INFO: [VRFC 10-3107] analyzing entity 'Ps2Interface'
INFO: [VRFC 10-163] Analyzing VHDL file "/home/student/jwojciechowska/uec2/lab5/fpga/rtl/MouseCtl.vhd" into library work
INFO: [VRFC 10-3107] analyzing entity 'MouseCtl'
INFO: [VRFC 10-163] Analyzing VHDL file "/home/student/jwojciechowska/uec2/lab5/fpga/rtl/MouseDisplay.vhd" into library work
INFO: [VRFC 10-3107] analyzing entity 'MouseDisplay'
Starting static elaboration
Pass Through NonSizing Optimizer
WARNING: [VRFC 10-5021] port 'clk100MHz' is not connected on this instance [/home/student/jwojciechowska/uec2/lab5/sim/top_vga/top_vga_tb.sv:60]
WARNING: [VRFC 10-3645] port 'ps2_clk' remains unconnected for this instance [/home/student/jwojciechowska/uec2/lab5/sim/top_vga/top_vga_tb.sv:60]
Completed static elaboration
Starting simulation data flow analysis
Completed simulation data flow analysis
Time Resolution for simulation is 1ps
Compiling package std.standard
Compiling package std.textio
Compiling package ieee.std_logic_1164
Compiling package ieee.std_logic_arith
Compiling package ieee.std_logic_unsigned
Compiling package ieee.numeric_std
Compiling package unisim.vcomponents
Compiling package work.vga_pkg
Compiling module work.vga_if
Compiling architecture behavioral of entity work.Ps2Interface [ps2interface_default]
Compiling architecture behavioral of entity work.MouseCtl [mousectl_default]
Compiling module work.vga_timing
Compiling module work.draw_bg
Compiling module work.draw_rect_ctl
Compiling module work.image_rom
Compiling module work.draw_rect
Compiling architecture behavioral of entity work.MouseDisplay [mousedisplay_default]
Compiling module work.draw_mouse
Compiling module work.font_rom
Compiling module work.draw_rect_char(X_POS=200,Y_POS=1...
Compiling module work.char_rom
Compiling module work.top_vga
Compiling module work.tiff_writer
Compiling module work.top_vga_tb
Built simulation snapshot top_vga_tb
