*** Start analyzing build configuration ***
INFO: Auto-config - Scanning: /home/student/jwojciechowska/Desktop/projekt_cymbergaj_JW_KH-projekt_gra
INFO: Auto-config - VLOG: /home/student/jwojciechowska/Desktop/projekt_cymbergaj_JW_KH-projekt_gra
INFO: Auto-config - Wrote:
    .dvt/default.build.auto.1
*** List of included argument files ***
    Build configuration file:  /home/student/jwojciechowska/Desktop/projekt_cymbergaj_JW_KH-projekt_gra/.dvt/default.build
    -f /home/student/jwojciechowska/Desktop/projekt_cymbergaj_JW_KH-projekt_gra/.dvt/default.build.auto.1
*** List of invocations ***
Invocation #1 +dvt_init+dvt in /home/student/jwojciechowska/Desktop/projekt_cymbergaj_JW_KH-projekt_gra/.dvt/default.build.auto.1 at line 9
*** Done analyzing build configuration [579 ms] ***
*** Start SystemVerilog build ***
*** Invocation #1***
Loading (1) /home/student/jwojciechowska/Desktop/projekt_cymbergaj_JW_KH-projekt_gra/fpga/rtl/clk_wiz_0.v ...
Done /home/student/jwojciechowska/Desktop/projekt_cymbergaj_JW_KH-projekt_gra/fpga/rtl/clk_wiz_0.v [121 ms, 94 lines, Verilog_2001] ...
Loading (2) /home/student/jwojciechowska/Desktop/projekt_cymbergaj_JW_KH-projekt_gra/fpga/rtl/clk_wiz_0_clk_wiz.v ...
Done /home/student/jwojciechowska/Desktop/projekt_cymbergaj_JW_KH-projekt_gra/fpga/rtl/clk_wiz_0_clk_wiz.v [37 ms, 237 lines, Verilog_2001] ...
Loading (3) /home/student/jwojciechowska/Desktop/projekt_cymbergaj_JW_KH-projekt_gra/fpga/rtl/top_airhockey_basys3.sv ...
Done /home/student/jwojciechowska/Desktop/projekt_cymbergaj_JW_KH-projekt_gra/fpga/rtl/top_airhockey_basys3.sv [11 ms, 94 lines, SystemVerilog_2012] ...
Loading (4) /home/student/jwojciechowska/Desktop/projekt_cymbergaj_JW_KH-projekt_gra/fpga/rtl/top_vga_basys3.sv ...
Done /home/student/jwojciechowska/Desktop/projekt_cymbergaj_JW_KH-projekt_gra/fpga/rtl/top_vga_basys3.sv [9 ms, 96 lines, SystemVerilog_2012] ...
Loading (5) /home/student/jwojciechowska/Desktop/projekt_cymbergaj_JW_KH-projekt_gra/rtl/btn_edge.sv ...
Done /home/student/jwojciechowska/Desktop/projekt_cymbergaj_JW_KH-projekt_gra/rtl/btn_edge.sv [4 ms, 31 lines, SystemVerilog_2012] ...
Loading (6) /home/student/jwojciechowska/Desktop/projekt_cymbergaj_JW_KH-projekt_gra/rtl/char_rom.sv ...
Done /home/student/jwojciechowska/Desktop/projekt_cymbergaj_JW_KH-projekt_gra/rtl/char_rom.sv [6 ms, 31 lines, SystemVerilog_2012] ...
Loading (7) /home/student/jwojciechowska/Desktop/projekt_cymbergaj_JW_KH-projekt_gra/rtl/comm/uart_rx.sv ...
Done /home/student/jwojciechowska/Desktop/projekt_cymbergaj_JW_KH-projekt_gra/rtl/comm/uart_rx.sv [20 ms, 113 lines, SystemVerilog_2012] ...
Loading (8) /home/student/jwojciechowska/Desktop/projekt_cymbergaj_JW_KH-projekt_gra/rtl/comm/uart_tx.sv ...
Done /home/student/jwojciechowska/Desktop/projekt_cymbergaj_JW_KH-projekt_gra/rtl/comm/uart_tx.sv [12 ms, 94 lines, SystemVerilog_2012] ...
Loading (9) /home/student/jwojciechowska/Desktop/projekt_cymbergaj_JW_KH-projekt_gra/rtl/common/btn_edge.sv ...
Done /home/student/jwojciechowska/Desktop/projekt_cymbergaj_JW_KH-projekt_gra/rtl/common/btn_edge.sv [3 ms, 31 lines, SystemVerilog_2012] ...
Loading (10) /home/student/jwojciechowska/Desktop/projekt_cymbergaj_JW_KH-projekt_gra/rtl/common/rst_ctl.sv ...
Done /home/student/jwojciechowska/Desktop/projekt_cymbergaj_JW_KH-projekt_gra/rtl/common/rst_ctl.sv [3 ms, 32 lines, SystemVerilog_2012] ...
Loading (11) /home/student/jwojciechowska/Desktop/projekt_cymbergaj_JW_KH-projekt_gra/rtl/draw/char_rom.sv ...
Done /home/student/jwojciechowska/Desktop/projekt_cymbergaj_JW_KH-projekt_gra/rtl/draw/char_rom.sv [4 ms, 31 lines, SystemVerilog_2012] ...
Loading (12) /home/student/jwojciechowska/Desktop/projekt_cymbergaj_JW_KH-projekt_gra/rtl/draw/draw_button.sv ...
Done /home/student/jwojciechowska/Desktop/projekt_cymbergaj_JW_KH-projekt_gra/rtl/draw/draw_button.sv [11 ms, 91 lines, SystemVerilog_2012] ...
Loading (13) /home/student/jwojciechowska/Desktop/projekt_cymbergaj_JW_KH-projekt_gra/rtl/draw/draw_circle.sv ...
Done /home/student/jwojciechowska/Desktop/projekt_cymbergaj_JW_KH-projekt_gra/rtl/draw/draw_circle.sv [13 ms, 96 lines, SystemVerilog_2012] ...
Loading (14) /home/student/jwojciechowska/Desktop/projekt_cymbergaj_JW_KH-projekt_gra/rtl/draw/draw_digit.sv ...
Done /home/student/jwojciechowska/Desktop/projekt_cymbergaj_JW_KH-projekt_gra/rtl/draw/draw_digit.sv [4 ms, 59 lines, SystemVerilog_2012] ...
Loading (15) /home/student/jwojciechowska/Desktop/projekt_cymbergaj_JW_KH-projekt_gra/rtl/draw/draw_menu_bg.sv ...
Done /home/student/jwojciechowska/Desktop/projekt_cymbergaj_JW_KH-projekt_gra/rtl/draw/draw_menu_bg.sv [8 ms, 76 lines, SystemVerilog_2012] ...
Loading (16) /home/student/jwojciechowska/Desktop/projekt_cymbergaj_JW_KH-projekt_gra/rtl/draw/draw_mouse.sv ...
Done /home/student/jwojciechowska/Desktop/projekt_cymbergaj_JW_KH-projekt_gra/rtl/draw/draw_mouse.sv [7 ms, 56 lines, SystemVerilog_2012] ...
Loading (17) /home/student/jwojciechowska/Desktop/projekt_cymbergaj_JW_KH-projekt_gra/rtl/draw/draw_rect_char.sv ...
Done /home/student/jwojciechowska/Desktop/projekt_cymbergaj_JW_KH-projekt_gra/rtl/draw/draw_rect_char.sv [12 ms, 95 lines, SystemVerilog_2012] ...
Loading (18) /home/student/jwojciechowska/Desktop/projekt_cymbergaj_JW_KH-projekt_gra/rtl/draw/font_rom.sv ...
Done /home/student/jwojciechowska/Desktop/projekt_cymbergaj_JW_KH-projekt_gra/rtl/draw/font_rom.sv [414 ms, 2206 lines, SystemVerilog_2012] ...
Loading (19) /home/student/jwojciechowska/Desktop/projekt_cymbergaj_JW_KH-projekt_gra/rtl/draw_button.sv ...
Done /home/student/jwojciechowska/Desktop/projekt_cymbergaj_JW_KH-projekt_gra/rtl/draw_button.sv [7 ms, 91 lines, SystemVerilog_2012] ...
Loading (20) /home/student/jwojciechowska/Desktop/projekt_cymbergaj_JW_KH-projekt_gra/rtl/draw_circle.sv ...
Done /home/student/jwojciechowska/Desktop/projekt_cymbergaj_JW_KH-projekt_gra/rtl/draw_circle.sv [11 ms, 96 lines, SystemVerilog_2012] ...
Loading (21) /home/student/jwojciechowska/Desktop/projekt_cymbergaj_JW_KH-projekt_gra/rtl/draw_digit.sv ...
Done /home/student/jwojciechowska/Desktop/projekt_cymbergaj_JW_KH-projekt_gra/rtl/draw_digit.sv [3 ms, 59 lines, SystemVerilog_2012] ...
Loading (22) /home/student/jwojciechowska/Desktop/projekt_cymbergaj_JW_KH-projekt_gra/rtl/draw_mouse.sv ...
Done /home/student/jwojciechowska/Desktop/projekt_cymbergaj_JW_KH-projekt_gra/rtl/draw_mouse.sv [4 ms, 66 lines, SystemVerilog_2012] ...
Loading (23) /home/student/jwojciechowska/Desktop/projekt_cymbergaj_JW_KH-projekt_gra/rtl/draw_rect.sv ...
Done /home/student/jwojciechowska/Desktop/projekt_cymbergaj_JW_KH-projekt_gra/rtl/draw_rect.sv [5 ms, 139 lines, SystemVerilog_2012] ...
Loading (24) /home/student/jwojciechowska/Desktop/projekt_cymbergaj_JW_KH-projekt_gra/rtl/draw_rect_char.sv ...
Done /home/student/jwojciechowska/Desktop/projekt_cymbergaj_JW_KH-projekt_gra/rtl/draw_rect_char.sv [8 ms, 95 lines, SystemVerilog_2012] ...
Loading (25) /home/student/jwojciechowska/Desktop/projekt_cymbergaj_JW_KH-projekt_gra/rtl/draw_rect_ctl.sv ...
Done /home/student/jwojciechowska/Desktop/projekt_cymbergaj_JW_KH-projekt_gra/rtl/draw_rect_ctl.sv [7 ms, 157 lines, SystemVerilog_2012] ...
Loading (26) /home/student/jwojciechowska/Desktop/projekt_cymbergaj_JW_KH-projekt_gra/rtl/draw_sprite.sv ...
Done /home/student/jwojciechowska/Desktop/projekt_cymbergaj_JW_KH-projekt_gra/rtl/draw_sprite.sv [7 ms, 87 lines, SystemVerilog_2012] ...
Loading (27) /home/student/jwojciechowska/Desktop/projekt_cymbergaj_JW_KH-projekt_gra/rtl/font_rom.sv ...
Done /home/student/jwojciechowska/Desktop/projekt_cymbergaj_JW_KH-projekt_gra/rtl/font_rom.sv [231 ms, 2206 lines, SystemVerilog_2012] ...
Loading (28) /home/student/jwojciechowska/Desktop/projekt_cymbergaj_JW_KH-projekt_gra/rtl/frame_tick_gen.sv ...
Done /home/student/jwojciechowska/Desktop/projekt_cymbergaj_JW_KH-projekt_gra/rtl/frame_tick_gen.sv [2 ms, 33 lines, SystemVerilog_2012] ...
Loading (29) /home/student/jwojciechowska/Desktop/projekt_cymbergaj_JW_KH-projekt_gra/rtl/game/menu_ctl.sv ...
Done /home/student/jwojciechowska/Desktop/projekt_cymbergaj_JW_KH-projekt_gra/rtl/game/menu_ctl.sv [3 ms, 45 lines, SystemVerilog_2012] ...
Loading (30) /home/student/jwojciechowska/Desktop/projekt_cymbergaj_JW_KH-projekt_gra/rtl/game/paddle_ctl.sv ...
Done /home/student/jwojciechowska/Desktop/projekt_cymbergaj_JW_KH-projekt_gra/rtl/game/paddle_ctl.sv [6 ms, 69 lines, SystemVerilog_2012] ...
Loading (31) /home/student/jwojciechowska/Desktop/projekt_cymbergaj_JW_KH-projekt_gra/rtl/game/score_ctl.sv ...
Done /home/student/jwojciechowska/Desktop/projekt_cymbergaj_JW_KH-projekt_gra/rtl/game/score_ctl.sv [5 ms, 61 lines, SystemVerilog_2012] ...
Loading (32) /home/student/jwojciechowska/Desktop/projekt_cymbergaj_JW_KH-projekt_gra/rtl/image_rom.sv ...
Done /home/student/jwojciechowska/Desktop/projekt_cymbergaj_JW_KH-projekt_gra/rtl/image_rom.sv [2 ms, 46 lines, SystemVerilog_2012] ...
Loading (33) /home/student/jwojciechowska/Desktop/projekt_cymbergaj_JW_KH-projekt_gra/rtl/menu_ctl.sv ...
Done /home/student/jwojciechowska/Desktop/projekt_cymbergaj_JW_KH-projekt_gra/rtl/menu_ctl.sv [2 ms, 46 lines, SystemVerilog_2012] ...
Loading (34) /home/student/jwojciechowska/Desktop/projekt_cymbergaj_JW_KH-projekt_gra/rtl/paddle_ctl.sv ...
Done /home/student/jwojciechowska/Desktop/projekt_cymbergaj_JW_KH-projekt_gra/rtl/paddle_ctl.sv [5 ms, 58 lines, SystemVerilog_2012] ...
Loading (35) /home/student/jwojciechowska/Desktop/projekt_cymbergaj_JW_KH-projekt_gra/rtl/rst_ctl.sv ...
Done /home/student/jwojciechowska/Desktop/projekt_cymbergaj_JW_KH-projekt_gra/rtl/rst_ctl.sv [1 ms, 34 lines, SystemVerilog_2012] ...
Loading (36) /home/student/jwojciechowska/Desktop/projekt_cymbergaj_JW_KH-projekt_gra/rtl/score_ctl.sv ...
Done /home/student/jwojciechowska/Desktop/projekt_cymbergaj_JW_KH-projekt_gra/rtl/score_ctl.sv [3 ms, 61 lines, SystemVerilog_2012] ...
Loading (37) /home/student/jwojciechowska/Desktop/projekt_cymbergaj_JW_KH-projekt_gra/rtl/settings_ctl.sv ...
Done /home/student/jwojciechowska/Desktop/projekt_cymbergaj_JW_KH-projekt_gra/rtl/settings_ctl.sv [3 ms, 66 lines, SystemVerilog_2012] ...
Loading (38) /home/student/jwojciechowska/Desktop/projekt_cymbergaj_JW_KH-projekt_gra/rtl/vga/frame_tick_gen.sv ...
Done /home/student/jwojciechowska/Desktop/projekt_cymbergaj_JW_KH-projekt_gra/rtl/vga/frame_tick_gen.sv [2 ms, 33 lines, SystemVerilog_2012] ...
Loading (39) /home/student/jwojciechowska/Desktop/projekt_cymbergaj_JW_KH-projekt_gra/rtl/vga/vga_if.sv ...
Done /home/student/jwojciechowska/Desktop/projekt_cymbergaj_JW_KH-projekt_gra/rtl/vga/vga_if.sv [5 ms, 32 lines, SystemVerilog_2012] ...
Loading (40) /home/student/jwojciechowska/Desktop/projekt_cymbergaj_JW_KH-projekt_gra/rtl/vga_if.sv ...
Done /home/student/jwojciechowska/Desktop/projekt_cymbergaj_JW_KH-projekt_gra/rtl/vga_if.sv [2 ms, 32 lines, SystemVerilog_2012] ...
Loading (41) /home/student/jwojciechowska/Desktop/projekt_cymbergaj_JW_KH-projekt_gra/sim/common/tiff_writer.sv ...
Done /home/student/jwojciechowska/Desktop/projekt_cymbergaj_JW_KH-projekt_gra/sim/common/tiff_writer.sv [46 ms, 405 lines, SystemVerilog_2012] ...
Loading (42) /home/student/jwojciechowska/Desktop/projekt_cymbergaj_JW_KH-projekt_gra/sim/draw_rect_ctl/draw_rect_ctl.sv ...
Done /home/student/jwojciechowska/Desktop/projekt_cymbergaj_JW_KH-projekt_gra/sim/draw_rect_ctl/draw_rect_ctl.sv [9 ms, 151 lines, SystemVerilog_2012] ...
Loading (43) /home/student/jwojciechowska/Desktop/projekt_cymbergaj_JW_KH-projekt_gra/sim/draw_rect_ctl/draw_rect_ctl_prog.sv ...
Done /home/student/jwojciechowska/Desktop/projekt_cymbergaj_JW_KH-projekt_gra/sim/draw_rect_ctl/draw_rect_ctl_prog.sv [2 ms, 59 lines, SystemVerilog_2012] ...
Loading (44) /home/student/jwojciechowska/Desktop/projekt_cymbergaj_JW_KH-projekt_gra/sim/draw_rect_ctl/draw_rect_ctl_tb.sv ...
Done /home/student/jwojciechowska/Desktop/projekt_cymbergaj_JW_KH-projekt_gra/sim/draw_rect_ctl/draw_rect_ctl_tb.sv [2 ms, 42 lines, SystemVerilog_2012] ...
Loading (45) /home/student/jwojciechowska/Desktop/projekt_cymbergaj_JW_KH-projekt_gra/sim/top_fpga/top_fpga_tb.sv ...
Done /home/student/jwojciechowska/Desktop/projekt_cymbergaj_JW_KH-projekt_gra/sim/top_fpga/top_fpga_tb.sv [9 ms, 108 lines, SystemVerilog_2012] ...
Loading (46) /home/student/jwojciechowska/Desktop/projekt_cymbergaj_JW_KH-projekt_gra/sim/top_vga/top_vga_tb.sv ...
Done /home/student/jwojciechowska/Desktop/projekt_cymbergaj_JW_KH-projekt_gra/sim/top_vga/top_vga_tb.sv [6 ms, 106 lines, SystemVerilog_2012] ...
Loading (47) /home/student/jwojciechowska/Desktop/projekt_cymbergaj_JW_KH-projekt_gra/rtl/vga/vga_pkg.sv ...
Done /home/student/jwojciechowska/Desktop/projekt_cymbergaj_JW_KH-projekt_gra/rtl/vga/vga_pkg.sv [1 ms, 25 lines, SystemVerilog_2012] ...
Loading (48) /home/student/jwojciechowska/Desktop/projekt_cymbergaj_JW_KH-projekt_gra/rtl/vga_pkg.sv ...
Done /home/student/jwojciechowska/Desktop/projekt_cymbergaj_JW_KH-projekt_gra/rtl/vga_pkg.sv [1 ms, 25 lines, SystemVerilog_2012] ...
Loading (49) /home/student/jwojciechowska/Desktop/projekt_cymbergaj_JW_KH-projekt_gra/sim/vga_timing/vga_timing_tb.sv ...
Done /home/student/jwojciechowska/Desktop/projekt_cymbergaj_JW_KH-projekt_gra/sim/vga_timing/vga_timing_tb.sv [11 ms, 138 lines, SystemVerilog_2012] ...
Loading (50) /home/student/jwojciechowska/Desktop/projekt_cymbergaj_JW_KH-projekt_gra/rtl/vga_timing.sv ...
Done /home/student/jwojciechowska/Desktop/projekt_cymbergaj_JW_KH-projekt_gra/rtl/vga_timing.sv [5 ms, 81 lines, SystemVerilog_2012] ...
Loading (51) /home/student/jwojciechowska/Desktop/projekt_cymbergaj_JW_KH-projekt_gra/rtl/vga/vga_timing.sv ...
Done /home/student/jwojciechowska/Desktop/projekt_cymbergaj_JW_KH-projekt_gra/rtl/vga/vga_timing.sv [4 ms, 81 lines, SystemVerilog_2012] ...
Loading (52) /home/student/jwojciechowska/Desktop/projekt_cymbergaj_JW_KH-projekt_gra/rtl/top_vga.sv ...
Done /home/student/jwojciechowska/Desktop/projekt_cymbergaj_JW_KH-projekt_gra/rtl/top_vga.sv [11 ms, 249 lines, SystemVerilog_2012] ...
Loading (53) /home/student/jwojciechowska/Desktop/projekt_cymbergaj_JW_KH-projekt_gra/rtl/game_pkg.sv ...
Done /home/student/jwojciechowska/Desktop/projekt_cymbergaj_JW_KH-projekt_gra/rtl/game_pkg.sv [11 ms, 148 lines, SystemVerilog_2012] ...
Loading (54) /home/student/jwojciechowska/Desktop/projekt_cymbergaj_JW_KH-projekt_gra/rtl/game/game_pkg.sv ...
Done /home/student/jwojciechowska/Desktop/projekt_cymbergaj_JW_KH-projekt_gra/rtl/game/game_pkg.sv [14 ms, 173 lines, SystemVerilog_2012] ...
Loading (55) /home/student/jwojciechowska/Desktop/projekt_cymbergaj_JW_KH-projekt_gra/rtl/top_airhockey.sv ...
Done /home/student/jwojciechowska/Desktop/projekt_cymbergaj_JW_KH-projekt_gra/rtl/top_airhockey.sv [84 ms, 1712 lines, SystemVerilog_2012] ...
Loading (56) /home/student/jwojciechowska/Desktop/projekt_cymbergaj_JW_KH-projekt_gra/rtl/puck_ctl.sv ...
Done /home/student/jwojciechowska/Desktop/projekt_cymbergaj_JW_KH-projekt_gra/rtl/puck_ctl.sv [22 ms, 171 lines, SystemVerilog_2012] ...
Loading (57) /home/student/jwojciechowska/Desktop/projekt_cymbergaj_JW_KH-projekt_gra/rtl/paddle2_ai.sv ...
Done /home/student/jwojciechowska/Desktop/projekt_cymbergaj_JW_KH-projekt_gra/rtl/paddle2_ai.sv [3 ms, 59 lines, SystemVerilog_2012] ...
Loading (58) /home/student/jwojciechowska/Desktop/projekt_cymbergaj_JW_KH-projekt_gra/rtl/game_fsm.sv ...
Done /home/student/jwojciechowska/Desktop/projekt_cymbergaj_JW_KH-projekt_gra/rtl/game_fsm.sv [4 ms, 90 lines, SystemVerilog_2012] ...
Loading (59) /home/student/jwojciechowska/Desktop/projekt_cymbergaj_JW_KH-projekt_gra/rtl/game/settings_ctl.sv ...
Done /home/student/jwojciechowska/Desktop/projekt_cymbergaj_JW_KH-projekt_gra/rtl/game/settings_ctl.sv [4 ms, 84 lines, SystemVerilog_2012] ...
Loading (60) /home/student/jwojciechowska/Desktop/projekt_cymbergaj_JW_KH-projekt_gra/rtl/game/puck_ctl.sv ...
Done /home/student/jwojciechowska/Desktop/projekt_cymbergaj_JW_KH-projekt_gra/rtl/game/puck_ctl.sv [17 ms, 186 lines, SystemVerilog_2012] ...
Loading (61) /home/student/jwojciechowska/Desktop/projekt_cymbergaj_JW_KH-projekt_gra/rtl/game/paddle2_ai.sv ...
Done /home/student/jwojciechowska/Desktop/projekt_cymbergaj_JW_KH-projekt_gra/rtl/game/paddle2_ai.sv [8 ms, 129 lines, SystemVerilog_2012] ...
Loading (62) /home/student/jwojciechowska/Desktop/projekt_cymbergaj_JW_KH-projekt_gra/rtl/game/game_fsm.sv ...
Done /home/student/jwojciechowska/Desktop/projekt_cymbergaj_JW_KH-projekt_gra/rtl/game/game_fsm.sv [4 ms, 92 lines, SystemVerilog_2012] ...
Loading (63) /home/student/jwojciechowska/Desktop/projekt_cymbergaj_JW_KH-projekt_gra/rtl/draw_rink.sv ...
Done /home/student/jwojciechowska/Desktop/projekt_cymbergaj_JW_KH-projekt_gra/rtl/draw_rink.sv [10 ms, 130 lines, SystemVerilog_2012] ...
Loading (64) /home/student/jwojciechowska/Desktop/projekt_cymbergaj_JW_KH-projekt_gra/rtl/draw/draw_rink.sv ...
Done /home/student/jwojciechowska/Desktop/projekt_cymbergaj_JW_KH-projekt_gra/rtl/draw/draw_rink.sv [11 ms, 168 lines, SystemVerilog_2012] ...
Loading (65) /home/student/jwojciechowska/Desktop/projekt_cymbergaj_JW_KH-projekt_gra/rtl/comm/link_tx_ctl.sv ...
Done /home/student/jwojciechowska/Desktop/projekt_cymbergaj_JW_KH-projekt_gra/rtl/comm/link_tx_ctl.sv [12 ms, 145 lines, SystemVerilog_2012] ...
Loading (66) /home/student/jwojciechowska/Desktop/projekt_cymbergaj_JW_KH-projekt_gra/rtl/comm/link_rx_ctl.sv ...
Done /home/student/jwojciechowska/Desktop/projekt_cymbergaj_JW_KH-projekt_gra/rtl/comm/link_rx_ctl.sv [8 ms, 135 lines, SystemVerilog_2012] ...
Loading (67) /home/student/jwojciechowska/Desktop/projekt_cymbergaj_JW_KH-projekt_gra/rtl/draw_bg.sv ...
Done /home/student/jwojciechowska/Desktop/projekt_cymbergaj_JW_KH-projekt_gra/rtl/draw_bg.sv [7 ms, 101 lines, SystemVerilog_2012] ...
Loading (68) /home/student/jwojciechowska/Desktop/projekt_cymbergaj_JW_KH-projekt_gra/rtl/draw/draw_bg.sv ...
Done /home/student/jwojciechowska/Desktop/projekt_cymbergaj_JW_KH-projekt_gra/rtl/draw/draw_bg.sv [6 ms, 99 lines, SystemVerilog_2012] ...
Loading (69) /home/student/jwojciechowska/Desktop/projekt_cymbergaj_JW_KH-projekt_gra/sim/common/glbl.v ...
Done /home/student/jwojciechowska/Desktop/projekt_cymbergaj_JW_KH-projekt_gra/sim/common/glbl.v [4 ms, 85 lines, Verilog_2001] ...
*** Done invocation #1 [1264 ms] ***
*** Total number of lines [12 352] ***
Performing post full build actions ...
Performing post full build step 1 (SRI) [3 ms] ...
Performing post full build step 2 (RI) [16 ms] ...
Performing post full build step 3 (RCP) [2 ms] ...
*** Error: SYSTEM_VERILOG_2012: Unexpected token 'logic'
    at line 70 in /home/student/jwojciechowska/Desktop/projekt_cymbergaj_JW_KH-projekt_gra/rtl/draw_rect_char.sv [compile index 24][invocation 1]
*** Done SystemVerilog build [1s.416ms] ***
*** Start mixed mode extension build ***
Performing mixed post full build step (VLOG - RI) [5 ms] ...
*** Warning: UNSPECIFIED_TOP: Please specify a -top module/entity/configuration in the project build file
*** Top design candidates: work.top_airhockey_basys3, work.draw_rect_ctl_tb, work.top_fpga_tb, work.top_vga_tb, work.vga_timing_tb
Performing mixed post full build step (MIXED - ELAB) [890 ms] ...
Performing mixed post full build step (MIXED - UNEL) [153 ms] ...
*** Warning: UNDECLARED_MODULE: Module 'IBUF' is not declared
    at line 82 in /home/student/jwojciechowska/Desktop/projekt_cymbergaj_JW_KH-projekt_gra/fpga/rtl/clk_wiz_0_clk_wiz.v [compile index 2]
*** Warning: UNDECLARED_MODULE: Module 'MMCME2_ADV' is not declared
    at line 129 in /home/student/jwojciechowska/Desktop/projekt_cymbergaj_JW_KH-projekt_gra/fpga/rtl/clk_wiz_0_clk_wiz.v [compile index 2]
*** Warning: UNDECLARED_MODULE: Module 'BUFG' is not declared
    at line 198 in /home/student/jwojciechowska/Desktop/projekt_cymbergaj_JW_KH-projekt_gra/fpga/rtl/clk_wiz_0_clk_wiz.v [compile index 2]
*** Warning: UNDECLARED_MODULE: Module 'BUFGCE' is not declared
    at line 208 in /home/student/jwojciechowska/Desktop/projekt_cymbergaj_JW_KH-projekt_gra/fpga/rtl/clk_wiz_0_clk_wiz.v [compile index 2]
*** Warning: UNDECLARED_MODULE: Module 'BUFH' is not declared
    at line 213 in /home/student/jwojciechowska/Desktop/projekt_cymbergaj_JW_KH-projekt_gra/fpga/rtl/clk_wiz_0_clk_wiz.v [compile index 2]
*** Warning: UNDECLARED_MODULE: Module 'BUFGCE' is not declared
    at line 220 in /home/student/jwojciechowska/Desktop/projekt_cymbergaj_JW_KH-projekt_gra/fpga/rtl/clk_wiz_0_clk_wiz.v [compile index 2]
*** Warning: UNDECLARED_MODULE: Module 'BUFH' is not declared
    at line 225 in /home/student/jwojciechowska/Desktop/projekt_cymbergaj_JW_KH-projekt_gra/fpga/rtl/clk_wiz_0_clk_wiz.v [compile index 2]
*** Warning: UNDECLARED_MODULE: Module 'ODDR' is not declared
    at line 58 in /home/student/jwojciechowska/Desktop/projekt_cymbergaj_JW_KH-projekt_gra/fpga/rtl/top_airhockey_basys3.sv [compile index 3]
*** Error: NON_EXISTING_PARAMETER: Non existing parameter 'EXCLUDED_MAX_X' of type 'paddle_ctl'
    at line 455 in /home/student/jwojciechowska/Desktop/projekt_cymbergaj_JW_KH-projekt_gra/rtl/top_airhockey.sv [compile index 55]
*** Error: NON_EXISTING_PARAMETER: Non existing parameter 'TIGHTEN_MAX' of type 'paddle_ctl'
    at line 456 in /home/student/jwojciechowska/Desktop/projekt_cymbergaj_JW_KH-projekt_gra/rtl/top_airhockey.sv [compile index 55]
*** Error: NON_EXISTING_PORT: Non existing port 'exclude_center' of module 'paddle_ctl'
    at line 460 in /home/student/jwojciechowska/Desktop/projekt_cymbergaj_JW_KH-projekt_gra/rtl/top_airhockey.sv [compile index 55]
*** Error: NON_EXISTING_PARAMETER: Non existing parameter 'EXCLUDED_MIN_X' of type 'paddle_ctl'
    at line 472 in /home/student/jwojciechowska/Desktop/projekt_cymbergaj_JW_KH-projekt_gra/rtl/top_airhockey.sv [compile index 55]
*** Error: NON_EXISTING_PARAMETER: Non existing parameter 'TIGHTEN_MIN' of type 'paddle_ctl'
    at line 473 in /home/student/jwojciechowska/Desktop/projekt_cymbergaj_JW_KH-projekt_gra/rtl/top_airhockey.sv [compile index 55]
*** Error: NON_EXISTING_PORT: Non existing port 'exclude_center' of module 'paddle_ctl'
    at line 477 in /home/student/jwojciechowska/Desktop/projekt_cymbergaj_JW_KH-projekt_gra/rtl/top_airhockey.sv [compile index 55]
*** Warning: UNDECLARED_MODULE: Module 'MouseCtl' is not declared
    at line 230 in /home/student/jwojciechowska/Desktop/projekt_cymbergaj_JW_KH-projekt_gra/rtl/top_airhockey.sv [compile index 55]
*** Warning: UNDECLARED_MODULE: Module 'MouseDisplay' is not declared
    at line 29 in /home/student/jwojciechowska/Desktop/projekt_cymbergaj_JW_KH-projekt_gra/rtl/draw_mouse.sv [compile index 22]
*** Error: NON_EXISTING_PORT: Non existing port 'clk40MHz' of module 'clk_wiz_0'
    at line 58 in /home/student/jwojciechowska/Desktop/projekt_cymbergaj_JW_KH-projekt_gra/fpga/rtl/top_vga_basys3.sv [compile index 4]
*** Warning: UNDECLARED_MODULE: Module 'ODDR' is not declared
    at line 66 in /home/student/jwojciechowska/Desktop/projekt_cymbergaj_JW_KH-projekt_gra/fpga/rtl/top_vga_basys3.sv [compile index 4]
*** Warning: MISSING_PORT_CONNECTION: Instance 'u_clk_wiz' of module 'clk_wiz_0' is missing port connection to output 'clk_pix'
    at line 56 in /home/student/jwojciechowska/Desktop/projekt_cymbergaj_JW_KH-projekt_gra/fpga/rtl/top_vga_basys3.sv [compile index 4]
*** Warning: UNDECLARED_MODULE: Module 'MouseCtl' is not declared
    at line 116 in /home/student/jwojciechowska/Desktop/projekt_cymbergaj_JW_KH-projekt_gra/rtl/top_vga.sv [compile index 52]
*** Warning: MISSING_PORT_CONNECTION: Instance 'u_draw_rect' of module 'draw_rect' is missing port connection to input 'active'
    at line 202 in /home/student/jwojciechowska/Desktop/projekt_cymbergaj_JW_KH-projekt_gra/rtl/top_vga.sv [compile index 52]
*** Warning: MISSING_PORT_CONNECTION: Instance 'u_draw_mouse' of module 'draw_mouse' is missing port connection to input 'active'
    at line 212 in /home/student/jwojciechowska/Desktop/projekt_cymbergaj_JW_KH-projekt_gra/rtl/top_vga.sv [compile index 52]
*** Warning: MISSING_PORT_CONNECTION: Instance 'u_draw_rect_char' of module 'draw_rect_char' is missing port connection to input 'active'
    at line 228 in /home/student/jwojciechowska/Desktop/projekt_cymbergaj_JW_KH-projekt_gra/rtl/top_vga.sv [compile index 52]
*** Warning: MISSING_PORT_CONNECTION: Instance 'dut' of module 'top_vga_basys3' is missing port connection to inout 'PS2Clk, PS2Data'
    at line 61 in /home/student/jwojciechowska/Desktop/projekt_cymbergaj_JW_KH-projekt_gra/sim/top_fpga/top_fpga_tb.sv [compile index 45]
*** Warning: MISSING_PORT_CONNECTION: Instance 'dut' of module 'top_vga' is missing port connection to inout 'ps2_clk, ps2_data'
    at line 60 in /home/student/jwojciechowska/Desktop/projekt_cymbergaj_JW_KH-projekt_gra/sim/top_vga/top_vga_tb.sv [compile index 46]
*** Warning: MISSING_PORT_CONNECTION: Instance 'dut' of module 'top_vga' is missing port connection to input 'clk100MHz'
    at line 60 in /home/student/jwojciechowska/Desktop/projekt_cymbergaj_JW_KH-projekt_gra/sim/top_vga/top_vga_tb.sv [compile index 46]
*** Error: SELECT_NOT_ALLOWED: Select expression for variable 'scaled_x_d2' not allowed
    at line 76 in /home/student/jwojciechowska/Desktop/projekt_cymbergaj_JW_KH-projekt_gra/rtl/draw_rect_char.sv [compile index 24]
*** Warning: WIDTH_MISMATCH_TRUNCATION: Assignment to 'pixel_x' of '1-bit' type from 'scaled_x_d2[2 : 0]' of '3-bit' type
    at line 76 in /home/student/jwojciechowska/Desktop/projekt_cymbergaj_JW_KH-projekt_gra/rtl/draw_rect_char.sv [compile index 24]
*** Warning: ASSIGNMENT_BLOCKING: Blocking assignment of 'v_before' in sequential logic (use non-blocking assignment)
    at line 113 in /home/student/jwojciechowska/Desktop/projekt_cymbergaj_JW_KH-projekt_gra/sim/draw_rect_ctl/draw_rect_ctl.sv [compile index 42]
*** Warning: ASSIGNMENT_BLOCKING: Blocking assignment of 'v_next' in sequential logic (use non-blocking assignment)
    at line 115 in /home/student/jwojciechowska/Desktop/projekt_cymbergaj_JW_KH-projekt_gra/sim/draw_rect_ctl/draw_rect_ctl.sv [compile index 42]
*** Warning: ASSIGNMENT_BLOCKING: Blocking assignment of 'y_next' in sequential logic (use non-blocking assignment)
    at line 116 in /home/student/jwojciechowska/Desktop/projekt_cymbergaj_JW_KH-projekt_gra/sim/draw_rect_ctl/draw_rect_ctl.sv [compile index 42]
*** Warning: ASSIGNMENT_BLOCKING: Blocking assignment of 'y_next' in sequential logic (use non-blocking assignment)
    at line 119 in /home/student/jwojciechowska/Desktop/projekt_cymbergaj_JW_KH-projekt_gra/sim/draw_rect_ctl/draw_rect_ctl.sv [compile index 42]
*** Warning: ASSIGNMENT_BLOCKING: Blocking assignment of 'v_next' in sequential logic (use non-blocking assignment)
    at line 121 in /home/student/jwojciechowska/Desktop/projekt_cymbergaj_JW_KH-projekt_gra/sim/draw_rect_ctl/draw_rect_ctl.sv [compile index 42]
*** Warning: ASSIGNMENT_BLOCKING: Blocking assignment of 'v_next' in sequential logic (use non-blocking assignment)
    at line 124 in /home/student/jwojciechowska/Desktop/projekt_cymbergaj_JW_KH-projekt_gra/sim/draw_rect_ctl/draw_rect_ctl.sv [compile index 42]
*** Warning: WIDTH_MISMATCH_TRUNCATION: Assignment to 'SPEED_MAX_S' of '13-bit' type from 'PUCK_SPEED_MAX' of '32-bit' type
    at line 45 in /home/student/jwojciechowska/Desktop/projekt_cymbergaj_JW_KH-projekt_gra/rtl/game/puck_ctl.sv [compile index 60]
*** Warning: WIDTH_MISMATCH_TRUNCATION: Assignment to 'ny' of '13-bit' type from 'TABLE_Y0' of '32-bit' type
    at line 108 in /home/student/jwojciechowska/Desktop/projekt_cymbergaj_JW_KH-projekt_gra/rtl/game/puck_ctl.sv [compile index 60]
*** Warning: WIDTH_MISMATCH_TRUNCATION: Assignment to 'nx' of '13-bit' type from 'TABLE_X0' of '32-bit' type
    at line 146 in /home/student/jwojciechowska/Desktop/projekt_cymbergaj_JW_KH-projekt_gra/rtl/game/puck_ctl.sv [compile index 60]
*** Warning: UNELABORATED_MODULE: Module 'work.btn_edge' is not elaborated
    at line 9 in /home/student/jwojciechowska/Desktop/projekt_cymbergaj_JW_KH-projekt_gra/rtl/btn_edge.sv [compile index 5]
*** Warning: UNELABORATED_MODULE: Module 'work.char_rom' is not elaborated
    at line 1 in /home/student/jwojciechowska/Desktop/projekt_cymbergaj_JW_KH-projekt_gra/rtl/char_rom.sv [compile index 6]
*** Warning: UNELABORATED_MODULE: Module 'work.rst_ctl' is not elaborated
    at line 9 in /home/student/jwojciechowska/Desktop/projekt_cymbergaj_JW_KH-projekt_gra/rtl/common/rst_ctl.sv [compile index 10]
*** Warning: UNELABORATED_MODULE: Module 'work.draw_button' is not elaborated
    at line 11 in /home/student/jwojciechowska/Desktop/projekt_cymbergaj_JW_KH-projekt_gra/rtl/draw/draw_button.sv [compile index 12]
*** Warning: UNELABORATED_MODULE: Module 'work.draw_circle' is not elaborated
    at line 10 in /home/student/jwojciechowska/Desktop/projekt_cymbergaj_JW_KH-projekt_gra/rtl/draw/draw_circle.sv [compile index 13]
*** Warning: UNELABORATED_MODULE: Module 'work.draw_digit' is not elaborated
    at line 10 in /home/student/jwojciechowska/Desktop/projekt_cymbergaj_JW_KH-projekt_gra/rtl/draw/draw_digit.sv [compile index 14]
*** Warning: UNELABORATED_MODULE: Module 'work.draw_mouse' is not elaborated
    at line 1 in /home/student/jwojciechowska/Desktop/projekt_cymbergaj_JW_KH-projekt_gra/rtl/draw/draw_mouse.sv [compile index 16]
*** Warning: UNELABORATED_MODULE: Module 'work.draw_rect_char' is not elaborated
    at line 9 in /home/student/jwojciechowska/Desktop/projekt_cymbergaj_JW_KH-projekt_gra/rtl/draw/draw_rect_char.sv [compile index 17]
*** Warning: UNELABORATED_MODULE: Module 'work.font_rom' is not elaborated
    at line 10 in /home/student/jwojciechowska/Desktop/projekt_cymbergaj_JW_KH-projekt_gra/rtl/draw/font_rom.sv [compile index 18]
*** Warning: UNELABORATED_MODULE: Module 'work.draw_rect_ctl' is not elaborated
    at line 7 in /home/student/jwojciechowska/Desktop/projekt_cymbergaj_JW_KH-projekt_gra/rtl/draw_rect_ctl.sv [compile index 25]
*** Warning: ASSIGNMENT_BLOCKING: Blocking assignment of 'v_before' in sequential logic (use non-blocking assignment)
    at line 119 in /home/student/jwojciechowska/Desktop/projekt_cymbergaj_JW_KH-projekt_gra/rtl/draw_rect_ctl.sv [compile index 25]
*** Warning: ASSIGNMENT_BLOCKING: Blocking assignment of 'v_next' in sequential logic (use non-blocking assignment)
    at line 121 in /home/student/jwojciechowska/Desktop/projekt_cymbergaj_JW_KH-projekt_gra/rtl/draw_rect_ctl.sv [compile index 25]
*** Warning: ASSIGNMENT_BLOCKING: Blocking assignment of 'y_next' in sequential logic (use non-blocking assignment)
    at line 122 in /home/student/jwojciechowska/Desktop/projekt_cymbergaj_JW_KH-projekt_gra/rtl/draw_rect_ctl.sv [compile index 25]
*** Warning: ASSIGNMENT_BLOCKING: Blocking assignment of 'y_next' in sequential logic (use non-blocking assignment)
    at line 125 in /home/student/jwojciechowska/Desktop/projekt_cymbergaj_JW_KH-projekt_gra/rtl/draw_rect_ctl.sv [compile index 25]
*** Warning: ASSIGNMENT_BLOCKING: Blocking assignment of 'v_next' in sequential logic (use non-blocking assignment)
    at line 127 in /home/student/jwojciechowska/Desktop/projekt_cymbergaj_JW_KH-projekt_gra/rtl/draw_rect_ctl.sv [compile index 25]
*** Warning: ASSIGNMENT_BLOCKING: Blocking assignment of 'v_next' in sequential logic (use non-blocking assignment)
    at line 130 in /home/student/jwojciechowska/Desktop/projekt_cymbergaj_JW_KH-projekt_gra/rtl/draw_rect_ctl.sv [compile index 25]
*** Warning: UNELABORATED_MODULE: Module 'work.draw_sprite' is not elaborated
    at line 9 in /home/student/jwojciechowska/Desktop/projekt_cymbergaj_JW_KH-projekt_gra/rtl/draw_sprite.sv [compile index 26]
*** Warning: UNELABORATED_MODULE: Module 'work.frame_tick_gen' is not elaborated
    at line 10 in /home/student/jwojciechowska/Desktop/projekt_cymbergaj_JW_KH-projekt_gra/rtl/frame_tick_gen.sv [compile index 28]
*** Warning: UNELABORATED_MODULE: Module 'work.menu_ctl' is not elaborated
    at line 9 in /home/student/jwojciechowska/Desktop/projekt_cymbergaj_JW_KH-projekt_gra/rtl/game/menu_ctl.sv [compile index 29]
*** Warning: UNELABORATED_MODULE: Module 'work.paddle_ctl' is not elaborated
    at line 10 in /home/student/jwojciechowska/Desktop/projekt_cymbergaj_JW_KH-projekt_gra/rtl/game/paddle_ctl.sv [compile index 30]
*** Warning: UNELABORATED_MODULE: Module 'work.score_ctl' is not elaborated
    at line 11 in /home/student/jwojciechowska/Desktop/projekt_cymbergaj_JW_KH-projekt_gra/rtl/game/score_ctl.sv [compile index 31]
*** Warning: UNELABORATED_MODULE: Module 'work.settings_ctl' is not elaborated
    at line 14 in /home/student/jwojciechowska/Desktop/projekt_cymbergaj_JW_KH-projekt_gra/rtl/settings_ctl.sv [compile index 37]
*** Warning: UNELABORATED_INTERFACE: Interface 'work.vga_if' is not elaborated
    at line 1 in /home/student/jwojciechowska/Desktop/projekt_cymbergaj_JW_KH-projekt_gra/rtl/vga/vga_if.sv [compile index 39]
*** Warning: UNELABORATED_MODULE: Module 'work.vga_timing' is not elaborated
    at line 11 in /home/student/jwojciechowska/Desktop/projekt_cymbergaj_JW_KH-projekt_gra/rtl/vga_timing.sv [compile index 50]
*** Warning: UNELABORATED_MODULE: Module 'work.puck_ctl' is not elaborated
    at line 21 in /home/student/jwojciechowska/Desktop/projekt_cymbergaj_JW_KH-projekt_gra/rtl/puck_ctl.sv [compile index 56]
*** Warning: UNELABORATED_MODULE: Module 'work.paddle2_ai' is not elaborated
    at line 10 in /home/student/jwojciechowska/Desktop/projekt_cymbergaj_JW_KH-projekt_gra/rtl/paddle2_ai.sv [compile index 57]
*** Warning: UNELABORATED_MODULE: Module 'work.game_fsm' is not elaborated
    at line 17 in /home/student/jwojciechowska/Desktop/projekt_cymbergaj_JW_KH-projekt_gra/rtl/game_fsm.sv [compile index 58]
*** Warning: UNELABORATED_MODULE: Module 'work.draw_rink' is not elaborated
    at line 12 in /home/student/jwojciechowska/Desktop/projekt_cymbergaj_JW_KH-projekt_gra/rtl/draw_rink.sv [compile index 63]
*** Warning: UNELABORATED_MODULE: Module 'work.draw_bg' is not elaborated
    at line 11 in /home/student/jwojciechowska/Desktop/projekt_cymbergaj_JW_KH-projekt_gra/rtl/draw_bg.sv [compile index 67]
*** Warning: UNELABORATED_MODULE: Module 'work.glbl' is not elaborated
    at line 6 in /home/student/jwojciechowska/Desktop/projekt_cymbergaj_JW_KH-projekt_gra/sim/common/glbl.v [compile index 69]
Performing mixed post full build step (VLOG - RD) [10 ms] ...
Performing mixed post full build step (VLOG - FSC) [51 ms] ...
Performing mixed post full build step (VLOG - EV) [51 ms] ...
Performing mixed post full build step (VLOG - ELPC) [2 ms] ...
Performing mixed post full build step (VLOG - US) [200 ms] ...
*** Warning: DUPLICATE_MODULE: Duplicate module 'btn_edge', already declared
    at line 9 in /home/student/jwojciechowska/Desktop/projekt_cymbergaj_JW_KH-projekt_gra/rtl/btn_edge.sv
    at line 9 in /home/student/jwojciechowska/Desktop/projekt_cymbergaj_JW_KH-projekt_gra/rtl/common/btn_edge.sv [compile index 9]
*** Warning: DUPLICATE_MODULE: Duplicate module 'char_rom', already declared
    at line 1 in /home/student/jwojciechowska/Desktop/projekt_cymbergaj_JW_KH-projekt_gra/rtl/char_rom.sv
    at line 1 in /home/student/jwojciechowska/Desktop/projekt_cymbergaj_JW_KH-projekt_gra/rtl/draw/char_rom.sv [compile index 11]
*** Warning: DUPLICATE_MODULE: Duplicate module 'rst_ctl', already declared
    at line 9 in /home/student/jwojciechowska/Desktop/projekt_cymbergaj_JW_KH-projekt_gra/rtl/common/rst_ctl.sv
    at line 10 in /home/student/jwojciechowska/Desktop/projekt_cymbergaj_JW_KH-projekt_gra/rtl/rst_ctl.sv [compile index 35]
*** Warning: DUPLICATE_MODULE: Duplicate module 'draw_button', already declared
    at line 11 in /home/student/jwojciechowska/Desktop/projekt_cymbergaj_JW_KH-projekt_gra/rtl/draw/draw_button.sv
    at line 11 in /home/student/jwojciechowska/Desktop/projekt_cymbergaj_JW_KH-projekt_gra/rtl/draw_button.sv [compile index 19]
*** Warning: DUPLICATE_MODULE: Duplicate module 'draw_circle', already declared
    at line 10 in /home/student/jwojciechowska/Desktop/projekt_cymbergaj_JW_KH-projekt_gra/rtl/draw/draw_circle.sv
    at line 10 in /home/student/jwojciechowska/Desktop/projekt_cymbergaj_JW_KH-projekt_gra/rtl/draw_circle.sv [compile index 20]
*** Warning: DUPLICATE_MODULE: Duplicate module 'draw_digit', already declared
    at line 10 in /home/student/jwojciechowska/Desktop/projekt_cymbergaj_JW_KH-projekt_gra/rtl/draw/draw_digit.sv
    at line 10 in /home/student/jwojciechowska/Desktop/projekt_cymbergaj_JW_KH-projekt_gra/rtl/draw_digit.sv [compile index 21]
*** Warning: DUPLICATE_MODULE: Duplicate module 'draw_mouse', already declared
    at line 1 in /home/student/jwojciechowska/Desktop/projekt_cymbergaj_JW_KH-projekt_gra/rtl/draw/draw_mouse.sv
    at line 11 in /home/student/jwojciechowska/Desktop/projekt_cymbergaj_JW_KH-projekt_gra/rtl/draw_mouse.sv [compile index 22]
*** Warning: DUPLICATE_MODULE: Duplicate module 'draw_rect_char', already declared
    at line 9 in /home/student/jwojciechowska/Desktop/projekt_cymbergaj_JW_KH-projekt_gra/rtl/draw/draw_rect_char.sv
    at line 9 in /home/student/jwojciechowska/Desktop/projekt_cymbergaj_JW_KH-projekt_gra/rtl/draw_rect_char.sv [compile index 24]
*** Warning: DUPLICATE_MODULE: Duplicate module 'font_rom', already declared
    at line 10 in /home/student/jwojciechowska/Desktop/projekt_cymbergaj_JW_KH-projekt_gra/rtl/draw/font_rom.sv
    at line 10 in /home/student/jwojciechowska/Desktop/projekt_cymbergaj_JW_KH-projekt_gra/rtl/font_rom.sv [compile index 27]
*** Warning: DUPLICATE_MODULE: Duplicate module 'draw_rect_ctl', already declared
    at line 7 in /home/student/jwojciechowska/Desktop/projekt_cymbergaj_JW_KH-projekt_gra/rtl/draw_rect_ctl.sv
    at line 1 in /home/student/jwojciechowska/Desktop/projekt_cymbergaj_JW_KH-projekt_gra/sim/draw_rect_ctl/draw_rect_ctl.sv [compile index 42]
*** Warning: DUPLICATE_MODULE: Duplicate module 'frame_tick_gen', already declared
    at line 10 in /home/student/jwojciechowska/Desktop/projekt_cymbergaj_JW_KH-projekt_gra/rtl/frame_tick_gen.sv
    at line 10 in /home/student/jwojciechowska/Desktop/projekt_cymbergaj_JW_KH-projekt_gra/rtl/vga/frame_tick_gen.sv [compile index 38]
*** Warning: DUPLICATE_MODULE: Duplicate module 'menu_ctl', already declared
    at line 9 in /home/student/jwojciechowska/Desktop/projekt_cymbergaj_JW_KH-projekt_gra/rtl/game/menu_ctl.sv
    at line 10 in /home/student/jwojciechowska/Desktop/projekt_cymbergaj_JW_KH-projekt_gra/rtl/menu_ctl.sv [compile index 33]
*** Warning: DUPLICATE_MODULE: Duplicate module 'paddle_ctl', already declared
    at line 10 in /home/student/jwojciechowska/Desktop/projekt_cymbergaj_JW_KH-projekt_gra/rtl/game/paddle_ctl.sv
    at line 10 in /home/student/jwojciechowska/Desktop/projekt_cymbergaj_JW_KH-projekt_gra/rtl/paddle_ctl.sv [compile index 34]
*** Warning: DUPLICATE_MODULE: Duplicate module 'score_ctl', already declared
    at line 11 in /home/student/jwojciechowska/Desktop/projekt_cymbergaj_JW_KH-projekt_gra/rtl/game/score_ctl.sv
    at line 11 in /home/student/jwojciechowska/Desktop/projekt_cymbergaj_JW_KH-projekt_gra/rtl/score_ctl.sv [compile index 36]
*** Warning: DUPLICATE_MODULE: Duplicate module 'settings_ctl', already declared
    at line 14 in /home/student/jwojciechowska/Desktop/projekt_cymbergaj_JW_KH-projekt_gra/rtl/settings_ctl.sv
    at line 15 in /home/student/jwojciechowska/Desktop/projekt_cymbergaj_JW_KH-projekt_gra/rtl/game/settings_ctl.sv [compile index 59]
*** Warning: DUPLICATE_INTERFACE: Duplicate interface 'vga_if', already declared
    at line 1 in /home/student/jwojciechowska/Desktop/projekt_cymbergaj_JW_KH-projekt_gra/rtl/vga/vga_if.sv
    at line 1 in /home/student/jwojciechowska/Desktop/projekt_cymbergaj_JW_KH-projekt_gra/rtl/vga_if.sv [compile index 40]
*** Warning: DUPLICATE_PACKAGE: Duplicate package 'vga_pkg', already declared
    at line 10 in /home/student/jwojciechowska/Desktop/projekt_cymbergaj_JW_KH-projekt_gra/rtl/vga/vga_pkg.sv
    at line 10 in /home/student/jwojciechowska/Desktop/projekt_cymbergaj_JW_KH-projekt_gra/rtl/vga_pkg.sv [compile index 48]
*** Warning: DUPLICATE_MODULE: Duplicate module 'vga_timing', already declared
    at line 11 in /home/student/jwojciechowska/Desktop/projekt_cymbergaj_JW_KH-projekt_gra/rtl/vga_timing.sv
    at line 11 in /home/student/jwojciechowska/Desktop/projekt_cymbergaj_JW_KH-projekt_gra/rtl/vga/vga_timing.sv [compile index 51]
*** Warning: DUPLICATE_PACKAGE: Duplicate package 'game_pkg', already declared
    at line 8 in /home/student/jwojciechowska/Desktop/projekt_cymbergaj_JW_KH-projekt_gra/rtl/game_pkg.sv
    at line 9 in /home/student/jwojciechowska/Desktop/projekt_cymbergaj_JW_KH-projekt_gra/rtl/game/game_pkg.sv [compile index 54]
*** Warning: DUPLICATE_MODULE: Duplicate module 'puck_ctl', already declared
    at line 21 in /home/student/jwojciechowska/Desktop/projekt_cymbergaj_JW_KH-projekt_gra/rtl/puck_ctl.sv
    at line 20 in /home/student/jwojciechowska/Desktop/projekt_cymbergaj_JW_KH-projekt_gra/rtl/game/puck_ctl.sv [compile index 60]
*** Warning: DUPLICATE_MODULE: Duplicate module 'paddle2_ai', already declared
    at line 10 in /home/student/jwojciechowska/Desktop/projekt_cymbergaj_JW_KH-projekt_gra/rtl/paddle2_ai.sv
    at line 10 in /home/student/jwojciechowska/Desktop/projekt_cymbergaj_JW_KH-projekt_gra/rtl/game/paddle2_ai.sv [compile index 61]
*** Warning: DUPLICATE_MODULE: Duplicate module 'game_fsm', already declared
    at line 17 in /home/student/jwojciechowska/Desktop/projekt_cymbergaj_JW_KH-projekt_gra/rtl/game_fsm.sv
    at line 19 in /home/student/jwojciechowska/Desktop/projekt_cymbergaj_JW_KH-projekt_gra/rtl/game/game_fsm.sv [compile index 62]
*** Warning: DUPLICATE_MODULE: Duplicate module 'draw_rink', already declared
    at line 12 in /home/student/jwojciechowska/Desktop/projekt_cymbergaj_JW_KH-projekt_gra/rtl/draw_rink.sv
    at line 12 in /home/student/jwojciechowska/Desktop/projekt_cymbergaj_JW_KH-projekt_gra/rtl/draw/draw_rink.sv [compile index 64]
*** Warning: DUPLICATE_MODULE: Duplicate module 'draw_bg', already declared
    at line 11 in /home/student/jwojciechowska/Desktop/projekt_cymbergaj_JW_KH-projekt_gra/rtl/draw_bg.sv
    at line 11 in /home/student/jwojciechowska/Desktop/projekt_cymbergaj_JW_KH-projekt_gra/rtl/draw/draw_bg.sv [compile index 68]
*** Warning: SIGNAL_NEVER_USED: Signal 'clk_in2_clk_wiz_0' is never used
    at line 81 in /home/student/jwojciechowska/Desktop/projekt_cymbergaj_JW_KH-projekt_gra/fpga/rtl/clk_wiz_0_clk_wiz.v [compile index 2]
*** Warning: SIGNAL_NEVER_USED: Signal 'clk_out3_clk_wiz_0' is never used
    at line 98 in /home/student/jwojciechowska/Desktop/projekt_cymbergaj_JW_KH-projekt_gra/fpga/rtl/clk_wiz_0_clk_wiz.v [compile index 2]
*** Warning: SIGNAL_NEVER_USED: Signal 'clk_out4_clk_wiz_0' is never used
    at line 99 in /home/student/jwojciechowska/Desktop/projekt_cymbergaj_JW_KH-projekt_gra/fpga/rtl/clk_wiz_0_clk_wiz.v [compile index 2]
*** Warning: SIGNAL_NEVER_USED: Signal 'clk_out5_clk_wiz_0' is never used
    at line 100 in /home/student/jwojciechowska/Desktop/projekt_cymbergaj_JW_KH-projekt_gra/fpga/rtl/clk_wiz_0_clk_wiz.v [compile index 2]
*** Warning: SIGNAL_NEVER_USED: Signal 'clk_out6_clk_wiz_0' is never used
    at line 101 in /home/student/jwojciechowska/Desktop/projekt_cymbergaj_JW_KH-projekt_gra/fpga/rtl/clk_wiz_0_clk_wiz.v [compile index 2]
*** Warning: SIGNAL_NEVER_USED: Signal 'clk_out7_clk_wiz_0' is never used
    at line 102 in /home/student/jwojciechowska/Desktop/projekt_cymbergaj_JW_KH-projekt_gra/fpga/rtl/clk_wiz_0_clk_wiz.v [compile index 2]
*** Warning: IMPLICIT_DECLARATION: Implicit declaration of 'clk100MHz_clk_wiz_0_en_clk' using `default_nettype set to wire
    at line 214 in /home/student/jwojciechowska/Desktop/projekt_cymbergaj_JW_KH-projekt_gra/fpga/rtl/clk_wiz_0_clk_wiz.v [compile index 2]
*** Warning: INTERNAL_GENERATED_CLOCK: Clock signal 'clk100MHz_clk_wiz_0_en_clk' is not an input port
    at line 216 in /home/student/jwojciechowska/Desktop/projekt_cymbergaj_JW_KH-projekt_gra/fpga/rtl/clk_wiz_0_clk_wiz.v [compile index 2]
*** Warning: IMPLICIT_DECLARATION: Implicit declaration of 'clk_pix_clk_wiz_0_en_clk' using `default_nettype set to wire
    at line 226 in /home/student/jwojciechowska/Desktop/projekt_cymbergaj_JW_KH-projekt_gra/fpga/rtl/clk_wiz_0_clk_wiz.v [compile index 2]
*** Warning: INTERNAL_GENERATED_CLOCK: Clock signal 'clk_pix_clk_wiz_0_en_clk' is not an input port
    at line 229 in /home/student/jwojciechowska/Desktop/projekt_cymbergaj_JW_KH-projekt_gra/fpga/rtl/clk_wiz_0_clk_wiz.v [compile index 2]
*** Warning: SIGNAL_NEVER_READ: Signal 'locked' is never read (connected to sub-instance output port)
    at line 35 in /home/student/jwojciechowska/Desktop/projekt_cymbergaj_JW_KH-projekt_gra/fpga/rtl/top_airhockey_basys3.sv [compile index 3]
*** Warning: SIGNAL_NEVER_READ: Signal 'locked' is never read (connected to sub-instance output port)
    at line 35 in /home/student/jwojciechowska/Desktop/projekt_cymbergaj_JW_KH-projekt_gra/fpga/rtl/top_vga_basys3.sv [compile index 4]
*** Warning: SIGNAL_NEVER_READ: Signal 'safe_start' is never read
    at line 40 in /home/student/jwojciechowska/Desktop/projekt_cymbergaj_JW_KH-projekt_gra/fpga/rtl/top_vga_basys3.sv [compile index 4]
*** Warning: SIGNAL_NEVER_READ: Signal 'char_xy_unused' is never read (connected to sub-instance output port)
    at line 27 in /home/student/jwojciechowska/Desktop/projekt_cymbergaj_JW_KH-projekt_gra/rtl/draw/draw_digit.sv [compile index 14]
*** Warning: SIGNAL_NEVER_READ: Signal 'char_xy_unused' is never read (connected to sub-instance output port)
    at line 27 in /home/student/jwojciechowska/Desktop/projekt_cymbergaj_JW_KH-projekt_gra/rtl/draw_digit.sv [compile index 21]
*** Warning: SIGNAL_NOT_RESET: Signal 'hcount_d1' is not reset
    at line 56 in /home/student/jwojciechowska/Desktop/projekt_cymbergaj_JW_KH-projekt_gra/rtl/draw/draw_rect_char.sv [compile index 17]
*** Warning: SIGNAL_NOT_RESET: Signal 'vcount_d1' is not reset
    at line 56 in /home/student/jwojciechowska/Desktop/projekt_cymbergaj_JW_KH-projekt_gra/rtl/draw/draw_rect_char.sv [compile index 17]
*** Warning: SIGNAL_NOT_RESET: Signal 'rgb_d1' is not reset
    at line 59 in /home/student/jwojciechowska/Desktop/projekt_cymbergaj_JW_KH-projekt_gra/rtl/draw/draw_rect_char.sv [compile index 17]
*** Warning: SIGNAL_NOT_RESET: Signal 'hcount_d2' is not reset
    at line 61 in /home/student/jwojciechowska/Desktop/projekt_cymbergaj_JW_KH-projekt_gra/rtl/draw/draw_rect_char.sv [compile index 17]
*** Warning: SIGNAL_NOT_RESET: Signal 'vcount_d2' is not reset
    at line 61 in /home/student/jwojciechowska/Desktop/projekt_cymbergaj_JW_KH-projekt_gra/rtl/draw/draw_rect_char.sv [compile index 17]
*** Warning: SIGNAL_NOT_RESET: Signal 'rgb_d2' is not reset
    at line 64 in /home/student/jwojciechowska/Desktop/projekt_cymbergaj_JW_KH-projekt_gra/rtl/draw/draw_rect_char.sv [compile index 17]
*** Error: ILLEGAL_VARIABLE_ASSIGNMENTS: Variable 'local_x' written by more than one continuous assignment
    at line 28 in /home/student/jwojciechowska/Desktop/projekt_cymbergaj_JW_KH-projekt_gra/rtl/draw_rect_char.sv [compile index 24]
*** Error: ILLEGAL_VARIABLE_ASSIGNMENTS: Variable 'local_y' written by more than one continuous assignment
    at line 29 in /home/student/jwojciechowska/Desktop/projekt_cymbergaj_JW_KH-projekt_gra/rtl/draw_rect_char.sv [compile index 24]
*** Warning: SIGNAL_NEVER_USED: Signal 'scaled_x' is never used
    at line 30 in /home/student/jwojciechowska/Desktop/projekt_cymbergaj_JW_KH-projekt_gra/rtl/draw_rect_char.sv [compile index 24]
*** Warning: SIGNAL_NEVER_USED: Signal 'scaled_y' is never used
    at line 31 in /home/student/jwojciechowska/Desktop/projekt_cymbergaj_JW_KH-projekt_gra/rtl/draw_rect_char.sv [compile index 24]
*** Warning: SIGNAL_NOT_RESET: Signal 'hcount_d1' is not reset
    at line 56 in /home/student/jwojciechowska/Desktop/projekt_cymbergaj_JW_KH-projekt_gra/rtl/draw_rect_char.sv [compile index 24]
*** Warning: SIGNAL_NOT_RESET: Signal 'vcount_d1' is not reset
    at line 56 in /home/student/jwojciechowska/Desktop/projekt_cymbergaj_JW_KH-projekt_gra/rtl/draw_rect_char.sv [compile index 24]
*** Warning: SIGNAL_NOT_RESET: Signal 'rgb_d1' is not reset
    at line 59 in /home/student/jwojciechowska/Desktop/projekt_cymbergaj_JW_KH-projekt_gra/rtl/draw_rect_char.sv [compile index 24]
*** Warning: SIGNAL_NOT_RESET: Signal 'hcount_d2' is not reset
    at line 61 in /home/student/jwojciechowska/Desktop/projekt_cymbergaj_JW_KH-projekt_gra/rtl/draw_rect_char.sv [compile index 24]
*** Warning: SIGNAL_NOT_RESET: Signal 'vcount_d2' is not reset
    at line 61 in /home/student/jwojciechowska/Desktop/projekt_cymbergaj_JW_KH-projekt_gra/rtl/draw_rect_char.sv [compile index 24]
*** Warning: SIGNAL_NOT_RESET: Signal 'rgb_d2' is not reset
    at line 64 in /home/student/jwojciechowska/Desktop/projekt_cymbergaj_JW_KH-projekt_gra/rtl/draw_rect_char.sv [compile index 24]
*** Warning: IMPLICIT_DECLARATION: Implicit declaration of 'scaled_x_d2' using `default_nettype set to wire
    at line 74 in /home/student/jwojciechowska/Desktop/projekt_cymbergaj_JW_KH-projekt_gra/rtl/draw_rect_char.sv [compile index 24]
*** Warning: IMPLICIT_DECLARATION: Implicit declaration of 'pixel_x' using `default_nettype set to wire
    at line 76 in /home/student/jwojciechowska/Desktop/projekt_cymbergaj_JW_KH-projekt_gra/rtl/draw_rect_char.sv [compile index 24]
*** Warning: SIGNAL_NEVER_WRITTEN: Signal 'rom' is never written
    at line 27 in /home/student/jwojciechowska/Desktop/projekt_cymbergaj_JW_KH-projekt_gra/rtl/image_rom.sv [compile index 32]
*** Warning: INTERNAL_GENERATED_RESET: Reset signal 'file_open' is not an input port
    at line 388 in /home/student/jwojciechowska/Desktop/projekt_cymbergaj_JW_KH-projekt_gra/sim/common/tiff_writer.sv [compile index 41]
*** Warning: MULTIPLE_CLOCKS_BLOCK: Procedural block driven by multiple clocks (go_delayed, go)
    at line 395 in /home/student/jwojciechowska/Desktop/projekt_cymbergaj_JW_KH-projekt_gra/sim/common/tiff_writer.sv [compile index 41]
*** Warning: SIGNAL_NEVER_READ: Signal 'hs' is never read (connected to sub-instance output port)
    at line 43 in /home/student/jwojciechowska/Desktop/projekt_cymbergaj_JW_KH-projekt_gra/sim/top_fpga/top_fpga_tb.sv [compile index 45]
*** Warning: SIGNAL_NEVER_READ: Signal 'hs' is never read (connected to sub-instance output port)
    at line 42 in /home/student/jwojciechowska/Desktop/projekt_cymbergaj_JW_KH-projekt_gra/sim/top_vga/top_vga_tb.sv [compile index 46]
*** Warning: SIGNAL_NEVER_USED: Signal 'vcount_tim' is never used
    at line 79 in /home/student/jwojciechowska/Desktop/projekt_cymbergaj_JW_KH-projekt_gra/rtl/top_vga.sv [compile index 52]
*** Warning: SIGNAL_NEVER_USED: Signal 'hcount_tim' is never used
    at line 79 in /home/student/jwojciechowska/Desktop/projekt_cymbergaj_JW_KH-projekt_gra/rtl/top_vga.sv [compile index 52]
*** Warning: SIGNAL_NEVER_USED: Signal 'vsync_tim' is never used
    at line 80 in /home/student/jwojciechowska/Desktop/projekt_cymbergaj_JW_KH-projekt_gra/rtl/top_vga.sv [compile index 52]
*** Warning: SIGNAL_NEVER_USED: Signal 'hsync_tim' is never used
    at line 80 in /home/student/jwojciechowska/Desktop/projekt_cymbergaj_JW_KH-projekt_gra/rtl/top_vga.sv [compile index 52]
*** Warning: SIGNAL_NEVER_USED: Signal 'vblnk_tim' is never used
    at line 81 in /home/student/jwojciechowska/Desktop/projekt_cymbergaj_JW_KH-projekt_gra/rtl/top_vga.sv [compile index 52]
*** Warning: SIGNAL_NEVER_USED: Signal 'hblnk_tim' is never used
    at line 81 in /home/student/jwojciechowska/Desktop/projekt_cymbergaj_JW_KH-projekt_gra/rtl/top_vga.sv [compile index 52]
*** Warning: SIGNAL_NEVER_USED: Signal 'vcount_bg' is never used
    at line 84 in /home/student/jwojciechowska/Desktop/projekt_cymbergaj_JW_KH-projekt_gra/rtl/top_vga.sv [compile index 52]
*** Warning: SIGNAL_NEVER_USED: Signal 'hcount_bg' is never used
    at line 84 in /home/student/jwojciechowska/Desktop/projekt_cymbergaj_JW_KH-projekt_gra/rtl/top_vga.sv [compile index 52]
*** Warning: SIGNAL_NEVER_USED: Signal 'vsync_bg' is never used
    at line 85 in /home/student/jwojciechowska/Desktop/projekt_cymbergaj_JW_KH-projekt_gra/rtl/top_vga.sv [compile index 52]
*** Warning: SIGNAL_NEVER_USED: Signal 'hsync_bg' is never used
    at line 85 in /home/student/jwojciechowska/Desktop/projekt_cymbergaj_JW_KH-projekt_gra/rtl/top_vga.sv [compile index 52]
*** Warning: SIGNAL_NEVER_USED: Signal 'vblnk_bg' is never used
    at line 86 in /home/student/jwojciechowska/Desktop/projekt_cymbergaj_JW_KH-projekt_gra/rtl/top_vga.sv [compile index 52]
*** Warning: SIGNAL_NEVER_USED: Signal 'hblnk_bg' is never used
    at line 86 in /home/student/jwojciechowska/Desktop/projekt_cymbergaj_JW_KH-projekt_gra/rtl/top_vga.sv [compile index 52]
*** Warning: SIGNAL_NEVER_USED: Signal 'rgb_bg' is never used
    at line 87 in /home/student/jwojciechowska/Desktop/projekt_cymbergaj_JW_KH-projekt_gra/rtl/top_vga.sv [compile index 52]
*** Warning: INTERNAL_GENERATED_RESET: Reset signal 'rst' is not an input port
    at line 59 in /home/student/jwojciechowska/Desktop/projekt_cymbergaj_JW_KH-projekt_gra/rtl/top_airhockey.sv [compile index 55]
*** Warning: SIGNAL_NEVER_READ: Signal 'exclude_p1_host' is never read
    at line 128 in /home/student/jwojciechowska/Desktop/projekt_cymbergaj_JW_KH-projekt_gra/rtl/top_airhockey.sv [compile index 55]
*** Warning: SIGNAL_NEVER_READ: Signal 'exclude_p2_client' is never read
    at line 130 in /home/student/jwojciechowska/Desktop/projekt_cymbergaj_JW_KH-projekt_gra/rtl/top_airhockey.sv [compile index 55]
*** Warning: SIGNAL_NEVER_READ: Signal 'shared_btn_hover' is never read (connected to sub-instance output port)
    at line 280 in /home/student/jwojciechowska/Desktop/projekt_cymbergaj_JW_KH-projekt_gra/rtl/top_airhockey.sv [compile index 55]
*** Warning: SIGNAL_NEVER_READ: Signal 'settings_btn_hover' is never read (connected to sub-instance output port)
    at line 297 in /home/student/jwojciechowska/Desktop/projekt_cymbergaj_JW_KH-projekt_gra/rtl/top_airhockey.sv [compile index 55]
*** Warning: SIGNAL_NEVER_READ: Signal 'win_plus_hover' is never read (connected to sub-instance output port)
    at line 314 in /home/student/jwojciechowska/Desktop/projekt_cymbergaj_JW_KH-projekt_gra/rtl/top_airhockey.sv [compile index 55]
*** Warning: SIGNAL_NEVER_READ: Signal 'win_minus_hover' is never read (connected to sub-instance output port)
    at line 315 in /home/student/jwojciechowska/Desktop/projekt_cymbergaj_JW_KH-projekt_gra/rtl/top_airhockey.sv [compile index 55]
*** Warning: SIGNAL_NEVER_READ: Signal 'diff_plus_hover' is never read (connected to sub-instance output port)
    at line 347 in /home/student/jwojciechowska/Desktop/projekt_cymbergaj_JW_KH-projekt_gra/rtl/top_airhockey.sv [compile index 55]
*** Warning: SIGNAL_NEVER_READ: Signal 'diff_minus_hover' is never read (connected to sub-instance output port)
    at line 348 in /home/student/jwojciechowska/Desktop/projekt_cymbergaj_JW_KH-projekt_gra/rtl/top_airhockey.sv [compile index 55]
*** Warning: SIGNAL_NEVER_READ: Signal 'mode_plus_hover' is never read (connected to sub-instance output port)
    at line 380 in /home/student/jwojciechowska/Desktop/projekt_cymbergaj_JW_KH-projekt_gra/rtl/top_airhockey.sv [compile index 55]
*** Warning: SIGNAL_NEVER_READ: Signal 'mode_minus_hover' is never read (connected to sub-instance output port)
    at line 381 in /home/student/jwojciechowska/Desktop/projekt_cymbergaj_JW_KH-projekt_gra/rtl/top_airhockey.sv [compile index 55]
*** Warning: INTERNAL_GENERATED_RESET: Reset signal 'rst' is not an input port
    at line 548 in /home/student/jwojciechowska/Desktop/projekt_cymbergaj_JW_KH-projekt_gra/rtl/top_airhockey.sv [compile index 55]
*** Warning: SIGNAL_NEVER_READ: Signal 'GSR' is never read
    at line 14 in /home/student/jwojciechowska/Desktop/projekt_cymbergaj_JW_KH-projekt_gra/sim/common/glbl.v [compile index 69]
*** Warning: SIGNAL_NEVER_READ: Signal 'GTS' is never read
    at line 15 in /home/student/jwojciechowska/Desktop/projekt_cymbergaj_JW_KH-projekt_gra/sim/common/glbl.v [compile index 69]
*** Warning: SIGNAL_NEVER_USED: Signal 'GWE' is never used
    at line 16 in /home/student/jwojciechowska/Desktop/projekt_cymbergaj_JW_KH-projekt_gra/sim/common/glbl.v [compile index 69]
*** Warning: SIGNAL_NEVER_READ: Signal 'PRLD' is never read
    at line 17 in /home/student/jwojciechowska/Desktop/projekt_cymbergaj_JW_KH-projekt_gra/sim/common/glbl.v [compile index 69]
*** Warning: SIGNAL_NEVER_READ: Signal 'GRESTORE' is never read
    at line 18 in /home/student/jwojciechowska/Desktop/projekt_cymbergaj_JW_KH-projekt_gra/sim/common/glbl.v [compile index 69]
*** Warning: SIGNAL_NEVER_WRITTEN: Signal 'p_up_tmp' is never written
    at line 19 in /home/student/jwojciechowska/Desktop/projekt_cymbergaj_JW_KH-projekt_gra/sim/common/glbl.v [compile index 69]
*** Warning: SIGNAL_NEVER_READ: Signal 'PLL_LOCKG' is never read
    at line 20 in /home/student/jwojciechowska/Desktop/projekt_cymbergaj_JW_KH-projekt_gra/sim/common/glbl.v [compile index 69]
*** Warning: SIGNAL_NEVER_USED: Signal 'PROGB_GLBL' is never used
    at line 22 in /home/student/jwojciechowska/Desktop/projekt_cymbergaj_JW_KH-projekt_gra/sim/common/glbl.v [compile index 69]
*** Warning: SIGNAL_NEVER_USED: Signal 'CCLKO_GLBL' is never used
    at line 23 in /home/student/jwojciechowska/Desktop/projekt_cymbergaj_JW_KH-projekt_gra/sim/common/glbl.v [compile index 69]
*** Warning: SIGNAL_NEVER_USED: Signal 'FCSBO_GLBL' is never used
    at line 24 in /home/student/jwojciechowska/Desktop/projekt_cymbergaj_JW_KH-projekt_gra/sim/common/glbl.v [compile index 69]
*** Warning: SIGNAL_NEVER_USED: Signal 'DO_GLBL' is never used
    at line 25 in /home/student/jwojciechowska/Desktop/projekt_cymbergaj_JW_KH-projekt_gra/sim/common/glbl.v [compile index 69]
*** Warning: SIGNAL_NEVER_USED: Signal 'DI_GLBL' is never used
    at line 26 in /home/student/jwojciechowska/Desktop/projekt_cymbergaj_JW_KH-projekt_gra/sim/common/glbl.v [compile index 69]
*** Warning: SIGNAL_NEVER_USED: Signal 'JTAG_TDO_GLBL' is never used
    at line 34 in /home/student/jwojciechowska/Desktop/projekt_cymbergaj_JW_KH-projekt_gra/sim/common/glbl.v [compile index 69]
*** Warning: SIGNAL_NEVER_USED: Signal 'JTAG_TCK_GLBL' is never used
    at line 35 in /home/student/jwojciechowska/Desktop/projekt_cymbergaj_JW_KH-projekt_gra/sim/common/glbl.v [compile index 69]
*** Warning: SIGNAL_NEVER_USED: Signal 'JTAG_TDI_GLBL' is never used
    at line 36 in /home/student/jwojciechowska/Desktop/projekt_cymbergaj_JW_KH-projekt_gra/sim/common/glbl.v [compile index 69]
*** Warning: SIGNAL_NEVER_USED: Signal 'JTAG_TMS_GLBL' is never used
    at line 37 in /home/student/jwojciechowska/Desktop/projekt_cymbergaj_JW_KH-projekt_gra/sim/common/glbl.v [compile index 69]
*** Warning: SIGNAL_NEVER_USED: Signal 'JTAG_TRST_GLBL' is never used
    at line 38 in /home/student/jwojciechowska/Desktop/projekt_cymbergaj_JW_KH-projekt_gra/sim/common/glbl.v [compile index 69]
*** Warning: SIGNAL_NEVER_USED: Signal 'JTAG_CAPTURE_GLBL' is never used
    at line 40 in /home/student/jwojciechowska/Desktop/projekt_cymbergaj_JW_KH-projekt_gra/sim/common/glbl.v [compile index 69]
*** Warning: SIGNAL_NEVER_USED: Signal 'JTAG_RESET_GLBL' is never used
    at line 41 in /home/student/jwojciechowska/Desktop/projekt_cymbergaj_JW_KH-projekt_gra/sim/common/glbl.v [compile index 69]
*** Warning: SIGNAL_NEVER_USED: Signal 'JTAG_SHIFT_GLBL' is never used
    at line 42 in /home/student/jwojciechowska/Desktop/projekt_cymbergaj_JW_KH-projekt_gra/sim/common/glbl.v [compile index 69]
*** Warning: SIGNAL_NEVER_USED: Signal 'JTAG_UPDATE_GLBL' is never used
    at line 43 in /home/student/jwojciechowska/Desktop/projekt_cymbergaj_JW_KH-projekt_gra/sim/common/glbl.v [compile index 69]
*** Warning: SIGNAL_NEVER_USED: Signal 'JTAG_RUNTEST_GLBL' is never used
    at line 44 in /home/student/jwojciechowska/Desktop/projekt_cymbergaj_JW_KH-projekt_gra/sim/common/glbl.v [compile index 69]
*** Warning: SIGNAL_NEVER_READ: Signal 'JTAG_SEL1_GLBL' is never read
    at line 46 in /home/student/jwojciechowska/Desktop/projekt_cymbergaj_JW_KH-projekt_gra/sim/common/glbl.v [compile index 69]
*** Warning: SIGNAL_NEVER_READ: Signal 'JTAG_SEL2_GLBL' is never read
    at line 47 in /home/student/jwojciechowska/Desktop/projekt_cymbergaj_JW_KH-projekt_gra/sim/common/glbl.v [compile index 69]
*** Warning: SIGNAL_NEVER_READ: Signal 'JTAG_SEL3_GLBL' is never read
    at line 48 in /home/student/jwojciechowska/Desktop/projekt_cymbergaj_JW_KH-projekt_gra/sim/common/glbl.v [compile index 69]
*** Warning: SIGNAL_NEVER_READ: Signal 'JTAG_SEL4_GLBL' is never read
    at line 49 in /home/student/jwojciechowska/Desktop/projekt_cymbergaj_JW_KH-projekt_gra/sim/common/glbl.v [compile index 69]
*** Warning: SIGNAL_NEVER_READ: Signal 'JTAG_USER_TDO1_GLBL' is never read
    at line 51 in /home/student/jwojciechowska/Desktop/projekt_cymbergaj_JW_KH-projekt_gra/sim/common/glbl.v [compile index 69]
*** Warning: SIGNAL_NEVER_READ: Signal 'JTAG_USER_TDO2_GLBL' is never read
    at line 52 in /home/student/jwojciechowska/Desktop/projekt_cymbergaj_JW_KH-projekt_gra/sim/common/glbl.v [compile index 69]
*** Warning: SIGNAL_NEVER_READ: Signal 'JTAG_USER_TDO3_GLBL' is never read
    at line 53 in /home/student/jwojciechowska/Desktop/projekt_cymbergaj_JW_KH-projekt_gra/sim/common/glbl.v [compile index 69]
*** Warning: SIGNAL_NEVER_READ: Signal 'JTAG_USER_TDO4_GLBL' is never read
    at line 54 in /home/student/jwojciechowska/Desktop/projekt_cymbergaj_JW_KH-projekt_gra/sim/common/glbl.v [compile index 69]
*** Done mixed mode extension build [1s.378ms] ***
*** Total build time [3s.416ms] ***
