
*** Running vivado
    with args -log top_vga_basys3.vds -m64 -product Vivado -mode batch -messageDb vivado.pb -notrace -source top_vga_basys3.tcl



****** Vivado v2025.2 (64-bit)
  **** SW Build 6299465 on Fri Nov 14 19:35:11 GMT 2025
  **** IP Build 6300035 on Fri Nov 14 10:48:45 MST 2025
  **** SharedData Build 6298862 on Thu Nov 13 04:50:51 MST 2025
  **** Start of session at: Mon Aug 17 09:20:53 2026
    ** Copyright 1986-2022 Xilinx, Inc. All Rights Reserved.
    ** Copyright 2022-2025 Advanced Micro Devices, Inc. All Rights Reserved.

source top_vga_basys3.tcl -notrace
create_project: Time (s): cpu = 00:00:10 ; elapsed = 00:00:07 . Memory (MB): peak = 524.598 ; gain = 219.703
Command: synth_design -top top_vga_basys3 -part xc7a35tcpg236-1
Starting synth_design
Attempting to get a license for feature 'Synthesis' and/or device 'xc7a35t'
INFO: [Common 17-349] Got license for feature 'Synthesis' and/or device 'xc7a35t'
INFO: [Device 21-403] Loading part xc7a35tcpg236-1
INFO: [Synth 8-7079] Multithreading enabled for synth_design using a maximum of 2 processes.
INFO: [Synth 8-7078] Launching helper process for spawning children vivado processes
INFO: [Synth 8-7075] Helper process launched with PID 11032
---------------------------------------------------------------------------------
Starting RTL Elaboration : Time (s): cpu = 00:00:06 ; elapsed = 00:00:07 . Memory (MB): peak = 1254.090 ; gain = 540.887
---------------------------------------------------------------------------------
INFO: [Synth 8-11241] undeclared symbol 'clk100MHz_clk_wiz_0_en_clk', assumed default net type 'wire' [C:/Users/Admin/Desktop/projekt/uec2-lab1-vga-gr3-kholuj-lab5/fpga/rtl/clk_wiz_0_clk_wiz.v:212]
INFO: [Synth 8-11241] undeclared symbol 'clk40MHz_clk_wiz_0_en_clk', assumed default net type 'wire' [C:/Users/Admin/Desktop/projekt/uec2-lab1-vga-gr3-kholuj-lab5/fpga/rtl/clk_wiz_0_clk_wiz.v:224]
INFO: [Synth 8-6157] synthesizing module 'top_vga_basys3' [C:/Users/Admin/Desktop/projekt/uec2-lab1-vga-gr3-kholuj-lab5/fpga/rtl/top_vga_basys3.sv:15]
INFO: [Synth 8-6157] synthesizing module 'clk_wiz_0' [C:/Users/Admin/Desktop/projekt/uec2-lab1-vga-gr3-kholuj-lab5/fpga/rtl/clk_wiz_0.v:69]
INFO: [Synth 8-6157] synthesizing module 'clk_wiz_0_clk_wiz' [C:/Users/Admin/Desktop/projekt/uec2-lab1-vga-gr3-kholuj-lab5/fpga/rtl/clk_wiz_0_clk_wiz.v:69]
INFO: [Synth 8-6157] synthesizing module 'IBUF' [C:/AMDDesignTools/2025.2/Vivado/scripts/rt/data/unisim_comp.v:82804]
INFO: [Synth 8-6155] done synthesizing module 'IBUF' (0#1) [C:/AMDDesignTools/2025.2/Vivado/scripts/rt/data/unisim_comp.v:82804]
INFO: [Synth 8-6157] synthesizing module 'MMCME2_ADV' [C:/AMDDesignTools/2025.2/Vivado/scripts/rt/data/unisim_comp.v:95844]
	Parameter BANDWIDTH bound to: OPTIMIZED - type: string 
	Parameter CLKFBOUT_MULT_F bound to: 1.000000e+01 - type: double 
	Parameter CLKFBOUT_PHASE bound to: 0.000000e+00 - type: double 
	Parameter CLKFBOUT_USE_FINE_PS bound to: FALSE - type: string 
	Parameter CLKIN1_PERIOD bound to: 1.000000e+01 - type: double 
	Parameter CLKOUT0_DIVIDE_F bound to: 1.000000e+01 - type: double 
	Parameter CLKOUT0_DUTY_CYCLE bound to: 5.000000e-01 - type: double 
	Parameter CLKOUT0_PHASE bound to: 0.000000e+00 - type: double 
	Parameter CLKOUT0_USE_FINE_PS bound to: FALSE - type: string 
	Parameter CLKOUT1_DIVIDE bound to: 25 - type: integer 
	Parameter CLKOUT1_DUTY_CYCLE bound to: 5.000000e-01 - type: double 
	Parameter CLKOUT1_PHASE bound to: 0.000000e+00 - type: double 
	Parameter CLKOUT1_USE_FINE_PS bound to: FALSE - type: string 
	Parameter CLKOUT4_CASCADE bound to: FALSE - type: string 
	Parameter COMPENSATION bound to: ZHOLD - type: string 
	Parameter DIVCLK_DIVIDE bound to: 1 - type: integer 
	Parameter STARTUP_WAIT bound to: FALSE - type: string 
INFO: [Synth 8-6155] done synthesizing module 'MMCME2_ADV' (0#1) [C:/AMDDesignTools/2025.2/Vivado/scripts/rt/data/unisim_comp.v:95844]
INFO: [Synth 8-6157] synthesizing module 'BUFG' [C:/AMDDesignTools/2025.2/Vivado/scripts/rt/data/unisim_comp.v:2678]
INFO: [Synth 8-6155] done synthesizing module 'BUFG' (0#1) [C:/AMDDesignTools/2025.2/Vivado/scripts/rt/data/unisim_comp.v:2678]
INFO: [Synth 8-6157] synthesizing module 'BUFGCE' [C:/AMDDesignTools/2025.2/Vivado/scripts/rt/data/unisim_comp.v:2688]
INFO: [Synth 8-6155] done synthesizing module 'BUFGCE' (0#1) [C:/AMDDesignTools/2025.2/Vivado/scripts/rt/data/unisim_comp.v:2688]
INFO: [Synth 8-6157] synthesizing module 'BUFH' [C:/AMDDesignTools/2025.2/Vivado/scripts/rt/data/unisim_comp.v:2926]
INFO: [Synth 8-6155] done synthesizing module 'BUFH' (0#1) [C:/AMDDesignTools/2025.2/Vivado/scripts/rt/data/unisim_comp.v:2926]
INFO: [Synth 8-6155] done synthesizing module 'clk_wiz_0_clk_wiz' (0#1) [C:/Users/Admin/Desktop/projekt/uec2-lab1-vga-gr3-kholuj-lab5/fpga/rtl/clk_wiz_0_clk_wiz.v:69]
INFO: [Synth 8-6155] done synthesizing module 'clk_wiz_0' (0#1) [C:/Users/Admin/Desktop/projekt/uec2-lab1-vga-gr3-kholuj-lab5/fpga/rtl/clk_wiz_0.v:69]
INFO: [Synth 8-6157] synthesizing module 'ODDR' [C:/AMDDesignTools/2025.2/Vivado/scripts/rt/data/unisim_comp.v:117225]
INFO: [Synth 8-6155] done synthesizing module 'ODDR' (0#1) [C:/AMDDesignTools/2025.2/Vivado/scripts/rt/data/unisim_comp.v:117225]
INFO: [Synth 8-6157] synthesizing module 'top_vga' [C:/Users/Admin/Desktop/projekt/uec2-lab1-vga-gr3-kholuj-lab5/rtl/top_vga.sv:15]
INFO: [Synth 8-6157] synthesizing module 'vga_if' [C:/Users/Admin/Desktop/projekt/uec2-lab1-vga-gr3-kholuj-lab5/rtl/vga_if.sv:1]
INFO: [Synth 8-6155] done synthesizing module 'vga_if' (0#1) [C:/Users/Admin/Desktop/projekt/uec2-lab1-vga-gr3-kholuj-lab5/rtl/vga_if.sv:1]
INFO: [Synth 8-6157] synthesizing module 'vga_if' [C:/Users/Admin/Desktop/projekt/uec2-lab1-vga-gr3-kholuj-lab5/rtl/vga_if.sv:1]
INFO: [Synth 8-6155] done synthesizing module 'vga_if' (0#1) [C:/Users/Admin/Desktop/projekt/uec2-lab1-vga-gr3-kholuj-lab5/rtl/vga_if.sv:1]
INFO: [Synth 8-6157] synthesizing module 'vga_if' [C:/Users/Admin/Desktop/projekt/uec2-lab1-vga-gr3-kholuj-lab5/rtl/vga_if.sv:1]
INFO: [Synth 8-6155] done synthesizing module 'vga_if' (0#1) [C:/Users/Admin/Desktop/projekt/uec2-lab1-vga-gr3-kholuj-lab5/rtl/vga_if.sv:1]
INFO: [Synth 8-6157] synthesizing module 'vga_if' [C:/Users/Admin/Desktop/projekt/uec2-lab1-vga-gr3-kholuj-lab5/rtl/vga_if.sv:1]
INFO: [Synth 8-6155] done synthesizing module 'vga_if' (0#1) [C:/Users/Admin/Desktop/projekt/uec2-lab1-vga-gr3-kholuj-lab5/rtl/vga_if.sv:1]
INFO: [Synth 8-6157] synthesizing module 'vga_if' [C:/Users/Admin/Desktop/projekt/uec2-lab1-vga-gr3-kholuj-lab5/rtl/vga_if.sv:1]
INFO: [Synth 8-6155] done synthesizing module 'vga_if' (0#1) [C:/Users/Admin/Desktop/projekt/uec2-lab1-vga-gr3-kholuj-lab5/rtl/vga_if.sv:1]
INFO: [Synth 8-638] synthesizing module 'MouseCtl' [C:/Users/Admin/Desktop/projekt/uec2-lab1-vga-gr3-kholuj-lab5/fpga/rtl/MouseCtl.vhd:207]
INFO: [Synth 8-3491] module 'Ps2Interface' declared at 'C:/Users/Admin/Desktop/projekt/uec2-lab1-vga-gr3-kholuj-lab5/fpga/rtl/Ps2Interface.vhd:152' bound to instance 'Inst_Ps2Interface' of component 'Ps2Interface' [C:/Users/Admin/Desktop/projekt/uec2-lab1-vga-gr3-kholuj-lab5/fpga/rtl/MouseCtl.vhd:369]
INFO: [Synth 8-638] synthesizing module 'Ps2Interface' [C:/Users/Admin/Desktop/projekt/uec2-lab1-vga-gr3-kholuj-lab5/fpga/rtl/Ps2Interface.vhd:180]
INFO: [Synth 8-256] done synthesizing module 'Ps2Interface' (0#1) [C:/Users/Admin/Desktop/projekt/uec2-lab1-vga-gr3-kholuj-lab5/fpga/rtl/Ps2Interface.vhd:180]
INFO: [Synth 8-256] done synthesizing module 'MouseCtl' (0#1) [C:/Users/Admin/Desktop/projekt/uec2-lab1-vga-gr3-kholuj-lab5/fpga/rtl/MouseCtl.vhd:207]
INFO: [Synth 8-6157] synthesizing module 'vga_timing' [C:/Users/Admin/Desktop/projekt/uec2-lab1-vga-gr3-kholuj-lab5/rtl/vga_timing.sv:11]
INFO: [Synth 8-6155] done synthesizing module 'vga_timing' (0#1) [C:/Users/Admin/Desktop/projekt/uec2-lab1-vga-gr3-kholuj-lab5/rtl/vga_timing.sv:11]
INFO: [Synth 8-6157] synthesizing module 'draw_bg' [C:/Users/Admin/Desktop/projekt/uec2-lab1-vga-gr3-kholuj-lab5/rtl/draw_bg.sv:11]
INFO: [Synth 8-6155] done synthesizing module 'draw_bg' (0#1) [C:/Users/Admin/Desktop/projekt/uec2-lab1-vga-gr3-kholuj-lab5/rtl/draw_bg.sv:11]
INFO: [Synth 8-6157] synthesizing module 'draw_rect_ctl' [C:/Users/Admin/Desktop/projekt/uec2-lab1-vga-gr3-kholuj-lab5/rtl/draw_rect_ctl.sv:1]
INFO: [Synth 8-155] case statement is not full and has no default [C:/Users/Admin/Desktop/projekt/uec2-lab1-vga-gr3-kholuj-lab5/rtl/draw_rect_ctl.sv:96]
INFO: [Synth 8-6155] done synthesizing module 'draw_rect_ctl' (0#1) [C:/Users/Admin/Desktop/projekt/uec2-lab1-vga-gr3-kholuj-lab5/rtl/draw_rect_ctl.sv:1]
INFO: [Synth 8-6157] synthesizing module 'draw_rect' [C:/Users/Admin/Desktop/projekt/uec2-lab1-vga-gr3-kholuj-lab5/rtl/draw_rect.sv:1]
INFO: [Synth 8-6157] synthesizing module 'image_rom' [C:/Users/Admin/Desktop/projekt/uec2-lab1-vga-gr3-kholuj-lab5/rtl/image_rom.sv:16]
INFO: [Synth 8-3876] $readmem data file '../../rtl/rect/image_rom.data' is read successfully [C:/Users/Admin/Desktop/projekt/uec2-lab1-vga-gr3-kholuj-lab5/rtl/image_rom.sv:35]
INFO: [Synth 8-6155] done synthesizing module 'image_rom' (0#1) [C:/Users/Admin/Desktop/projekt/uec2-lab1-vga-gr3-kholuj-lab5/rtl/image_rom.sv:16]
INFO: [Synth 8-6155] done synthesizing module 'draw_rect' (0#1) [C:/Users/Admin/Desktop/projekt/uec2-lab1-vga-gr3-kholuj-lab5/rtl/draw_rect.sv:1]
INFO: [Synth 8-6157] synthesizing module 'draw_mouse' [C:/Users/Admin/Desktop/projekt/uec2-lab1-vga-gr3-kholuj-lab5/rtl/draw_mouse.sv:1]
INFO: [Synth 8-638] synthesizing module 'MouseDisplay' [C:/Users/Admin/Desktop/projekt/uec2-lab1-vga-gr3-kholuj-lab5/fpga/rtl/MouseDisplay.vhd:119]
WARNING: [Synth 8-614] signal 'blank' is read in the process but is not in the sensitivity list [C:/Users/Admin/Desktop/projekt/uec2-lab1-vga-gr3-kholuj-lab5/fpga/rtl/MouseDisplay.vhd:214]
WARNING: [Synth 8-614] signal 'rgb_in' is read in the process but is not in the sensitivity list [C:/Users/Admin/Desktop/projekt/uec2-lab1-vga-gr3-kholuj-lab5/fpga/rtl/MouseDisplay.vhd:214]
INFO: [Synth 8-256] done synthesizing module 'MouseDisplay' (0#1) [C:/Users/Admin/Desktop/projekt/uec2-lab1-vga-gr3-kholuj-lab5/fpga/rtl/MouseDisplay.vhd:119]
INFO: [Synth 8-6155] done synthesizing module 'draw_mouse' (0#1) [C:/Users/Admin/Desktop/projekt/uec2-lab1-vga-gr3-kholuj-lab5/rtl/draw_mouse.sv:1]
INFO: [Synth 8-6157] synthesizing module 'font_rom' [C:/Users/Admin/Desktop/projekt/uec2-lab1-vga-gr3-kholuj-lab5/rtl/font_rom.sv:10]
INFO: [Synth 8-6155] done synthesizing module 'font_rom' (0#1) [C:/Users/Admin/Desktop/projekt/uec2-lab1-vga-gr3-kholuj-lab5/rtl/font_rom.sv:10]
INFO: [Synth 8-6157] synthesizing module 'draw_rect_char' [C:/Users/Admin/Desktop/projekt/uec2-lab1-vga-gr3-kholuj-lab5/rtl/draw_rect_char.sv:1]
	Parameter X_POS bound to: 32'sb00000000000000000000000011001000 
	Parameter Y_POS bound to: 32'sb00000000000000000000000010010110 
INFO: [Synth 8-6155] done synthesizing module 'draw_rect_char' (0#1) [C:/Users/Admin/Desktop/projekt/uec2-lab1-vga-gr3-kholuj-lab5/rtl/draw_rect_char.sv:1]
INFO: [Synth 8-6157] synthesizing module 'char_rom' [C:/Users/Admin/Desktop/projekt/uec2-lab1-vga-gr3-kholuj-lab5/rtl/char_rom.sv:1]
INFO: [Synth 8-6155] done synthesizing module 'char_rom' (0#1) [C:/Users/Admin/Desktop/projekt/uec2-lab1-vga-gr3-kholuj-lab5/rtl/char_rom.sv:1]
INFO: [Synth 8-6155] done synthesizing module 'top_vga' (0#1) [C:/Users/Admin/Desktop/projekt/uec2-lab1-vga-gr3-kholuj-lab5/rtl/top_vga.sv:15]
INFO: [Synth 8-6155] done synthesizing module 'top_vga_basys3' (0#1) [C:/Users/Admin/Desktop/projekt/uec2-lab1-vga-gr3-kholuj-lab5/fpga/rtl/top_vga_basys3.sv:15]
WARNING: [Synth 8-6014] Unused sequential element v_before_reg was removed.  [C:/Users/Admin/Desktop/projekt/uec2-lab1-vga-gr3-kholuj-lab5/rtl/draw_rect_ctl.sv:113]
WARNING: [Synth 8-6014] Unused sequential element v_next_reg was removed.  [C:/Users/Admin/Desktop/projekt/uec2-lab1-vga-gr3-kholuj-lab5/rtl/draw_rect_ctl.sv:115]
WARNING: [Synth 8-6014] Unused sequential element y_next_reg was removed.  [C:/Users/Admin/Desktop/projekt/uec2-lab1-vga-gr3-kholuj-lab5/rtl/draw_rect_ctl.sv:116]
WARNING: [Synth 8-7129] Port vga_in\.rgb[11] in module draw_bg is either unconnected or has no load
WARNING: [Synth 8-7129] Port vga_in\.rgb[10] in module draw_bg is either unconnected or has no load
WARNING: [Synth 8-7129] Port vga_in\.rgb[9] in module draw_bg is either unconnected or has no load
WARNING: [Synth 8-7129] Port vga_in\.rgb[8] in module draw_bg is either unconnected or has no load
WARNING: [Synth 8-7129] Port vga_in\.rgb[7] in module draw_bg is either unconnected or has no load
WARNING: [Synth 8-7129] Port vga_in\.rgb[6] in module draw_bg is either unconnected or has no load
WARNING: [Synth 8-7129] Port vga_in\.rgb[5] in module draw_bg is either unconnected or has no load
WARNING: [Synth 8-7129] Port vga_in\.rgb[4] in module draw_bg is either unconnected or has no load
WARNING: [Synth 8-7129] Port vga_in\.rgb[3] in module draw_bg is either unconnected or has no load
WARNING: [Synth 8-7129] Port vga_in\.rgb[2] in module draw_bg is either unconnected or has no load
WARNING: [Synth 8-7129] Port vga_in\.rgb[1] in module draw_bg is either unconnected or has no load
WARNING: [Synth 8-7129] Port vga_in\.rgb[0] in module draw_bg is either unconnected or has no load
---------------------------------------------------------------------------------
Finished RTL Elaboration : Time (s): cpu = 00:00:08 ; elapsed = 00:00:09 . Memory (MB): peak = 1397.480 ; gain = 684.277
---------------------------------------------------------------------------------
---------------------------------------------------------------------------------
Start Handling Custom Attributes
---------------------------------------------------------------------------------
---------------------------------------------------------------------------------
Finished Handling Custom Attributes : Time (s): cpu = 00:00:08 ; elapsed = 00:00:09 . Memory (MB): peak = 1397.480 ; gain = 684.277
---------------------------------------------------------------------------------
---------------------------------------------------------------------------------
Finished RTL Optimization Phase 1 : Time (s): cpu = 00:00:08 ; elapsed = 00:00:09 . Memory (MB): peak = 1397.480 ; gain = 684.277
---------------------------------------------------------------------------------
Netlist sorting complete. Time (s): cpu = 00:00:00 ; elapsed = 00:00:00.025 . Memory (MB): peak = 1397.480 ; gain = 0.000
WARNING: [Netlist 29-345] The value of SIM_DEVICE on instance 'u_clk_wiz/inst/clkout1_buf' of type 'BUFGCE' is 'ULTRASCALE'; it is being changed to match the current FPGA architecture, '7SERIES'. For functional simulation to match hardware behavior, the value of SIM_DEVICE should be changed in the source netlist. 
WARNING: [Netlist 29-345] The value of SIM_DEVICE on instance 'u_clk_wiz/inst/clkout2_buf' of type 'BUFGCE' is 'ULTRASCALE'; it is being changed to match the current FPGA architecture, '7SERIES'. For functional simulation to match hardware behavior, the value of SIM_DEVICE should be changed in the source netlist. 
INFO: [Netlist 29-17] Analyzing 4 Unisim elements for replacement
INFO: [Netlist 29-28] Unisim Transformation completed in 0 CPU seconds
INFO: [Project 1-570] Preparing netlist for logic optimization

Processing XDC Constraints
Initializing timing engine
Parsing XDC File [C:/Users/Admin/Desktop/projekt/uec2-lab1-vga-gr3-kholuj-lab5/fpga/constraints/top_vga_basys3.xdc]
Finished Parsing XDC File [C:/Users/Admin/Desktop/projekt/uec2-lab1-vga-gr3-kholuj-lab5/fpga/constraints/top_vga_basys3.xdc]
INFO: [Project 1-236] Implementation specific constraints were found while reading constraint file [C:/Users/Admin/Desktop/projekt/uec2-lab1-vga-gr3-kholuj-lab5/fpga/constraints/top_vga_basys3.xdc]. These constraints will be ignored for synthesis but will be used in implementation. Impacted constraints are listed in the file [.Xil/top_vga_basys3_propImpl.xdc].
Resolution: To avoid this warning, move constraints listed in [.Xil/top_vga_basys3_propImpl.xdc] to another XDC file and exclude this new file from synthesis with the used_in_synthesis property (File Properties dialog in GUI) and re-run elaboration/synthesis.
Parsing XDC File [C:/Users/Admin/Desktop/projekt/uec2-lab1-vga-gr3-kholuj-lab5/fpga/constraints/clk_wiz_0.xdc]
Finished Parsing XDC File [C:/Users/Admin/Desktop/projekt/uec2-lab1-vga-gr3-kholuj-lab5/fpga/constraints/clk_wiz_0.xdc]
INFO: [Project 1-236] Implementation specific constraints were found while reading constraint file [C:/Users/Admin/Desktop/projekt/uec2-lab1-vga-gr3-kholuj-lab5/fpga/constraints/clk_wiz_0.xdc]. These constraints will be ignored for synthesis but will be used in implementation. Impacted constraints are listed in the file [.Xil/top_vga_basys3_propImpl.xdc].
Resolution: To avoid this warning, move constraints listed in [.Xil/top_vga_basys3_propImpl.xdc] to another XDC file and exclude this new file from synthesis with the used_in_synthesis property (File Properties dialog in GUI) and re-run elaboration/synthesis.
INFO: [Timing 38-2] Deriving generated clocks
Completed Processing XDC Constraints

Netlist sorting complete. Time (s): cpu = 00:00:00 ; elapsed = 00:00:00.001 . Memory (MB): peak = 1475.676 ; gain = 0.000
INFO: [Project 1-111] Unisim Transformation Summary:
  A total of 2 instances were transformed.
  BUFGCE => BUFGCTRL: 2 instances

Constraint Validation Runtime : Time (s): cpu = 00:00:00 ; elapsed = 00:00:00.021 . Memory (MB): peak = 1475.676 ; gain = 0.000
---------------------------------------------------------------------------------
Finished Constraint Validation : Time (s): cpu = 00:00:17 ; elapsed = 00:00:19 . Memory (MB): peak = 1475.676 ; gain = 762.473
---------------------------------------------------------------------------------
---------------------------------------------------------------------------------
Start Loading Part and Timing Information
---------------------------------------------------------------------------------
Loading part: xc7a35tcpg236-1
---------------------------------------------------------------------------------
Finished Loading Part and Timing Information : Time (s): cpu = 00:00:17 ; elapsed = 00:00:19 . Memory (MB): peak = 1475.676 ; gain = 762.473
---------------------------------------------------------------------------------
---------------------------------------------------------------------------------
Start Applying 'set_property' XDC Constraints
---------------------------------------------------------------------------------
---------------------------------------------------------------------------------
Finished applying 'set_property' XDC Constraints : Time (s): cpu = 00:00:17 ; elapsed = 00:00:19 . Memory (MB): peak = 1475.676 ; gain = 762.473
---------------------------------------------------------------------------------
INFO: [Synth 8-802] inferred FSM for state register 'state_reg' in module 'Ps2Interface'
INFO: [Synth 8-802] inferred FSM for state register 'state_reg' in module 'MouseCtl'
INFO: [Synth 8-802] inferred FSM for state register 'state_reg' in module 'draw_rect_ctl'
---------------------------------------------------------------------------------------------------
                   State |                     New Encoding |                Previous Encoding 
---------------------------------------------------------------------------------------------------
                    idle |                00000000000000001 |                            00000
            rx_down_edge |                00000000000000010 |                            00011
                rx_clk_l |                00000000000000100 |                            00010
                rx_clk_h |                00000000000001000 |                            00001
         rx_error_parity |                00000000000010000 |                            00100
           rx_data_ready |                00000000000100000 |                            00101
          tx_force_clk_l |                00000000001000000 |                            00110
      tx_bring_data_down |                00000000010000000 |                            00111
          tx_release_clk |                00000000100000000 |                            01000
 tx_first_wait_down_edge |                00000001000000000 |                            01001
                tx_clk_l |                00000010000000000 |                            01010
         tx_wait_up_edge |                00000100000000000 |                            01011
tx_wait_up_edge_before_ack |                00001000000000000 |                            01101
             tx_wait_ack |                00010000000000000 |                            01110
         tx_received_ack |                00100000000000000 |                            01111
         tx_error_no_ack |                01000000000000000 |                            10000
                tx_clk_h |                10000000000000000 |                            01100
---------------------------------------------------------------------------------------------------
INFO: [Synth 8-3354] encoded FSM with state register 'state_reg' using encoding 'one-hot' in module 'Ps2Interface'
---------------------------------------------------------------------------------------------------
                   State |                     New Encoding |                Previous Encoding 
---------------------------------------------------------------------------------------------------
                   reset | 0000000000000000000000000000000000001 |                           000000
          reset_wait_ack | 0000000000000000000000000000000000010 |                           000001
reset_wait_bat_completion | 0000000000000000000000000000000000100 |                           000010
           reset_wait_id | 0000000000000000000000000000000001000 |                           000011
reset_set_sample_rate_200 | 0000000000000000000000000000000010000 |                           000100
reset_set_sample_rate_200_wait_ack | 0000000000000000000000000000000100000 |                           000101
reset_send_sample_rate_200 | 0000000000000000000000000000001000000 |                           000110
reset_send_sample_rate_200_wait_ack | 0000000000000000000000000000010000000 |                           000111
reset_set_sample_rate_100 | 0000000000000000000000000000100000000 |                           001000
reset_set_sample_rate_100_wait_ack | 0000000000000000000000000001000000000 |                           001001
reset_send_sample_rate_100 | 0000000000000000000000000010000000000 |                           001010
reset_send_sample_rate_100_wait_ack | 0000000000000000000000000100000000000 |                           001011
reset_set_sample_rate_80 | 0000000000000000000000001000000000000 |                           001100
reset_set_sample_rate_80_wait_ack | 0000000000000000000000010000000000000 |                           001101
reset_send_sample_rate_80 | 0000000000000000000000100000000000000 |                           001110
reset_send_sample_rate_80_wait_ack | 0000000000000000000001000000000000000 |                           001111
           reset_read_id | 0000000000000000000010000000000000000 |                           010000
  reset_read_id_wait_ack | 0000000000000000000100000000000000000 |                           010001
   reset_read_id_wait_id | 0000000000000000001000000000000000000 |                           010010
    reset_set_resolution | 0000000000000000010000000000000000000 |                           010011
reset_set_resolution_wait_ack | 0000000000000000100000000000000000000 |                           010100
   reset_send_resolution | 0000000000000001000000000000000000000 |                           010101
reset_send_resolution_wait_ack | 0000000000000010000000000000000000000 |                           010110
reset_set_sample_rate_40 | 0000000000000100000000000000000000000 |                           010111
reset_set_sample_rate_40_wait_ack | 0000000000001000000000000000000000000 |                           011000
reset_send_sample_rate_40 | 0000000000010000000000000000000000000 |                           011001
reset_send_sample_rate_40_wait_ack | 0000000000100000000000000000000000000 |                           011010
  reset_enable_reporting | 0000000001000000000000000000000000000 |                           011011
reset_enable_reporting_wait_ack | 0000000010000000000000000000000000000 |                           011100
             read_byte_1 | 0000000100000000000000000000000000000 |                           011101
             read_byte_2 | 0000001000000000000000000000000000000 |                           011110
             read_byte_3 | 0000010000000000000000000000000000000 |                           011111
             read_byte_4 | 0000100000000000000000000000000000000 |                           100000
          mark_new_event | 0001000000000000000000000000000000000 |                           100100
           check_read_id | 0010000000000000000000000000000000000 |                           100001
  check_read_id_wait_ack | 0100000000000000000000000000000000000 |                           100010
   check_read_id_wait_id | 1000000000000000000000000000000000000 |                           100011
---------------------------------------------------------------------------------------------------
INFO: [Synth 8-3354] encoded FSM with state register 'state_reg' using encoding 'one-hot' in module 'MouseCtl'
---------------------------------------------------------------------------------------------------
                   State |                     New Encoding |                Previous Encoding 
---------------------------------------------------------------------------------------------------
                  FOLLOW |                              001 |                               00
                    FALL |                              010 |                               01
                    STOP |                              100 |                               10
---------------------------------------------------------------------------------------------------
INFO: [Synth 8-3354] encoded FSM with state register 'state_reg' using encoding 'one-hot' in module 'draw_rect_ctl'
---------------------------------------------------------------------------------
Finished RTL Optimization Phase 2 : Time (s): cpu = 00:00:19 ; elapsed = 00:00:21 . Memory (MB): peak = 1475.676 ; gain = 762.473
---------------------------------------------------------------------------------
---------------------------------------------------------------------------------
Start RTL Component Statistics 
---------------------------------------------------------------------------------
Detailed RTL Component Info : 
+---Adders : 
	   3 Input   32 Bit       Adders := 1     
	   2 Input   24 Bit       Adders := 1     
	   2 Input   20 Bit       Adders := 3     
	   2 Input   14 Bit       Adders := 1     
	   3 Input   14 Bit       Adders := 2     
	   3 Input   13 Bit       Adders := 2     
	   2 Input   12 Bit       Adders := 7     
	   3 Input   12 Bit       Adders := 1     
	   2 Input   11 Bit       Adders := 3     
	   2 Input    8 Bit       Adders := 2     
	   2 Input    7 Bit       Adders := 2     
	   3 Input    6 Bit       Adders := 2     
	   2 Input    4 Bit       Adders := 3     
	   3 Input    4 Bit       Adders := 2     
+---Registers : 
	               24 Bit    Registers := 1     
	               20 Bit    Registers := 3     
	               14 Bit    Registers := 1     
	               12 Bit    Registers := 20    
	               11 Bit    Registers := 18    
	                8 Bit    Registers := 7     
	                7 Bit    Registers := 2     
	                6 Bit    Registers := 4     
	                4 Bit    Registers := 4     
	                1 Bit    Registers := 73    
+---ROMs : 
	                    ROMs := 3     
+---Muxes : 
	  37 Input   37 Bit        Muxes := 1     
	   2 Input   37 Bit        Muxes := 69    
	   2 Input   20 Bit        Muxes := 3     
	   3 Input   20 Bit        Muxes := 2     
	  17 Input   17 Bit        Muxes := 1     
	   2 Input   17 Bit        Muxes := 18    
	   2 Input   14 Bit        Muxes := 2     
	   2 Input   12 Bit        Muxes := 19    
	   5 Input   12 Bit        Muxes := 2     
	   2 Input   11 Bit        Muxes := 3     
	   2 Input    9 Bit        Muxes := 2     
	  37 Input    8 Bit        Muxes := 3     
	  37 Input    4 Bit        Muxes := 1     
	   2 Input    1 Bit        Muxes := 6     
	  17 Input    1 Bit        Muxes := 4     
	  37 Input    1 Bit        Muxes := 20    
	   3 Input    1 Bit        Muxes := 3     
---------------------------------------------------------------------------------
Finished RTL Component Statistics 
---------------------------------------------------------------------------------
---------------------------------------------------------------------------------
Start Part Resource Summary
---------------------------------------------------------------------------------
Part Resources:
DSPs: 90 (col length:60)
BRAMs: 100 (col length: RAMB18 60 RAMB36 30)
---------------------------------------------------------------------------------
Finished Part Resource Summary
---------------------------------------------------------------------------------
---------------------------------------------------------------------------------
Start Cross Boundary and Area Optimization
---------------------------------------------------------------------------------
DSP Report: Generating DSP state4, operation Mode is: A*(B:0xcd).
DSP Report: operator state4 is absorbed into DSP state4.
WARNING: [Synth 8-7129] Port vga_in\.rgb[11] in module draw_bg is either unconnected or has no load
WARNING: [Synth 8-7129] Port vga_in\.rgb[10] in module draw_bg is either unconnected or has no load
WARNING: [Synth 8-7129] Port vga_in\.rgb[9] in module draw_bg is either unconnected or has no load
WARNING: [Synth 8-7129] Port vga_in\.rgb[8] in module draw_bg is either unconnected or has no load
WARNING: [Synth 8-7129] Port vga_in\.rgb[7] in module draw_bg is either unconnected or has no load
WARNING: [Synth 8-7129] Port vga_in\.rgb[6] in module draw_bg is either unconnected or has no load
WARNING: [Synth 8-7129] Port vga_in\.rgb[5] in module draw_bg is either unconnected or has no load
WARNING: [Synth 8-7129] Port vga_in\.rgb[4] in module draw_bg is either unconnected or has no load
WARNING: [Synth 8-7129] Port vga_in\.rgb[3] in module draw_bg is either unconnected or has no load
WARNING: [Synth 8-7129] Port vga_in\.rgb[2] in module draw_bg is either unconnected or has no load
WARNING: [Synth 8-7129] Port vga_in\.rgb[1] in module draw_bg is either unconnected or has no load
WARNING: [Synth 8-7129] Port vga_in\.rgb[0] in module draw_bg is either unconnected or has no load
---------------------------------------------------------------------------------
Finished Cross Boundary and Area Optimization : Time (s): cpu = 00:00:26 ; elapsed = 00:00:29 . Memory (MB): peak = 1475.676 ; gain = 762.473
---------------------------------------------------------------------------------
 Sort Area is  state4_0 : 0 0 : 581 581 : Used 1 time 0
---------------------------------------------------------------------------------
Start ROM, RAM, DSP, Shift Register and Retiming Reporting
---------------------------------------------------------------------------------

ROM: Preliminary Mapping Report
+-------------+---------------------------------+---------------+----------------+
|Module Name  | RTL Object                      | Depth x Width | Implemented As | 
+-------------+---------------------------------+---------------+----------------+
|MouseDisplay | mouserom[0]                     | 256x2         | LUT            | 
|draw_rect    | p_0_out                         | 4096x12       | Block RAM      | 
|draw_mouse   | u_mouse_display/mouserom[0]     | 256x2         | LUT            | 
|top_vga      | u_rom/char_code_reg             | 256x7         | Block RAM      | 
|top_vga      | u_font_rom/char_line_pixels_reg | 2048x8        | Block RAM      | 
+-------------+---------------------------------+---------------+----------------+


DSP: Preliminary Mapping Report (see note below. The ' indicates corresponding REG is set)
+--------------+-------------+--------+--------+--------+--------+--------+------+------+------+------+-------+------+------+
|Module Name   | DSP Mapping | A Size | B Size | C Size | D Size | P Size | AREG | BREG | CREG | DREG | ADREG | MREG | PREG | 
+--------------+-------------+--------+--------+--------+--------+--------+------+------+------+------+-------+------+------+
|draw_rect_ctl | A*(B:0xcd)  | 20     | 9      | -      | -      | 29     | 0    | 0    | -    | -    | -     | 0    | 0    | 
+--------------+-------------+--------+--------+--------+--------+--------+------+------+------+------+-------+------+------+

Note: The table above is a preliminary report that shows the DSPs inferred at the current stage of the synthesis flow. Some DSP may be reimplemented as non DSP primitives later in the synthesis flow. Multiple instantiated DSPs are reported only once.
---------------------------------------------------------------------------------
Finished ROM, RAM, DSP, Shift Register and Retiming Reporting
---------------------------------------------------------------------------------
---------------------------------------------------------------------------------
Start Applying XDC Timing Constraints
---------------------------------------------------------------------------------
---------------------------------------------------------------------------------
Finished Applying XDC Timing Constraints : Time (s): cpu = 00:00:34 ; elapsed = 00:00:38 . Memory (MB): peak = 1643.578 ; gain = 930.375
---------------------------------------------------------------------------------
---------------------------------------------------------------------------------
Start Timing Optimization
---------------------------------------------------------------------------------
---------------------------------------------------------------------------------
Finished Timing Optimization : Time (s): cpu = 00:00:35 ; elapsed = 00:00:39 . Memory (MB): peak = 1674.473 ; gain = 961.270
---------------------------------------------------------------------------------
---------------------------------------------------------------------------------
Start Technology Mapping
---------------------------------------------------------------------------------
INFO: [Synth 8-7052] The timing for the instance u_top_vga/u_rom/char_code_reg (implemented as a Block RAM) might be sub-optimal as no optional output register could be merged into the ram block. Providing additional output register may help in improving timing.
INFO: [Synth 8-7052] The timing for the instance u_top_vga/u_font_rom/char_line_pixels_reg (implemented as a Block RAM) might be sub-optimal as no optional output register could be merged into the ram block. Providing additional output register may help in improving timing.
---------------------------------------------------------------------------------
Finished Technology Mapping : Time (s): cpu = 00:00:36 ; elapsed = 00:00:39 . Memory (MB): peak = 1685.848 ; gain = 972.645
---------------------------------------------------------------------------------
---------------------------------------------------------------------------------
Start IO Insertion
---------------------------------------------------------------------------------
---------------------------------------------------------------------------------
Start Flattening Before IO Insertion
---------------------------------------------------------------------------------
---------------------------------------------------------------------------------
Finished Flattening Before IO Insertion
---------------------------------------------------------------------------------
---------------------------------------------------------------------------------
Start Final Netlist Cleanup
---------------------------------------------------------------------------------
---------------------------------------------------------------------------------
Finished Final Netlist Cleanup
---------------------------------------------------------------------------------
---------------------------------------------------------------------------------
Finished IO Insertion : Time (s): cpu = 00:00:40 ; elapsed = 00:00:44 . Memory (MB): peak = 1905.129 ; gain = 1191.926
---------------------------------------------------------------------------------
---------------------------------------------------------------------------------
Start Renaming Generated Instances
---------------------------------------------------------------------------------
---------------------------------------------------------------------------------
Finished Renaming Generated Instances : Time (s): cpu = 00:00:40 ; elapsed = 00:00:44 . Memory (MB): peak = 1905.129 ; gain = 1191.926
---------------------------------------------------------------------------------
---------------------------------------------------------------------------------
Start Rebuilding User Hierarchy
---------------------------------------------------------------------------------
---------------------------------------------------------------------------------
Finished Rebuilding User Hierarchy : Time (s): cpu = 00:00:41 ; elapsed = 00:00:44 . Memory (MB): peak = 1905.129 ; gain = 1191.926
---------------------------------------------------------------------------------
---------------------------------------------------------------------------------
Start Renaming Generated Ports
---------------------------------------------------------------------------------
---------------------------------------------------------------------------------
Finished Renaming Generated Ports : Time (s): cpu = 00:00:41 ; elapsed = 00:00:45 . Memory (MB): peak = 1905.129 ; gain = 1191.926
---------------------------------------------------------------------------------
---------------------------------------------------------------------------------
Start Handling Custom Attributes
---------------------------------------------------------------------------------
---------------------------------------------------------------------------------
Finished Handling Custom Attributes : Time (s): cpu = 00:00:41 ; elapsed = 00:00:45 . Memory (MB): peak = 1905.129 ; gain = 1191.926
---------------------------------------------------------------------------------
---------------------------------------------------------------------------------
Start Renaming Generated Nets
---------------------------------------------------------------------------------
---------------------------------------------------------------------------------
Finished Renaming Generated Nets : Time (s): cpu = 00:00:41 ; elapsed = 00:00:45 . Memory (MB): peak = 1905.129 ; gain = 1191.926
---------------------------------------------------------------------------------
---------------------------------------------------------------------------------
Start Writing Synthesis Report
---------------------------------------------------------------------------------

DSP Final Report (the ' indicates corresponding REG is set)
+--------------+-------------+--------+--------+--------+--------+--------+------+------+------+------+-------+------+------+
|Module Name   | DSP Mapping | A Size | B Size | C Size | D Size | P Size | AREG | BREG | CREG | DREG | ADREG | MREG | PREG | 
+--------------+-------------+--------+--------+--------+--------+--------+------+------+------+------+-------+------+------+
|draw_rect_ctl | A*B         | 30     | 8      | -      | -      | 29     | 0    | 0    | -    | -    | -     | 0    | 0    | 
+--------------+-------------+--------+--------+--------+--------+--------+------+------+------+------+-------+------+------+


Report BlackBoxes: 
+-+--------------+----------+
| |BlackBox name |Instances |
+-+--------------+----------+
+-+--------------+----------+

Report Cell Usage: 
+------+-----------+------+
|      |Cell       |Count |
+------+-----------+------+
|1     |BUFG       |     1|
|2     |BUFGCE     |     2|
|3     |BUFH       |     2|
|4     |CARRY4     |    97|
|5     |DSP48E1    |     1|
|6     |LUT1       |    52|
|7     |LUT2       |   278|
|8     |LUT3       |   133|
|9     |LUT4       |   109|
|10    |LUT5       |   103|
|11    |LUT6       |   228|
|12    |MMCME2_ADV |     1|
|13    |ODDR       |     1|
|14    |RAMB18E1   |     3|
|17    |RAMB36E1   |     1|
|18    |FDCE       |   263|
|19    |FDPE       |     5|
|20    |FDRE       |   394|
|21    |FDSE       |    36|
|22    |IBUF       |     2|
|23    |IOBUF      |     2|
|24    |OBUF       |    15|
+------+-----------+------+
---------------------------------------------------------------------------------
Finished Writing Synthesis Report : Time (s): cpu = 00:00:41 ; elapsed = 00:00:45 . Memory (MB): peak = 1905.129 ; gain = 1191.926
---------------------------------------------------------------------------------
Synthesis finished with 0 errors, 0 critical warnings and 12 warnings.
Synthesis Optimization Runtime : Time (s): cpu = 00:00:30 ; elapsed = 00:00:42 . Memory (MB): peak = 1905.129 ; gain = 1113.730
Synthesis Optimization Complete : Time (s): cpu = 00:00:41 ; elapsed = 00:00:45 . Memory (MB): peak = 1905.129 ; gain = 1191.926
INFO: [Project 1-571] Translating synthesized netlist
Netlist sorting complete. Time (s): cpu = 00:00:00 ; elapsed = 00:00:00.023 . Memory (MB): peak = 1910.312 ; gain = 0.000
WARNING: [Netlist 29-345] The value of SIM_DEVICE on instance 'u_clk_wiz/inst/clkout1_buf' of type 'BUFGCE' is 'ULTRASCALE'; it is being changed to match the current FPGA architecture, '7SERIES'. For functional simulation to match hardware behavior, the value of SIM_DEVICE should be changed in the source netlist. 
WARNING: [Netlist 29-345] The value of SIM_DEVICE on instance 'u_clk_wiz/inst/clkout2_buf' of type 'BUFGCE' is 'ULTRASCALE'; it is being changed to match the current FPGA architecture, '7SERIES'. For functional simulation to match hardware behavior, the value of SIM_DEVICE should be changed in the source netlist. 
INFO: [Netlist 29-17] Analyzing 108 Unisim elements for replacement
INFO: [Netlist 29-28] Unisim Transformation completed in 0 CPU seconds
INFO: [Project 1-570] Preparing netlist for logic optimization
INFO: [Opt 31-138] Pushed 0 inverter(s) to 0 load pin(s).
Netlist sorting complete. Time (s): cpu = 00:00:00 ; elapsed = 00:00:00.001 . Memory (MB): peak = 1917.879 ; gain = 0.000
INFO: [Project 1-111] Unisim Transformation Summary:
  A total of 4 instances were transformed.
  BUFGCE => BUFGCTRL: 2 instances
  IOBUF => IOBUF (IBUF, OBUFT): 2 instances

Synth Design complete | Checksum: a693719f
INFO: [Common 17-83] Releasing license: Synthesis
86 Infos, 33 Warnings, 0 Critical Warnings and 0 Errors encountered.
synth_design completed successfully
synth_design: Time (s): cpu = 00:00:46 ; elapsed = 00:00:52 . Memory (MB): peak = 1917.879 ; gain = 1393.281
Write ShapeDB Complete: Time (s): cpu = 00:00:00 ; elapsed = 00:00:00.004 . Memory (MB): peak = 1917.879 ; gain = 0.000
INFO: [Common 17-1381] The checkpoint 'C:/Users/Admin/Desktop/projekt/uec2-lab1-vga-gr3-kholuj-lab5/fpga/build/vga_project.runs/synth_1/top_vga_basys3.dcp' has been generated.
INFO: [Vivado 12-24828] Executing command : report_utilization -file top_vga_basys3_utilization_synth.rpt -pb top_vga_basys3_utilization_synth.pb
INFO: [Common 17-206] Exiting Vivado at Mon Aug 17 09:21:56 2026...
