Copyright 1986-2022 Xilinx, Inc. All Rights Reserved. Copyright 2022-2025 Advanced Micro Devices, Inc. All Rights Reserved.
---------------------------------------------------------------------------------------------------------------------------------------------
| Tool Version : Vivado v.2025.2 (win64) Build 6299465 Fri Nov 14 19:35:11 GMT 2025
| Date         : Mon Aug 17 09:22:46 2026
| Host         : DESKTOP-F52E2VT running 64-bit major release  (build 9200)
| Command      : report_control_sets -verbose -file top_vga_basys3_control_sets_placed.rpt
| Design       : top_vga_basys3
| Device       : xc7a35t
---------------------------------------------------------------------------------------------------------------------------------------------

Control Set Information

Table of Contents
-----------------
1. Summary
2. Histogram
3. Flip-Flop Distribution
4. Detailed Control Set Information

1. Summary
----------

+----------------------------------------------------------+-------+
|                          Status                          | Count |
+----------------------------------------------------------+-------+
| Total control sets                                       |    31 |
|    Minimum number of control sets                        |    31 |
|    Addition due to synthesis replication                 |     0 |
|    Addition due to physical synthesis replication        |     0 |
| Unused register locations in slices containing registers |    94 |
+----------------------------------------------------------+-------+
* Control sets can be merged at opt_design using control_set_merge or merge_equivalent_drivers
** Run report_qor_suggestions for automated merging and remapping suggestions


2. Histogram
------------

+--------------------+-------+
|       Fanout       | Count |
+--------------------+-------+
| Total control sets |    31 |
| >= 0 to < 4        |     0 |
| >= 4 to < 6        |     6 |
| >= 6 to < 8        |     3 |
| >= 8 to < 10       |     7 |
| >= 10 to < 12      |     4 |
| >= 12 to < 14      |     2 |
| >= 14 to < 16      |     0 |
| >= 16              |     9 |
+--------------------+-------+
* Control sets can be remapped at either synth_design or opt_design


3. Flip-Flop Distribution
-------------------------

+--------------+-----------------------+------------------------+-----------------+--------------+
| Clock Enable | Synchronous Set/Reset | Asynchronous Set/Reset | Total Registers | Total Slices |
+--------------+-----------------------+------------------------+-----------------+--------------+
| No           | No                    | No                     |             186 |           58 |
| No           | No                    | Yes                    |             197 |           69 |
| No           | Yes                   | No                     |             122 |           40 |
| Yes          | No                    | No                     |             118 |           29 |
| Yes          | No                    | Yes                    |              71 |           18 |
| Yes          | Yes                   | No                     |               4 |            1 |
+--------------+-----------------------+------------------------+-----------------+--------------+


4. Detailed Control Set Information
-----------------------------------

+--------------------------------------------+------------------------------------------------------------------+-------------------------------------------------------------------+------------------+----------------+--------------+
|                Clock Signal                |                           Enable Signal                          |                          Set/Reset Signal                         | Slice Load Count | Bel Load Count | Bels / Slice |
+--------------------------------------------+------------------------------------------------------------------+-------------------------------------------------------------------+------------------+----------------+--------------+
|  u_clk_wiz/inst/clk100MHz                  |                                                                  | u_top_vga/u_mouse/Inst_Ps2Interface/clk_inter0                    |                1 |              4 |         4.00 |
|  u_clk_wiz/inst/clk100MHz                  |                                                                  | u_top_vga/u_mouse/Inst_Ps2Interface/data_inter0                   |                1 |              4 |         4.00 |
|  u_clk_wiz/inst/clk100MHz                  | u_top_vga/u_mouse/Inst_Ps2Interface/shift_frame                  | u_top_vga/u_mouse/Inst_Ps2Interface/reset_bit_count               |                1 |              4 |         4.00 |
|  u_clk_wiz/inst/clk100MHz                  |                                                                  | u_top_vga/u_mouse/Inst_Ps2Interface/delay_100us_count[13]_i_1_n_0 |                2 |              5 |         2.50 |
|  u_clk_wiz/inst/clk100MHz                  |                                                                  | u_top_vga/u_mouse/Inst_Ps2Interface/delay_20us_count[5]_i_1_n_0   |                2 |              5 |         2.50 |
|  u_clk_wiz/inst/clk100MHz                  | u_top_vga/u_mouse/Inst_Ps2Interface/FSM_onehot_state_reg[0]_3    | btnC_IBUF                                                         |                2 |              5 |         2.50 |
|  u_clk_wiz/inst/clk100MHz                  |                                                                  | u_top_vga/u_mouse/Inst_Ps2Interface/delay_20us_count[10]_i_1_n_0  |                2 |              6 |         3.00 |
|  u_clk_wiz/inst/clk100MHz                  |                                                                  | u_top_vga/u_mouse/Inst_Ps2Interface/delay_63clk_count[6]_i_1_n_0  |                2 |              7 |         3.50 |
|  u_clk_wiz/inst/clk100MHz                  | u_top_vga/u_draw_rect_char/btnC                                  |                                                                   |                2 |              7 |         3.50 |
|  u_clk_wiz/inst/clk100MHz                  | u_top_vga/u_mouse/tx_data[7]_i_1_n_0                             |                                                                   |                2 |              8 |         4.00 |
|  u_clk_wiz/inst/clk100MHz                  | u_top_vga/u_mouse/Inst_Ps2Interface/load_rx_data                 |                                                                   |                2 |              8 |         4.00 |
|  u_clk_wiz/inst/clk100MHz                  | u_top_vga/u_mouse/Inst_Ps2Interface/E[0]                         | btnC_IBUF                                                         |                1 |              8 |         8.00 |
|  u_clk_wiz/inst/clk100MHz                  | u_top_vga/u_mouse/Inst_Ps2Interface/FSM_onehot_state_reg[0]_2[0] | btnC_IBUF                                                         |                2 |              8 |         4.00 |
|  u_clk_wiz/inst/clk100MHz_clk_wiz_0_en_clk |                                                                  |                                                                   |                1 |              8 |         8.00 |
|  u_clk_wiz/inst/clk40MHz_clk_wiz_0_en_clk  |                                                                  |                                                                   |                1 |              8 |         8.00 |
|  u_clk_wiz/inst/clk100MHz                  |                                                                  | u_top_vga/u_mouse/Inst_Ps2Interface/delay_100us_count[12]_i_1_n_0 |                4 |              9 |         2.25 |
|  u_clk_wiz/inst/clk40MHz                   |                                                                  | u_top_vga/u_draw_rect_char/vga_out\\.rgb15_out                    |                2 |             10 |         5.00 |
|  u_clk_wiz/inst/clk40MHz                   | u_top_vga/u_rect_ctl/rect_x_reg[0]                               | btnC_IBUF                                                         |                2 |             10 |         5.00 |
|  u_clk_wiz/inst/clk100MHz                  | u_top_vga/u_mouse/Inst_Ps2Interface/frame[9]_i_1_n_0             |                                                                   |                2 |             10 |         5.00 |
|  u_clk_wiz/inst/clk100MHz                  | u_top_vga/u_mouse/y_new_reg_n_0                                  |                                                                   |                3 |             11 |         3.67 |
|  u_clk_wiz/inst/clk40MHz                   |                                                                  | u_top_vga/u_draw_rect/SS[0]                                       |                5 |             12 |         2.40 |
|  u_clk_wiz/inst/clk100MHz                  | u_top_vga/u_mouse/x_new_reg_n_0                                  |                                                                   |                4 |             12 |         3.00 |
|  u_clk_wiz/inst/clk40MHz                   | u_top_vga/u_rect_ctl/y_fp[0]                                     | btnC_IBUF                                                         |                6 |             20 |         3.33 |
|  u_clk_wiz/inst/clk40MHz                   | u_top_vga/u_rect_ctl/v_fp[0]                                     | btnC_IBUF                                                         |                5 |             20 |         4.00 |
|  u_clk_wiz/inst/clk100MHz                  |                                                                  | u_top_vga/u_mouse/reset_timeout_cnt_reg_n_0                       |                6 |             24 |         4.00 |
|  u_clk_wiz/inst/clk100MHz                  |                                                                  | u_top_vga/u_mouse/periodic_check_cnt[0]_i_1_n_0                   |                7 |             26 |         3.71 |
|  u_clk_wiz/inst/clk100MHz                  |                                                                  |                                                                   |               12 |             36 |         3.00 |
|  u_clk_wiz/inst/clk100MHz                  |                                                                  | btnC_IBUF                                                         |               18 |             59 |         3.28 |
|  u_clk_wiz/inst/clk40MHz                   | u_top_vga/u_draw_rect_char/btnC                                  |                                                                   |               14 |             62 |         4.43 |
|  u_clk_wiz/inst/clk40MHz                   |                                                                  |                                                                   |               44 |            134 |         3.05 |
|  u_clk_wiz/inst/clk40MHz                   |                                                                  | btnC_IBUF                                                         |               57 |            148 |         2.60 |
+--------------------------------------------+------------------------------------------------------------------+-------------------------------------------------------------------+------------------+----------------+--------------+


