Warnings, critical warnings and errors from synthesis and implementation

Created: 2026-08-17 09:23:28

----SYNTHESIS----
WARNING: [Synth 8-614] signal 'blank' is read in the process but is not in the sensitivity list [C:/Users/Admin/Desktop/projekt/uec2-lab1-vga-gr3-kholuj-lab5/fpga/rtl/MouseDisplay.vhd:214]
WARNING: [Synth 8-614] signal 'rgb_in' is read in the process but is not in the sensitivity list [C:/Users/Admin/Desktop/projekt/uec2-lab1-vga-gr3-kholuj-lab5/fpga/rtl/MouseDisplay.vhd:214]
WARNING: [Synth 8-6014] Unused sequential element v_before_reg was removed.  [C:/Users/Admin/Desktop/projekt/uec2-lab1-vga-gr3-kholuj-lab5/rtl/draw_rect_ctl.sv:113]
WARNING: [Synth 8-6014] Unused sequential element v_next_reg was removed.  [C:/Users/Admin/Desktop/projekt/uec2-lab1-vga-gr3-kholuj-lab5/rtl/draw_rect_ctl.sv:115]
WARNING: [Synth 8-6014] Unused sequential element y_next_reg was removed.  [C:/Users/Admin/Desktop/projekt/uec2-lab1-vga-gr3-kholuj-lab5/rtl/draw_rect_ctl.sv:116]
WARNING: [Synth 8-7129] Port vga_in\.rgb[11] in module draw_bg is either unconnected or has no load
WARNING: [Synth 8-7129] Port vga_in\.rgb[10] in module draw_bg is either unconnected or has no load
WARNING: [Synth 8-7129] Port vga_in\.rgb[9] in module draw_bg is either unconnected or has no load
WARNING: [Synth 8-7129] Port vga_in\.rgb[8] in module draw_bg is either unconnected or has no load
WARNING: [Synth 8-7129] Port vga_in\.rgb[7] in module draw_bg is either unconnected or has no load
WARNING: [Synth 8-7129] Port vga_in\.rgb[6] in module draw_bg is either unconnected or has no load
WARNING: [Synth 8-7129] Port vga_in\.rgb[5] in module draw_bg is either unconnected or has no load
WARNING: [Synth 8-7129] Port vga_in\.rgb[4] in module draw_bg is either unconnected or has no load
WARNING: [Synth 8-7129] Port vga_in\.rgb[3] in module draw_bg is either unconnected or has no load
WARNING: [Synth 8-7129] Port vga_in\.rgb[2] in module draw_bg is either unconnected or has no load
WARNING: [Synth 8-7129] Port vga_in\.rgb[1] in module draw_bg is either unconnected or has no load
WARNING: [Synth 8-7129] Port vga_in\.rgb[0] in module draw_bg is either unconnected or has no load
WARNING: [Synth 8-7129] Port vga_in\.rgb[11] in module draw_bg is either unconnected or has no load
WARNING: [Synth 8-7129] Port vga_in\.rgb[10] in module draw_bg is either unconnected or has no load
WARNING: [Synth 8-7129] Port vga_in\.rgb[9] in module draw_bg is either unconnected or has no load
WARNING: [Synth 8-7129] Port vga_in\.rgb[8] in module draw_bg is either unconnected or has no load
WARNING: [Synth 8-7129] Port vga_in\.rgb[7] in module draw_bg is either unconnected or has no load
WARNING: [Synth 8-7129] Port vga_in\.rgb[6] in module draw_bg is either unconnected or has no load
WARNING: [Synth 8-7129] Port vga_in\.rgb[5] in module draw_bg is either unconnected or has no load
WARNING: [Synth 8-7129] Port vga_in\.rgb[4] in module draw_bg is either unconnected or has no load
WARNING: [Synth 8-7129] Port vga_in\.rgb[3] in module draw_bg is either unconnected or has no load
WARNING: [Synth 8-7129] Port vga_in\.rgb[2] in module draw_bg is either unconnected or has no load
WARNING: [Synth 8-7129] Port vga_in\.rgb[1] in module draw_bg is either unconnected or has no load
WARNING: [Synth 8-7129] Port vga_in\.rgb[0] in module draw_bg is either unconnected or has no load

----IMPLEMENTATION----
CLEAR :)
