
*** Running vivado
    with args -log top_airhockey_basys3.vdi -applog -m64 -product Vivado -messageDb vivado.pb -mode batch -source top_airhockey_basys3.tcl -notrace


****** Vivado v2021.2 (64-bit)
  **** SW Build 3367213 on Tue Oct 19 02:47:39 MDT 2021
  **** IP Build 3369179 on Thu Oct 21 08:25:16 MDT 2021
    ** Copyright 1986-2021 Xilinx, Inc. All Rights Reserved.

source top_airhockey_basys3.tcl -notrace
Command: link_design -top top_airhockey_basys3 -part xc7a35tcpg236-1
Design is defaulting to srcset: sources_1
Design is defaulting to constrset: constrs_1
INFO: [Device 21-403] Loading part xc7a35tcpg236-1
Netlist sorting complete. Time (s): cpu = 00:00:00.03 ; elapsed = 00:00:00.04 . Memory (MB): peak = 2717.820 ; gain = 0.000 ; free physical = 6310 ; free virtual = 14157
INFO: [Netlist 29-17] Analyzing 317 Unisim elements for replacement
INFO: [Netlist 29-28] Unisim Transformation completed in 0 CPU seconds
INFO: [Project 1-479] Netlist was created with Vivado 2021.2
INFO: [Project 1-570] Preparing netlist for logic optimization
Parsing XDC File [/home/student/jwojciechowska/Desktop/projekt_cymbergaj_JW_KH-projekt_gra/fpga/constraints/top_airhockey_basys3.xdc]
Finished Parsing XDC File [/home/student/jwojciechowska/Desktop/projekt_cymbergaj_JW_KH-projekt_gra/fpga/constraints/top_airhockey_basys3.xdc]
Parsing XDC File [/home/student/jwojciechowska/Desktop/projekt_cymbergaj_JW_KH-projekt_gra/fpga/constraints/clk_wiz_0.xdc]
INFO: [Timing 38-35] Done setting XDC timing constraints. [/home/student/jwojciechowska/Desktop/projekt_cymbergaj_JW_KH-projekt_gra/fpga/constraints/clk_wiz_0.xdc:57]
INFO: [Timing 38-2] Deriving generated clocks [/home/student/jwojciechowska/Desktop/projekt_cymbergaj_JW_KH-projekt_gra/fpga/constraints/clk_wiz_0.xdc:57]
get_clocks: Time (s): cpu = 00:00:06 ; elapsed = 00:00:06 . Memory (MB): peak = 2856.602 ; gain = 82.875 ; free physical = 5844 ; free virtual = 13691
Finished Parsing XDC File [/home/student/jwojciechowska/Desktop/projekt_cymbergaj_JW_KH-projekt_gra/fpga/constraints/clk_wiz_0.xdc]
Parsing XDC File [/home/student/jwojciechowska/Desktop/projekt_cymbergaj_JW_KH-projekt_gra/fpga/constraints/clk_wiz_0_late.xdc]
Finished Parsing XDC File [/home/student/jwojciechowska/Desktop/projekt_cymbergaj_JW_KH-projekt_gra/fpga/constraints/clk_wiz_0_late.xdc]
INFO: [Opt 31-138] Pushed 0 inverter(s) to 0 load pin(s).
Netlist sorting complete. Time (s): cpu = 00:00:00 ; elapsed = 00:00:00 . Memory (MB): peak = 2856.605 ; gain = 0.000 ; free physical = 5852 ; free virtual = 13699
INFO: [Project 1-111] Unisim Transformation Summary:
  A total of 2 instances were transformed.
  IOBUF => IOBUF (IBUF, OBUFT): 2 instances

9 Infos, 0 Warnings, 0 Critical Warnings and 0 Errors encountered.
link_design completed successfully
link_design: Time (s): cpu = 00:00:11 ; elapsed = 00:00:11 . Memory (MB): peak = 2856.605 ; gain = 138.902 ; free physical = 5852 ; free virtual = 13699
Command: opt_design
Attempting to get a license for feature 'Implementation' and/or device 'xc7a35t'
INFO: [Common 17-349] Got license for feature 'Implementation' and/or device 'xc7a35t'
Running DRC as a precondition to command opt_design

Starting DRC Task
INFO: [DRC 23-27] Running DRC with 8 threads
INFO: [Project 1-461] DRC finished with 0 Errors
INFO: [Project 1-462] Please refer to the DRC report (report_drc) for more information.

Time (s): cpu = 00:00:01 ; elapsed = 00:00:00.81 . Memory (MB): peak = 2920.633 ; gain = 64.027 ; free physical = 5840 ; free virtual = 13686

Starting Cache Timing Information Task
INFO: [Timing 38-35] Done setting XDC timing constraints.
Ending Cache Timing Information Task | Checksum: 13862b1d7

Time (s): cpu = 00:00:00.58 ; elapsed = 00:00:00.23 . Memory (MB): peak = 2920.633 ; gain = 0.000 ; free physical = 5832 ; free virtual = 13679

Starting Logic Optimization Task

Phase 1 Retarget
INFO: [Opt 31-1287] Pulled Inverter u_top_airhockey/u_draw_modeminus_label/char_code[4]_i_1__10 into driver instance u_top_airhockey/u_draw_modeminus_label/char_code[6]_i_2__6, which resulted in an inversion of 4 pins
INFO: [Opt 31-1287] Pulled Inverter u_top_airhockey/u_mouse/Inst_Ps2Interface/ps2_clk_h_inv_i_1 into driver instance u_top_airhockey/u_mouse/Inst_Ps2Interface/ps2_clk_h_inv_i_2, which resulted in an inversion of 1 pins
INFO: [Opt 31-1287] Pulled Inverter u_top_airhockey/u_mouse/Inst_Ps2Interface/ps2_data_h_inv_i_1 into driver instance u_top_airhockey/u_mouse/Inst_Ps2Interface/ps2_data_h_inv_i_2, which resulted in an inversion of 1 pins
INFO: [Opt 31-1287] Pulled Inverter u_top_airhockey/u_puck_ctl/ai_x[0]_i_62 into driver instance u_top_airhockey/u_puck_ctl/ai_x[4]_i_9, which resulted in an inversion of 4 pins
INFO: [Opt 31-1287] Pulled Inverter u_top_airhockey/u_puck_ctl/ai_y[11]_i_55 into driver instance u_top_airhockey/u_puck_ctl/ai_y[9]_i_2, which resulted in an inversion of 4 pins
INFO: [Opt 31-1287] Pulled Inverter u_top_airhockey/u_puck_ctl/ai_y[11]_i_56 into driver instance u_top_airhockey/u_puck_ctl/ai_y[8]_i_2, which resulted in an inversion of 4 pins
INFO: [Opt 31-1287] Pulled Inverter u_top_airhockey/u_puck_ctl/ai_y[11]_i_68 into driver instance u_top_airhockey/u_puck_ctl/ai_y[7]_i_4, which resulted in an inversion of 4 pins
INFO: [Opt 31-1287] Pulled Inverter u_top_airhockey/u_puck_ctl/ai_y[11]_i_69 into driver instance u_top_airhockey/u_puck_ctl/ai_y[6]_i_2, which resulted in an inversion of 4 pins
INFO: [Opt 31-1287] Pulled Inverter u_top_airhockey/u_puck_ctl/ai_y[11]_i_70 into driver instance u_top_airhockey/u_puck_ctl/ai_y[5]_i_2, which resulted in an inversion of 4 pins
INFO: [Opt 31-1287] Pulled Inverter u_top_airhockey/u_puck_ctl/ai_y[11]_i_74 into driver instance u_top_airhockey/u_puck_ctl/ai_y[3]_i_4, which resulted in an inversion of 5 pins
INFO: [Opt 31-1287] Pulled Inverter u_top_airhockey/u_puck_ctl/ai_y[11]_i_75 into driver instance u_top_airhockey/u_puck_ctl/ai_y[1]_i_2, which resulted in an inversion of 5 pins
INFO: [Opt 31-1287] Pulled Inverter u_top_airhockey/u_puck_ctl/vx[12]_i_10 into driver instance u_top_airhockey/u_puck_ctl/vx[10]_i_2, which resulted in an inversion of 2 pins
INFO: [Opt 31-1287] Pulled Inverter u_top_airhockey/u_puck_ctl/vx[12]_i_11 into driver instance u_top_airhockey/u_puck_ctl/vx[9]_i_2, which resulted in an inversion of 2 pins
INFO: [Opt 31-1287] Pulled Inverter u_top_airhockey/u_puck_ctl/vx[12]_i_8 into driver instance u_top_airhockey/u_puck_ctl/vx[12]_i_7, which resulted in an inversion of 2 pins
INFO: [Opt 31-1287] Pulled Inverter u_top_airhockey/u_puck_ctl/vx[12]_i_9 into driver instance u_top_airhockey/u_puck_ctl/vx[11]_i_2, which resulted in an inversion of 2 pins
INFO: [Opt 31-1287] Pulled Inverter u_top_airhockey/u_puck_ctl/vx[4]_i_5 into driver instance u_top_airhockey/u_puck_ctl/vx[4]_i_3, which resulted in an inversion of 2 pins
INFO: [Opt 31-1287] Pulled Inverter u_top_airhockey/u_puck_ctl/vx[4]_i_6 into driver instance u_top_airhockey/u_puck_ctl/vx[3]_i_2, which resulted in an inversion of 2 pins
INFO: [Opt 31-1287] Pulled Inverter u_top_airhockey/u_puck_ctl/vx[4]_i_7 into driver instance u_top_airhockey/u_puck_ctl/vx[2]_i_2, which resulted in an inversion of 2 pins
INFO: [Opt 31-1287] Pulled Inverter u_top_airhockey/u_puck_ctl/vx[4]_i_8 into driver instance u_top_airhockey/u_puck_ctl/vx[1]_i_2, which resulted in an inversion of 2 pins
INFO: [Opt 31-1287] Pulled Inverter u_top_airhockey/u_puck_ctl/vx[8]_i_4 into driver instance u_top_airhockey/u_puck_ctl/vx[8]_i_3, which resulted in an inversion of 2 pins
INFO: [Opt 31-1287] Pulled Inverter u_top_airhockey/u_puck_ctl/vx[8]_i_5 into driver instance u_top_airhockey/u_puck_ctl/vx[7]_i_2, which resulted in an inversion of 2 pins
INFO: [Opt 31-1287] Pulled Inverter u_top_airhockey/u_puck_ctl/vx[8]_i_6 into driver instance u_top_airhockey/u_puck_ctl/vx[6]_i_2, which resulted in an inversion of 2 pins
INFO: [Opt 31-1287] Pulled Inverter u_top_airhockey/u_puck_ctl/vx[8]_i_7 into driver instance u_top_airhockey/u_puck_ctl/vx[5]_i_2, which resulted in an inversion of 2 pins
INFO: [Opt 31-138] Pushed 0 inverter(s) to 0 load pin(s).
INFO: [Opt 31-49] Retargeted 0 cell(s).
Phase 1 Retarget | Checksum: 209d5bf74

Time (s): cpu = 00:00:00.55 ; elapsed = 00:00:00.23 . Memory (MB): peak = 3132.602 ; gain = 0.004 ; free physical = 5605 ; free virtual = 13452
INFO: [Opt 31-389] Phase Retarget created 0 cells and removed 24 cells
INFO: [Opt 31-1021] In phase Retarget, 2 netlist objects are constrained preventing optimization. Please run opt_design with -debug_log to get more detail. 

Phase 2 Constant propagation
INFO: [Opt 31-138] Pushed 0 inverter(s) to 0 load pin(s).
Phase 2 Constant propagation | Checksum: 21252ea01

Time (s): cpu = 00:00:00.60 ; elapsed = 00:00:00.28 . Memory (MB): peak = 3132.602 ; gain = 0.004 ; free physical = 5605 ; free virtual = 13452
INFO: [Opt 31-389] Phase Constant propagation created 0 cells and removed 1 cells

Phase 3 Sweep
Phase 3 Sweep | Checksum: 21b128265

Time (s): cpu = 00:00:00.68 ; elapsed = 00:00:00.37 . Memory (MB): peak = 3132.602 ; gain = 0.004 ; free physical = 5605 ; free virtual = 13452
INFO: [Opt 31-389] Phase Sweep created 0 cells and removed 0 cells

Phase 4 BUFG optimization
Phase 4 BUFG optimization | Checksum: 1f0e86645

Time (s): cpu = 00:00:00.74 ; elapsed = 00:00:00.43 . Memory (MB): peak = 3132.602 ; gain = 0.004 ; free physical = 5605 ; free virtual = 13452
INFO: [Opt 31-662] Phase BUFG optimization created 0 cells of which 0 are BUFGs and removed 0 cells.

Phase 5 Shift Register Optimization
INFO: [Opt 31-1064] SRL Remap converted 0 SRLs to 0 registers and converted 0 registers of register chains to 0 SRLs
Phase 5 Shift Register Optimization | Checksum: 1f0e86645

Time (s): cpu = 00:00:00.75 ; elapsed = 00:00:00.47 . Memory (MB): peak = 3132.602 ; gain = 0.004 ; free physical = 5605 ; free virtual = 13452
INFO: [Opt 31-389] Phase Shift Register Optimization created 0 cells and removed 0 cells

Phase 6 Post Processing Netlist
Phase 6 Post Processing Netlist | Checksum: 21b128265

Time (s): cpu = 00:00:00.77 ; elapsed = 00:00:00.49 . Memory (MB): peak = 3132.602 ; gain = 0.004 ; free physical = 5605 ; free virtual = 13452
INFO: [Opt 31-389] Phase Post Processing Netlist created 0 cells and removed 0 cells
Opt_design Change Summary
=========================


-------------------------------------------------------------------------------------------------------------------------
|  Phase                        |  #Cells created  |  #Cells Removed  |  #Constrained objects preventing optimizations  |
-------------------------------------------------------------------------------------------------------------------------
|  Retarget                     |               0  |              24  |                                              2  |
|  Constant propagation         |               0  |               1  |                                              0  |
|  Sweep                        |               0  |               0  |                                              0  |
|  BUFG optimization            |               0  |               0  |                                              0  |
|  Shift Register Optimization  |               0  |               0  |                                              0  |
|  Post Processing Netlist      |               0  |               0  |                                              0  |
-------------------------------------------------------------------------------------------------------------------------



Starting Connectivity Check Task

Time (s): cpu = 00:00:00.01 ; elapsed = 00:00:00.01 . Memory (MB): peak = 3132.602 ; gain = 0.000 ; free physical = 5606 ; free virtual = 13453
Ending Logic Optimization Task | Checksum: 13b03e43d

Time (s): cpu = 00:00:00.88 ; elapsed = 00:00:00.60 . Memory (MB): peak = 3132.602 ; gain = 0.004 ; free physical = 5606 ; free virtual = 13453

Starting Power Optimization Task
INFO: [Pwropt 34-132] Skipping clock gating for clocks with a period < 2.00 ns.
INFO: [Timing 38-35] Done setting XDC timing constraints.
INFO: [Pwropt 34-9] Applying IDT optimizations ...
INFO: [Pwropt 34-10] Applying ODC optimizations ...
Running Vector-less Activity Propagation...

Finished Running Vector-less Activity Propagation


Starting PowerOpt Patch Enables Task
INFO: [Pwropt 34-162] WRITE_MODE attribute of 0 BRAM(s) out of a total of 10 has been updated to save power. Run report_power_opt to get a complete listing of the BRAMs updated.
INFO: [Pwropt 34-201] Structural ODC has moved 0 WE to EN ports
Number of BRAM Ports augmented: 0 newly gated: 19 Total Ports: 20
Ending PowerOpt Patch Enables Task | Checksum: 18636383a

Time (s): cpu = 00:00:00.05 ; elapsed = 00:00:00.06 . Memory (MB): peak = 3421.582 ; gain = 0.000 ; free physical = 5588 ; free virtual = 13435
Ending Power Optimization Task | Checksum: 18636383a

Time (s): cpu = 00:00:02 ; elapsed = 00:00:01 . Memory (MB): peak = 3421.582 ; gain = 288.980 ; free physical = 5593 ; free virtual = 13440

Starting Final Cleanup Task
Ending Final Cleanup Task | Checksum: 18636383a

Time (s): cpu = 00:00:00 ; elapsed = 00:00:00 . Memory (MB): peak = 3421.582 ; gain = 0.000 ; free physical = 5593 ; free virtual = 13440

Starting Netlist Obfuscation Task
Netlist sorting complete. Time (s): cpu = 00:00:00.01 ; elapsed = 00:00:00.01 . Memory (MB): peak = 3421.582 ; gain = 0.000 ; free physical = 5593 ; free virtual = 13440
Ending Netlist Obfuscation Task | Checksum: 148b03717

Time (s): cpu = 00:00:00.01 ; elapsed = 00:00:00.01 . Memory (MB): peak = 3421.582 ; gain = 0.000 ; free physical = 5593 ; free virtual = 13440
INFO: [Common 17-83] Releasing license: Implementation
55 Infos, 0 Warnings, 0 Critical Warnings and 0 Errors encountered.
opt_design completed successfully
INFO: [Timing 38-35] Done setting XDC timing constraints.
INFO: [Timing 38-480] Writing timing data to binary archive.
Writing placer database...
Writing XDEF routing.
Writing XDEF routing logical nets.
Writing XDEF routing special nets.
Write XDEF Complete: Time (s): cpu = 00:00:00.27 ; elapsed = 00:00:00.11 . Memory (MB): peak = 3421.582 ; gain = 0.000 ; free physical = 5581 ; free virtual = 13431
INFO: [Common 17-1381] The checkpoint '/home/student/jwojciechowska/Desktop/projekt_cymbergaj_JW_KH-projekt_gra/fpga/build/airhockey_project.runs/impl_1/top_airhockey_basys3_opt.dcp' has been generated.
INFO: [runtcl-4] Executing : report_drc -file top_airhockey_basys3_drc_opted.rpt -pb top_airhockey_basys3_drc_opted.pb -rpx top_airhockey_basys3_drc_opted.rpx
Command: report_drc -file top_airhockey_basys3_drc_opted.rpt -pb top_airhockey_basys3_drc_opted.pb -rpx top_airhockey_basys3_drc_opted.rpx
INFO: [IP_Flow 19-234] Refreshing IP repositories
INFO: [IP_Flow 19-1704] No user IP repositories specified
INFO: [IP_Flow 19-2313] Loaded Vivado IP repository '/home_local/Xilinx/Vivado/2021.2/data/ip'.
INFO: [DRC 23-27] Running DRC with 8 threads
INFO: [Vivado_Tcl 2-168] The results of DRC are in file /home/student/jwojciechowska/Desktop/projekt_cymbergaj_JW_KH-projekt_gra/fpga/build/airhockey_project.runs/impl_1/top_airhockey_basys3_drc_opted.rpt.
report_drc completed successfully
Command: place_design
Attempting to get a license for feature 'Implementation' and/or device 'xc7a35t'
INFO: [Common 17-349] Got license for feature 'Implementation' and/or device 'xc7a35t'
INFO: [DRC 23-27] Running DRC with 8 threads
INFO: [Vivado_Tcl 4-198] DRC finished with 0 Errors
INFO: [Vivado_Tcl 4-199] Please refer to the DRC report (report_drc) for more information.
Running DRC as a precondition to command place_design
INFO: [DRC 23-27] Running DRC with 8 threads
INFO: [Vivado_Tcl 4-198] DRC finished with 0 Errors
INFO: [Vivado_Tcl 4-199] Please refer to the DRC report (report_drc) for more information.

Starting Placer Task
INFO: [Place 30-611] Multithreading enabled for place_design using a maximum of 8 CPUs

Phase 1 Placer Initialization

Phase 1.1 Placer Initialization Netlist Sorting
Netlist sorting complete. Time (s): cpu = 00:00:00 ; elapsed = 00:00:00 . Memory (MB): peak = 3421.582 ; gain = 0.000 ; free physical = 5519 ; free virtual = 13368
Phase 1.1 Placer Initialization Netlist Sorting | Checksum: 1249fe8ad

Time (s): cpu = 00:00:00 ; elapsed = 00:00:00.03 . Memory (MB): peak = 3421.582 ; gain = 0.000 ; free physical = 5519 ; free virtual = 13368
Netlist sorting complete. Time (s): cpu = 00:00:00 ; elapsed = 00:00:00 . Memory (MB): peak = 3421.582 ; gain = 0.000 ; free physical = 5519 ; free virtual = 13368

Phase 1.2 IO Placement/ Clock Placement/ Build Placer Device
Phase 1.2 IO Placement/ Clock Placement/ Build Placer Device | Checksum: a3881de4

Time (s): cpu = 00:00:00.54 ; elapsed = 00:00:00.29 . Memory (MB): peak = 3421.582 ; gain = 0.000 ; free physical = 5553 ; free virtual = 13402

Phase 1.3 Build Placer Netlist Model
Phase 1.3 Build Placer Netlist Model | Checksum: 10f3b0eb7

Time (s): cpu = 00:00:03 ; elapsed = 00:00:01 . Memory (MB): peak = 3421.582 ; gain = 0.000 ; free physical = 5554 ; free virtual = 13403

Phase 1.4 Constrain Clocks/Macros
Phase 1.4 Constrain Clocks/Macros | Checksum: 10f3b0eb7

Time (s): cpu = 00:00:03 ; elapsed = 00:00:01 . Memory (MB): peak = 3421.582 ; gain = 0.000 ; free physical = 5553 ; free virtual = 13402
Phase 1 Placer Initialization | Checksum: 10f3b0eb7

Time (s): cpu = 00:00:03 ; elapsed = 00:00:01 . Memory (MB): peak = 3421.582 ; gain = 0.000 ; free physical = 5551 ; free virtual = 13400

Phase 2 Global Placement

Phase 2.1 Floorplanning
Phase 2.1 Floorplanning | Checksum: ffb0034a

Time (s): cpu = 00:00:04 ; elapsed = 00:00:02 . Memory (MB): peak = 3421.582 ; gain = 0.000 ; free physical = 5557 ; free virtual = 13406

Phase 2.2 Update Timing before SLR Path Opt
Phase 2.2 Update Timing before SLR Path Opt | Checksum: e54da8de

Time (s): cpu = 00:00:05 ; elapsed = 00:00:02 . Memory (MB): peak = 3421.582 ; gain = 0.000 ; free physical = 5557 ; free virtual = 13406

Phase 2.3 Post-Processing in Floorplanning
Phase 2.3 Post-Processing in Floorplanning | Checksum: e54da8de

Time (s): cpu = 00:00:05 ; elapsed = 00:00:02 . Memory (MB): peak = 3421.582 ; gain = 0.000 ; free physical = 5557 ; free virtual = 13406

Phase 2.4 Global Placement Core

Phase 2.4.1 Physical Synthesis In Placer
INFO: [Physopt 32-1035] Found 1 LUTNM shape to break, 157 LUT instances to create LUTNM shape
INFO: [Physopt 32-1044] Break lutnm for timing: one critical 1, two critical 0, total 1, new lutff created 0
INFO: [Physopt 32-1138] End 1 Pass. Optimized 69 nets or LUTs. Breaked 1 LUT, combined 68 existing LUTs and moved 0 existing LUT
INFO: [Physopt 32-65] No nets found for high-fanout optimization.
INFO: [Physopt 32-232] Optimized 0 net. Created 0 new instance.
INFO: [Physopt 32-775] End 1 Pass. Optimized 0 net or cell. Created 0 new cell, deleted 0 existing cell and moved 0 existing cell
INFO: [Physopt 32-456] No candidate cells for DSP register optimization found in the design.
INFO: [Physopt 32-775] End 2 Pass. Optimized 0 net or cell. Created 0 new cell, deleted 0 existing cell and moved 0 existing cell
INFO: [Physopt 32-1123] No candidate cells found for Shift Register to Pipeline optimization
INFO: [Physopt 32-775] End 1 Pass. Optimized 0 net or cell. Created 0 new cell, deleted 0 existing cell and moved 0 existing cell
INFO: [Physopt 32-677] No candidate cells for Shift Register optimization found in the design
INFO: [Physopt 32-775] End 1 Pass. Optimized 0 net or cell. Created 0 new cell, deleted 0 existing cell and moved 0 existing cell
INFO: [Physopt 32-526] No candidate cells for BRAM register optimization found in the design
INFO: [Physopt 32-775] End 1 Pass. Optimized 0 net or cell. Created 0 new cell, deleted 0 existing cell and moved 0 existing cell
INFO: [Physopt 32-846] No candidate cells for URAM register optimization found in the design
INFO: [Physopt 32-775] End 2 Pass. Optimized 0 net or cell. Created 0 new cell, deleted 0 existing cell and moved 0 existing cell
INFO: [Physopt 32-949] No candidate nets found for dynamic/static region interface net replication
INFO: [Physopt 32-775] End 1 Pass. Optimized 0 net or cell. Created 0 new cell, deleted 0 existing cell and moved 0 existing cell
Netlist sorting complete. Time (s): cpu = 00:00:00 ; elapsed = 00:00:00 . Memory (MB): peak = 3421.582 ; gain = 0.000 ; free physical = 5536 ; free virtual = 13385

Summary of Physical Synthesis Optimizations
============================================


-----------------------------------------------------------------------------------------------------------------------------------------------------------
|  Optimization                                     |  Added Cells  |  Removed Cells  |  Optimized Cells/Nets  |  Dont Touch  |  Iterations  |  Elapsed   |
-----------------------------------------------------------------------------------------------------------------------------------------------------------
|  LUT Combining                                    |            1  |             68  |                    69  |           0  |           1  |  00:00:00  |
|  Retime                                           |            0  |              0  |                     0  |           0  |           1  |  00:00:00  |
|  Very High Fanout                                 |            0  |              0  |                     0  |           0  |           1  |  00:00:00  |
|  DSP Register                                     |            0  |              0  |                     0  |           0  |           1  |  00:00:00  |
|  Shift Register to Pipeline                       |            0  |              0  |                     0  |           0  |           1  |  00:00:00  |
|  Shift Register                                   |            0  |              0  |                     0  |           0  |           1  |  00:00:00  |
|  BRAM Register                                    |            0  |              0  |                     0  |           0  |           1  |  00:00:00  |
|  URAM Register                                    |            0  |              0  |                     0  |           0  |           1  |  00:00:00  |
|  Dynamic/Static Region Interface Net Replication  |            0  |              0  |                     0  |           0  |           1  |  00:00:00  |
|  Total                                            |            1  |             68  |                    69  |           0  |           9  |  00:00:00  |
-----------------------------------------------------------------------------------------------------------------------------------------------------------


Phase 2.4.1 Physical Synthesis In Placer | Checksum: d7ccf90e

Time (s): cpu = 00:00:17 ; elapsed = 00:00:06 . Memory (MB): peak = 3421.582 ; gain = 0.000 ; free physical = 5537 ; free virtual = 13386
Phase 2.4 Global Placement Core | Checksum: fd29b903

Time (s): cpu = 00:00:17 ; elapsed = 00:00:06 . Memory (MB): peak = 3421.582 ; gain = 0.000 ; free physical = 5536 ; free virtual = 13385
Phase 2 Global Placement | Checksum: fd29b903

Time (s): cpu = 00:00:17 ; elapsed = 00:00:06 . Memory (MB): peak = 3421.582 ; gain = 0.000 ; free physical = 5537 ; free virtual = 13386

Phase 3 Detail Placement

Phase 3.1 Commit Multi Column Macros
Phase 3.1 Commit Multi Column Macros | Checksum: 97c7cf4a

Time (s): cpu = 00:00:18 ; elapsed = 00:00:06 . Memory (MB): peak = 3421.582 ; gain = 0.000 ; free physical = 5531 ; free virtual = 13380

Phase 3.2 Commit Most Macros & LUTRAMs
Phase 3.2 Commit Most Macros & LUTRAMs | Checksum: 18b6c9324

Time (s): cpu = 00:00:20 ; elapsed = 00:00:06 . Memory (MB): peak = 3421.582 ; gain = 0.000 ; free physical = 5529 ; free virtual = 13378

Phase 3.3 Area Swap Optimization
Phase 3.3 Area Swap Optimization | Checksum: 1149d4f62

Time (s): cpu = 00:00:20 ; elapsed = 00:00:07 . Memory (MB): peak = 3421.582 ; gain = 0.000 ; free physical = 5529 ; free virtual = 13378

Phase 3.4 Pipeline Register Optimization
Phase 3.4 Pipeline Register Optimization | Checksum: 1589a67b2

Time (s): cpu = 00:00:20 ; elapsed = 00:00:07 . Memory (MB): peak = 3421.582 ; gain = 0.000 ; free physical = 5529 ; free virtual = 13379

Phase 3.5 Fast Optimization
Phase 3.5 Fast Optimization | Checksum: 178b0e041

Time (s): cpu = 00:00:22 ; elapsed = 00:00:07 . Memory (MB): peak = 3421.582 ; gain = 0.000 ; free physical = 5531 ; free virtual = 13380

Phase 3.6 Small Shape Detail Placement
Phase 3.6 Small Shape Detail Placement | Checksum: 1b0f3c02d

Time (s): cpu = 00:00:23 ; elapsed = 00:00:08 . Memory (MB): peak = 3421.582 ; gain = 0.000 ; free physical = 5528 ; free virtual = 13378

Phase 3.7 Re-assign LUT pins
Phase 3.7 Re-assign LUT pins | Checksum: 1a0e97468

Time (s): cpu = 00:00:23 ; elapsed = 00:00:09 . Memory (MB): peak = 3421.582 ; gain = 0.000 ; free physical = 5516 ; free virtual = 13365

Phase 3.8 Pipeline Register Optimization
Phase 3.8 Pipeline Register Optimization | Checksum: f64c291b

Time (s): cpu = 00:00:23 ; elapsed = 00:00:09 . Memory (MB): peak = 3421.582 ; gain = 0.000 ; free physical = 5521 ; free virtual = 13370
Phase 3 Detail Placement | Checksum: f64c291b

Time (s): cpu = 00:00:23 ; elapsed = 00:00:09 . Memory (MB): peak = 3421.582 ; gain = 0.000 ; free physical = 5517 ; free virtual = 13367

Phase 4 Post Placement Optimization and Clean-Up

Phase 4.1 Post Commit Optimization
INFO: [Timing 38-35] Done setting XDC timing constraints.

Phase 4.1.1 Post Placement Optimization
Post Placement Optimization Initialization | Checksum: 193312e1b

Phase 4.1.1.1 BUFG Insertion

Starting Physical Synthesis Task

Phase 1 Physical Synthesis Initialization
INFO: [Physopt 32-721] Multithreading enabled for phys_opt_design using a maximum of 8 CPUs
INFO: [Physopt 32-619] Estimated Timing Summary | WNS=0.141 | TNS=0.000 |
Phase 1 Physical Synthesis Initialization | Checksum: 11779ee01

Time (s): cpu = 00:00:00.55 ; elapsed = 00:00:00.12 . Memory (MB): peak = 3421.582 ; gain = 0.000 ; free physical = 5522 ; free virtual = 13371
INFO: [Place 46-33] Processed net u_top_airhockey/u_rst_ctl/sync_ff[1], BUFG insertion was skipped due to placement/routing conflicts.
INFO: [Place 46-33] Processed net u_top_airhockey/u_rst_ctl/sync_ff_reg[1]_0[0], BUFG insertion was skipped due to placement/routing conflicts.
INFO: [Place 46-56] BUFG insertion identified 2 candidate nets. Inserted BUFG: 0, Replicated BUFG Driver: 0, Skipped due to Placement/Routing Conflicts: 2, Skipped due to Timing Degradation: 0, Skipped due to Illegal Netlist: 0.
Ending Physical Synthesis Task | Checksum: 12f81fb13

Time (s): cpu = 00:00:00.78 ; elapsed = 00:00:00.24 . Memory (MB): peak = 3421.582 ; gain = 0.000 ; free physical = 5522 ; free virtual = 13371
Phase 4.1.1.1 BUFG Insertion | Checksum: 193312e1b

Time (s): cpu = 00:00:27 ; elapsed = 00:00:10 . Memory (MB): peak = 3421.582 ; gain = 0.000 ; free physical = 5522 ; free virtual = 13371

Phase 4.1.1.2 Post Placement Timing Optimization
INFO: [Place 30-746] Post Placement Timing Summary WNS=0.580. For the most accurate timing information please run report_timing.
Phase 4.1.1.2 Post Placement Timing Optimization | Checksum: 1239c8182

Time (s): cpu = 00:00:27 ; elapsed = 00:00:10 . Memory (MB): peak = 3421.582 ; gain = 0.000 ; free physical = 5496 ; free virtual = 13345

Time (s): cpu = 00:00:27 ; elapsed = 00:00:10 . Memory (MB): peak = 3421.582 ; gain = 0.000 ; free physical = 5496 ; free virtual = 13345
Phase 4.1 Post Commit Optimization | Checksum: 1239c8182

Time (s): cpu = 00:00:27 ; elapsed = 00:00:10 . Memory (MB): peak = 3421.582 ; gain = 0.000 ; free physical = 5496 ; free virtual = 13345

Phase 4.2 Post Placement Cleanup
Phase 4.2 Post Placement Cleanup | Checksum: 1239c8182

Time (s): cpu = 00:00:27 ; elapsed = 00:00:10 . Memory (MB): peak = 3421.582 ; gain = 0.000 ; free physical = 5496 ; free virtual = 13345

Phase 4.3 Placer Reporting

Phase 4.3.1 Print Estimated Congestion
INFO: [Place 30-612] Post-Placement Estimated Congestion 
 ____________________________________________________
|           | Global Congestion | Short Congestion  |
| Direction | Region Size       | Region Size       |
|___________|___________________|___________________|
|      North|                1x1|                1x1|
|___________|___________________|___________________|
|      South|                1x1|                1x1|
|___________|___________________|___________________|
|       East|                1x1|                1x1|
|___________|___________________|___________________|
|       West|                1x1|                1x1|
|___________|___________________|___________________|

Phase 4.3.1 Print Estimated Congestion | Checksum: 1239c8182

Time (s): cpu = 00:00:27 ; elapsed = 00:00:10 . Memory (MB): peak = 3421.582 ; gain = 0.000 ; free physical = 5496 ; free virtual = 13345
Phase 4.3 Placer Reporting | Checksum: 1239c8182

Time (s): cpu = 00:00:27 ; elapsed = 00:00:10 . Memory (MB): peak = 3421.582 ; gain = 0.000 ; free physical = 5496 ; free virtual = 13345

Phase 4.4 Final Placement Cleanup
Netlist sorting complete. Time (s): cpu = 00:00:00 ; elapsed = 00:00:00 . Memory (MB): peak = 3421.582 ; gain = 0.000 ; free physical = 5496 ; free virtual = 13345

Time (s): cpu = 00:00:27 ; elapsed = 00:00:10 . Memory (MB): peak = 3421.582 ; gain = 0.000 ; free physical = 5496 ; free virtual = 13345
Phase 4 Post Placement Optimization and Clean-Up | Checksum: 164c5935d

Time (s): cpu = 00:00:27 ; elapsed = 00:00:10 . Memory (MB): peak = 3421.582 ; gain = 0.000 ; free physical = 5496 ; free virtual = 13345
Ending Placer Task | Checksum: cd0e6025

Time (s): cpu = 00:00:27 ; elapsed = 00:00:10 . Memory (MB): peak = 3421.582 ; gain = 0.000 ; free physical = 5496 ; free virtual = 13345
INFO: [Common 17-83] Releasing license: Implementation
99 Infos, 0 Warnings, 0 Critical Warnings and 0 Errors encountered.
place_design completed successfully
place_design: Time (s): cpu = 00:00:29 ; elapsed = 00:00:11 . Memory (MB): peak = 3421.582 ; gain = 0.000 ; free physical = 5511 ; free virtual = 13360
INFO: [Timing 38-480] Writing timing data to binary archive.
Writing placer database...
Writing XDEF routing.
Writing XDEF routing logical nets.
Writing XDEF routing special nets.
Write XDEF Complete: Time (s): cpu = 00:00:01 ; elapsed = 00:00:01 . Memory (MB): peak = 3421.582 ; gain = 0.000 ; free physical = 5505 ; free virtual = 13363
INFO: [Common 17-1381] The checkpoint '/home/student/jwojciechowska/Desktop/projekt_cymbergaj_JW_KH-projekt_gra/fpga/build/airhockey_project.runs/impl_1/top_airhockey_basys3_placed.dcp' has been generated.
INFO: [runtcl-4] Executing : report_io -file top_airhockey_basys3_io_placed.rpt
report_io: Time (s): cpu = 00:00:00.07 ; elapsed = 00:00:00.13 . Memory (MB): peak = 3421.582 ; gain = 0.000 ; free physical = 5504 ; free virtual = 13355
INFO: [runtcl-4] Executing : report_utilization -file top_airhockey_basys3_utilization_placed.rpt -pb top_airhockey_basys3_utilization_placed.pb
INFO: [runtcl-4] Executing : report_control_sets -verbose -file top_airhockey_basys3_control_sets_placed.rpt
report_control_sets: Time (s): cpu = 00:00:00.02 ; elapsed = 00:00:00.08 . Memory (MB): peak = 3421.582 ; gain = 0.000 ; free physical = 5510 ; free virtual = 13361
Command: phys_opt_design
Attempting to get a license for feature 'Implementation' and/or device 'xc7a35t'
INFO: [Common 17-349] Got license for feature 'Implementation' and/or device 'xc7a35t'
INFO: [Vivado_Tcl 4-383] Design worst setup slack (WNS) is greater than or equal to 0.000 ns. Skipping all physical synthesis optimizations.
INFO: [Vivado_Tcl 4-232] No setup violation found. The netlist was not modified.
INFO: [Common 17-83] Releasing license: Implementation
108 Infos, 0 Warnings, 0 Critical Warnings and 0 Errors encountered.
phys_opt_design completed successfully
INFO: [Timing 38-480] Writing timing data to binary archive.
Writing placer database...
Writing XDEF routing.
Writing XDEF routing logical nets.
Writing XDEF routing special nets.
Write XDEF Complete: Time (s): cpu = 00:00:02 ; elapsed = 00:00:01 . Memory (MB): peak = 3421.582 ; gain = 0.000 ; free physical = 5474 ; free virtual = 13335
INFO: [Common 17-1381] The checkpoint '/home/student/jwojciechowska/Desktop/projekt_cymbergaj_JW_KH-projekt_gra/fpga/build/airhockey_project.runs/impl_1/top_airhockey_basys3_physopt.dcp' has been generated.
Command: route_design
Attempting to get a license for feature 'Implementation' and/or device 'xc7a35t'
INFO: [Common 17-349] Got license for feature 'Implementation' and/or device 'xc7a35t'
Running DRC as a precondition to command route_design
INFO: [DRC 23-27] Running DRC with 8 threads
INFO: [Vivado_Tcl 4-198] DRC finished with 0 Errors
INFO: [Vivado_Tcl 4-199] Please refer to the DRC report (report_drc) for more information.


Starting Routing Task
INFO: [Route 35-254] Multithreading enabled for route_design using a maximum of 8 CPUs

Phase 1 Build RT Design
Checksum: PlaceDB: 203b3025 ConstDB: 0 ShapeSum: acd33000 RouteDB: 0
Post Restoration Checksum: NetGraph: d501e22d NumContArr: d62f7724 Constraints: 0 Timing: 0
Phase 1 Build RT Design | Checksum: 1ab315951

Time (s): cpu = 00:00:15 ; elapsed = 00:00:12 . Memory (MB): peak = 3421.582 ; gain = 0.000 ; free physical = 5390 ; free virtual = 13243

Phase 2 Router Initialization

Phase 2.1 Create Timer
Phase 2.1 Create Timer | Checksum: 1ab315951

Time (s): cpu = 00:00:15 ; elapsed = 00:00:12 . Memory (MB): peak = 3421.582 ; gain = 0.000 ; free physical = 5385 ; free virtual = 13237

Phase 2.2 Fix Topology Constraints
Phase 2.2 Fix Topology Constraints | Checksum: 1ab315951

Time (s): cpu = 00:00:15 ; elapsed = 00:00:12 . Memory (MB): peak = 3421.582 ; gain = 0.000 ; free physical = 5358 ; free virtual = 13211

Phase 2.3 Pre Route Cleanup
Phase 2.3 Pre Route Cleanup | Checksum: 1ab315951

Time (s): cpu = 00:00:15 ; elapsed = 00:00:12 . Memory (MB): peak = 3421.582 ; gain = 0.000 ; free physical = 5354 ; free virtual = 13207
 Number of Nodes with overlaps = 0

Phase 2.4 Update Timing
Phase 2.4 Update Timing | Checksum: 7166d67b

Time (s): cpu = 00:00:19 ; elapsed = 00:00:13 . Memory (MB): peak = 3421.582 ; gain = 0.000 ; free physical = 5349 ; free virtual = 13202
INFO: [Route 35-416] Intermediate Timing Summary | WNS=1.025  | TNS=0.000  | WHS=-0.191 | THS=-77.811|


Router Utilization Summary
  Global Vertical Routing Utilization    = 0 %
  Global Horizontal Routing Utilization  = 0 %
  Routable Net Status*
  *Does not include unroutable nets such as driverless and loadless.
  Run report_route_status for detailed report.
  Number of Failed Nets               = 6137
    (Failed Nets is the sum of unrouted and partially routed nets)
  Number of Unrouted Nets             = 6137
  Number of Partially Routed Nets     = 0
  Number of Node Overlaps             = 0

Phase 2 Router Initialization | Checksum: ab5727a9

Time (s): cpu = 00:00:20 ; elapsed = 00:00:14 . Memory (MB): peak = 3421.582 ; gain = 0.000 ; free physical = 5342 ; free virtual = 13195

Phase 3 Initial Routing

Phase 3.1 Global Routing
Phase 3.1 Global Routing | Checksum: ab5727a9

Time (s): cpu = 00:00:20 ; elapsed = 00:00:14 . Memory (MB): peak = 3421.582 ; gain = 0.000 ; free physical = 5342 ; free virtual = 13195
Phase 3 Initial Routing | Checksum: 1c83e48dc

Time (s): cpu = 00:00:23 ; elapsed = 00:00:14 . Memory (MB): peak = 3421.582 ; gain = 0.000 ; free physical = 5329 ; free virtual = 13182

Phase 4 Rip-up And Reroute

Phase 4.1 Global Iteration 0
 Number of Nodes with overlaps = 738
 Number of Nodes with overlaps = 157
 Number of Nodes with overlaps = 58
 Number of Nodes with overlaps = 28
 Number of Nodes with overlaps = 9
 Number of Nodes with overlaps = 1
 Number of Nodes with overlaps = 0
INFO: [Route 35-416] Intermediate Timing Summary | WNS=0.308  | TNS=0.000  | WHS=N/A    | THS=N/A    |

Phase 4.1 Global Iteration 0 | Checksum: ee280f30

Time (s): cpu = 00:00:29 ; elapsed = 00:00:18 . Memory (MB): peak = 3421.582 ; gain = 0.000 ; free physical = 5337 ; free virtual = 13191

Phase 4.2 Global Iteration 1
 Number of Nodes with overlaps = 0
INFO: [Route 35-416] Intermediate Timing Summary | WNS=0.308  | TNS=0.000  | WHS=N/A    | THS=N/A    |

Phase 4.2 Global Iteration 1 | Checksum: 152bf7c61

Time (s): cpu = 00:00:29 ; elapsed = 00:00:18 . Memory (MB): peak = 3421.582 ; gain = 0.000 ; free physical = 5337 ; free virtual = 13190
Phase 4 Rip-up And Reroute | Checksum: 152bf7c61

Time (s): cpu = 00:00:29 ; elapsed = 00:00:18 . Memory (MB): peak = 3421.582 ; gain = 0.000 ; free physical = 5337 ; free virtual = 13190

Phase 5 Delay and Skew Optimization

Phase 5.1 Delay CleanUp
Phase 5.1 Delay CleanUp | Checksum: 152bf7c61

Time (s): cpu = 00:00:29 ; elapsed = 00:00:18 . Memory (MB): peak = 3421.582 ; gain = 0.000 ; free physical = 5337 ; free virtual = 13190

Phase 5.2 Clock Skew Optimization
Phase 5.2 Clock Skew Optimization | Checksum: 152bf7c61

Time (s): cpu = 00:00:29 ; elapsed = 00:00:18 . Memory (MB): peak = 3421.582 ; gain = 0.000 ; free physical = 5337 ; free virtual = 13190
Phase 5 Delay and Skew Optimization | Checksum: 152bf7c61

Time (s): cpu = 00:00:29 ; elapsed = 00:00:18 . Memory (MB): peak = 3421.582 ; gain = 0.000 ; free physical = 5337 ; free virtual = 13190

Phase 6 Post Hold Fix

Phase 6.1 Hold Fix Iter

Phase 6.1.1 Update Timing
Phase 6.1.1 Update Timing | Checksum: 1b4133575

Time (s): cpu = 00:00:30 ; elapsed = 00:00:19 . Memory (MB): peak = 3421.582 ; gain = 0.000 ; free physical = 5337 ; free virtual = 13190
INFO: [Route 35-416] Intermediate Timing Summary | WNS=0.387  | TNS=0.000  | WHS=0.015  | THS=0.000  |

Phase 6.1 Hold Fix Iter | Checksum: 127127ac5

Time (s): cpu = 00:00:30 ; elapsed = 00:00:19 . Memory (MB): peak = 3421.582 ; gain = 0.000 ; free physical = 5337 ; free virtual = 13190
Phase 6 Post Hold Fix | Checksum: 127127ac5

Time (s): cpu = 00:00:30 ; elapsed = 00:00:19 . Memory (MB): peak = 3421.582 ; gain = 0.000 ; free physical = 5337 ; free virtual = 13190

Phase 7 Route finalize

Router Utilization Summary
  Global Vertical Routing Utilization    = 1.55975 %
  Global Horizontal Routing Utilization  = 1.88899 %
  Routable Net Status*
  *Does not include unroutable nets such as driverless and loadless.
  Run report_route_status for detailed report.
  Number of Failed Nets               = 0
    (Failed Nets is the sum of unrouted and partially routed nets)
  Number of Unrouted Nets             = 0
  Number of Partially Routed Nets     = 0
  Number of Node Overlaps             = 0

Phase 7 Route finalize | Checksum: 1a784e9cb

Time (s): cpu = 00:00:30 ; elapsed = 00:00:19 . Memory (MB): peak = 3421.582 ; gain = 0.000 ; free physical = 5337 ; free virtual = 13190

Phase 8 Verifying routed nets

 Verification completed successfully
Phase 8 Verifying routed nets | Checksum: 1a784e9cb

Time (s): cpu = 00:00:30 ; elapsed = 00:00:19 . Memory (MB): peak = 3421.582 ; gain = 0.000 ; free physical = 5336 ; free virtual = 13189

Phase 9 Depositing Routes
Phase 9 Depositing Routes | Checksum: 249682573

Time (s): cpu = 00:00:31 ; elapsed = 00:00:19 . Memory (MB): peak = 3421.582 ; gain = 0.000 ; free physical = 5336 ; free virtual = 13189

Phase 10 Post Router Timing
INFO: [Route 35-57] Estimated Timing Summary | WNS=0.387  | TNS=0.000  | WHS=0.015  | THS=0.000  |

INFO: [Route 35-327] The final timing numbers are based on the router estimated timing analysis. For a complete and accurate timing signoff, please run report_timing_summary.
Phase 10 Post Router Timing | Checksum: 249682573

Time (s): cpu = 00:00:32 ; elapsed = 00:00:19 . Memory (MB): peak = 3421.582 ; gain = 0.000 ; free physical = 5332 ; free virtual = 13185
INFO: [Route 35-16] Router Completed Successfully

Time (s): cpu = 00:00:32 ; elapsed = 00:00:19 . Memory (MB): peak = 3421.582 ; gain = 0.000 ; free physical = 5367 ; free virtual = 13220

Routing Is Done.
INFO: [Common 17-83] Releasing license: Implementation
123 Infos, 0 Warnings, 0 Critical Warnings and 0 Errors encountered.
route_design completed successfully
route_design: Time (s): cpu = 00:00:36 ; elapsed = 00:00:21 . Memory (MB): peak = 3421.582 ; gain = 0.000 ; free physical = 5366 ; free virtual = 13219
INFO: [Timing 38-480] Writing timing data to binary archive.
Writing placer database...
Writing XDEF routing.
Writing XDEF routing logical nets.
Writing XDEF routing special nets.
Write XDEF Complete: Time (s): cpu = 00:00:02 ; elapsed = 00:00:02 . Memory (MB): peak = 3421.582 ; gain = 0.000 ; free physical = 5362 ; free virtual = 13225
INFO: [Common 17-1381] The checkpoint '/home/student/jwojciechowska/Desktop/projekt_cymbergaj_JW_KH-projekt_gra/fpga/build/airhockey_project.runs/impl_1/top_airhockey_basys3_routed.dcp' has been generated.
INFO: [runtcl-4] Executing : report_drc -file top_airhockey_basys3_drc_routed.rpt -pb top_airhockey_basys3_drc_routed.pb -rpx top_airhockey_basys3_drc_routed.rpx
Command: report_drc -file top_airhockey_basys3_drc_routed.rpt -pb top_airhockey_basys3_drc_routed.pb -rpx top_airhockey_basys3_drc_routed.rpx
INFO: [IP_Flow 19-1839] IP Catalog is up to date.
INFO: [DRC 23-27] Running DRC with 8 threads
INFO: [Vivado_Tcl 2-168] The results of DRC are in file /home/student/jwojciechowska/Desktop/projekt_cymbergaj_JW_KH-projekt_gra/fpga/build/airhockey_project.runs/impl_1/top_airhockey_basys3_drc_routed.rpt.
report_drc completed successfully
INFO: [runtcl-4] Executing : report_methodology -file top_airhockey_basys3_methodology_drc_routed.rpt -pb top_airhockey_basys3_methodology_drc_routed.pb -rpx top_airhockey_basys3_methodology_drc_routed.rpx
Command: report_methodology -file top_airhockey_basys3_methodology_drc_routed.rpt -pb top_airhockey_basys3_methodology_drc_routed.pb -rpx top_airhockey_basys3_methodology_drc_routed.rpx
INFO: [Timing 38-35] Done setting XDC timing constraints.
INFO: [DRC 23-133] Running Methodology with 8 threads
INFO: [Vivado_Tcl 2-1520] The results of Report Methodology are in file /home/student/jwojciechowska/Desktop/projekt_cymbergaj_JW_KH-projekt_gra/fpga/build/airhockey_project.runs/impl_1/top_airhockey_basys3_methodology_drc_routed.rpt.
report_methodology completed successfully
INFO: [runtcl-4] Executing : report_power -file top_airhockey_basys3_power_routed.rpt -pb top_airhockey_basys3_power_summary_routed.pb -rpx top_airhockey_basys3_power_routed.rpx
Command: report_power -file top_airhockey_basys3_power_routed.rpt -pb top_airhockey_basys3_power_summary_routed.pb -rpx top_airhockey_basys3_power_routed.rpx
INFO: [Timing 38-35] Done setting XDC timing constraints.
Running Vector-less Activity Propagation...

Finished Running Vector-less Activity Propagation
135 Infos, 0 Warnings, 0 Critical Warnings and 0 Errors encountered.
report_power completed successfully
INFO: [runtcl-4] Executing : report_route_status -file top_airhockey_basys3_route_status.rpt -pb top_airhockey_basys3_route_status.pb
INFO: [runtcl-4] Executing : report_timing_summary -max_paths 10 -report_unconstrained -file top_airhockey_basys3_timing_summary_routed.rpt -pb top_airhockey_basys3_timing_summary_routed.pb -rpx top_airhockey_basys3_timing_summary_routed.rpx -warn_on_violation 
INFO: [Timing 38-91] UpdateTimingParams: Speed grade: -1, Delay Type: min_max.
INFO: [Timing 38-191] Multithreading enabled for timing update using a maximum of 8 CPUs
INFO: [runtcl-4] Executing : report_incremental_reuse -file top_airhockey_basys3_incremental_reuse_routed.rpt
INFO: [Vivado_Tcl 4-1062] Incremental flow is disabled. No incremental reuse Info to report.
INFO: [runtcl-4] Executing : report_clock_utilization -file top_airhockey_basys3_clock_utilization_routed.rpt
INFO: [runtcl-4] Executing : report_bus_skew -warn_on_violation -file top_airhockey_basys3_bus_skew_routed.rpt -pb top_airhockey_basys3_bus_skew_routed.pb -rpx top_airhockey_basys3_bus_skew_routed.rpx
INFO: [Timing 38-91] UpdateTimingParams: Speed grade: -1, Delay Type: min_max.
INFO: [Timing 38-191] Multithreading enabled for timing update using a maximum of 8 CPUs
Command: write_bitstream -force top_airhockey_basys3.bit
Attempting to get a license for feature 'Implementation' and/or device 'xc7a35t'
INFO: [Common 17-349] Got license for feature 'Implementation' and/or device 'xc7a35t'
Running DRC as a precondition to command write_bitstream
INFO: [IP_Flow 19-1839] IP Catalog is up to date.
INFO: [DRC 23-27] Running DRC with 8 threads
WARNING: [DRC DPIP-1] Input pipelining: DSP u_top_airhockey/u_draw_p1/dist_sq input u_top_airhockey/u_draw_p1/dist_sq/A[29:0] is not pipelined. Pipelining DSP48 input will improve performance.
WARNING: [DRC DPIP-1] Input pipelining: DSP u_top_airhockey/u_draw_p1/dist_sq input u_top_airhockey/u_draw_p1/dist_sq/B[17:0] is not pipelined. Pipelining DSP48 input will improve performance.
WARNING: [DRC DPIP-1] Input pipelining: DSP u_top_airhockey/u_draw_p1/dist_sq0 input u_top_airhockey/u_draw_p1/dist_sq0/A[29:0] is not pipelined. Pipelining DSP48 input will improve performance.
WARNING: [DRC DPIP-1] Input pipelining: DSP u_top_airhockey/u_draw_p1/dist_sq0 input u_top_airhockey/u_draw_p1/dist_sq0/B[17:0] is not pipelined. Pipelining DSP48 input will improve performance.
WARNING: [DRC DPIP-1] Input pipelining: DSP u_top_airhockey/u_draw_p1/hi_dist_sq input u_top_airhockey/u_draw_p1/hi_dist_sq/A[29:0] is not pipelined. Pipelining DSP48 input will improve performance.
WARNING: [DRC DPIP-1] Input pipelining: DSP u_top_airhockey/u_draw_p1/hi_dist_sq input u_top_airhockey/u_draw_p1/hi_dist_sq/B[17:0] is not pipelined. Pipelining DSP48 input will improve performance.
WARNING: [DRC DPIP-1] Input pipelining: DSP u_top_airhockey/u_draw_p1/hi_dist_sq0 input u_top_airhockey/u_draw_p1/hi_dist_sq0/A[29:0] is not pipelined. Pipelining DSP48 input will improve performance.
WARNING: [DRC DPIP-1] Input pipelining: DSP u_top_airhockey/u_draw_p1/hi_dist_sq0 input u_top_airhockey/u_draw_p1/hi_dist_sq0/B[17:0] is not pipelined. Pipelining DSP48 input will improve performance.
WARNING: [DRC DPIP-1] Input pipelining: DSP u_top_airhockey/u_draw_p2/dist_sq input u_top_airhockey/u_draw_p2/dist_sq/A[29:0] is not pipelined. Pipelining DSP48 input will improve performance.
WARNING: [DRC DPIP-1] Input pipelining: DSP u_top_airhockey/u_draw_p2/dist_sq input u_top_airhockey/u_draw_p2/dist_sq/B[17:0] is not pipelined. Pipelining DSP48 input will improve performance.
WARNING: [DRC DPIP-1] Input pipelining: DSP u_top_airhockey/u_draw_p2/dist_sq0 input u_top_airhockey/u_draw_p2/dist_sq0/A[29:0] is not pipelined. Pipelining DSP48 input will improve performance.
WARNING: [DRC DPIP-1] Input pipelining: DSP u_top_airhockey/u_draw_p2/dist_sq0 input u_top_airhockey/u_draw_p2/dist_sq0/B[17:0] is not pipelined. Pipelining DSP48 input will improve performance.
WARNING: [DRC DPIP-1] Input pipelining: DSP u_top_airhockey/u_draw_p2/hi_dist_sq input u_top_airhockey/u_draw_p2/hi_dist_sq/A[29:0] is not pipelined. Pipelining DSP48 input will improve performance.
WARNING: [DRC DPIP-1] Input pipelining: DSP u_top_airhockey/u_draw_p2/hi_dist_sq input u_top_airhockey/u_draw_p2/hi_dist_sq/B[17:0] is not pipelined. Pipelining DSP48 input will improve performance.
WARNING: [DRC DPIP-1] Input pipelining: DSP u_top_airhockey/u_draw_p2/hi_dist_sq0 input u_top_airhockey/u_draw_p2/hi_dist_sq0/A[29:0] is not pipelined. Pipelining DSP48 input will improve performance.
WARNING: [DRC DPIP-1] Input pipelining: DSP u_top_airhockey/u_draw_p2/hi_dist_sq0 input u_top_airhockey/u_draw_p2/hi_dist_sq0/B[17:0] is not pipelined. Pipelining DSP48 input will improve performance.
WARNING: [DRC DPIP-1] Input pipelining: DSP u_top_airhockey/u_draw_puck/dist_sq input u_top_airhockey/u_draw_puck/dist_sq/A[29:0] is not pipelined. Pipelining DSP48 input will improve performance.
WARNING: [DRC DPIP-1] Input pipelining: DSP u_top_airhockey/u_draw_puck/dist_sq input u_top_airhockey/u_draw_puck/dist_sq/B[17:0] is not pipelined. Pipelining DSP48 input will improve performance.
WARNING: [DRC DPIP-1] Input pipelining: DSP u_top_airhockey/u_draw_puck/dist_sq0 input u_top_airhockey/u_draw_puck/dist_sq0/A[29:0] is not pipelined. Pipelining DSP48 input will improve performance.
WARNING: [DRC DPIP-1] Input pipelining: DSP u_top_airhockey/u_draw_puck/dist_sq0 input u_top_airhockey/u_draw_puck/dist_sq0/B[17:0] is not pipelined. Pipelining DSP48 input will improve performance.
WARNING: [DRC DPIP-1] Input pipelining: DSP u_top_airhockey/u_draw_puck/hi_dist_sq input u_top_airhockey/u_draw_puck/hi_dist_sq/A[29:0] is not pipelined. Pipelining DSP48 input will improve performance.
WARNING: [DRC DPIP-1] Input pipelining: DSP u_top_airhockey/u_draw_puck/hi_dist_sq input u_top_airhockey/u_draw_puck/hi_dist_sq/B[17:0] is not pipelined. Pipelining DSP48 input will improve performance.
WARNING: [DRC DPIP-1] Input pipelining: DSP u_top_airhockey/u_draw_puck/hi_dist_sq0 input u_top_airhockey/u_draw_puck/hi_dist_sq0/A[29:0] is not pipelined. Pipelining DSP48 input will improve performance.
WARNING: [DRC DPIP-1] Input pipelining: DSP u_top_airhockey/u_draw_puck/hi_dist_sq0 input u_top_airhockey/u_draw_puck/hi_dist_sq0/B[17:0] is not pipelined. Pipelining DSP48 input will improve performance.
WARNING: [DRC DPIP-1] Input pipelining: DSP u_top_airhockey/u_draw_rink/cdist_sq input u_top_airhockey/u_draw_rink/cdist_sq/A[29:0] is not pipelined. Pipelining DSP48 input will improve performance.
WARNING: [DRC DPIP-1] Input pipelining: DSP u_top_airhockey/u_draw_rink/cdist_sq input u_top_airhockey/u_draw_rink/cdist_sq/B[17:0] is not pipelined. Pipelining DSP48 input will improve performance.
WARNING: [DRC DPIP-1] Input pipelining: DSP u_top_airhockey/u_draw_rink/cdist_sq0 input u_top_airhockey/u_draw_rink/cdist_sq0/A[29:0] is not pipelined. Pipelining DSP48 input will improve performance.
WARNING: [DRC DPIP-1] Input pipelining: DSP u_top_airhockey/u_draw_rink/cdist_sq0 input u_top_airhockey/u_draw_rink/cdist_sq0/B[17:0] is not pipelined. Pipelining DSP48 input will improve performance.
WARNING: [DRC DPOP-1] PREG Output pipelining: DSP u_top_airhockey/u_draw_p1/dist_sq output u_top_airhockey/u_draw_p1/dist_sq/P[47:0] is not pipelined (PREG=0). Pipelining the DSP48 output will improve performance and often saves power so it is suggested whenever possible to fully pipeline this function.  If this DSP48 function was inferred, it is suggested to describe an additional register stage after this function.  If the DSP48 was instantiated in the design, it is suggested to set the PREG attribute to 1.
WARNING: [DRC DPOP-1] PREG Output pipelining: DSP u_top_airhockey/u_draw_p1/hi_dist_sq output u_top_airhockey/u_draw_p1/hi_dist_sq/P[47:0] is not pipelined (PREG=0). Pipelining the DSP48 output will improve performance and often saves power so it is suggested whenever possible to fully pipeline this function.  If this DSP48 function was inferred, it is suggested to describe an additional register stage after this function.  If the DSP48 was instantiated in the design, it is suggested to set the PREG attribute to 1.
WARNING: [DRC DPOP-1] PREG Output pipelining: DSP u_top_airhockey/u_draw_p2/dist_sq output u_top_airhockey/u_draw_p2/dist_sq/P[47:0] is not pipelined (PREG=0). Pipelining the DSP48 output will improve performance and often saves power so it is suggested whenever possible to fully pipeline this function.  If this DSP48 function was inferred, it is suggested to describe an additional register stage after this function.  If the DSP48 was instantiated in the design, it is suggested to set the PREG attribute to 1.
WARNING: [DRC DPOP-1] PREG Output pipelining: DSP u_top_airhockey/u_draw_p2/hi_dist_sq output u_top_airhockey/u_draw_p2/hi_dist_sq/P[47:0] is not pipelined (PREG=0). Pipelining the DSP48 output will improve performance and often saves power so it is suggested whenever possible to fully pipeline this function.  If this DSP48 function was inferred, it is suggested to describe an additional register stage after this function.  If the DSP48 was instantiated in the design, it is suggested to set the PREG attribute to 1.
WARNING: [DRC DPOP-1] PREG Output pipelining: DSP u_top_airhockey/u_draw_puck/dist_sq output u_top_airhockey/u_draw_puck/dist_sq/P[47:0] is not pipelined (PREG=0). Pipelining the DSP48 output will improve performance and often saves power so it is suggested whenever possible to fully pipeline this function.  If this DSP48 function was inferred, it is suggested to describe an additional register stage after this function.  If the DSP48 was instantiated in the design, it is suggested to set the PREG attribute to 1.
WARNING: [DRC DPOP-1] PREG Output pipelining: DSP u_top_airhockey/u_draw_puck/hi_dist_sq output u_top_airhockey/u_draw_puck/hi_dist_sq/P[47:0] is not pipelined (PREG=0). Pipelining the DSP48 output will improve performance and often saves power so it is suggested whenever possible to fully pipeline this function.  If this DSP48 function was inferred, it is suggested to describe an additional register stage after this function.  If the DSP48 was instantiated in the design, it is suggested to set the PREG attribute to 1.
WARNING: [DRC DPOP-1] PREG Output pipelining: DSP u_top_airhockey/u_draw_rink/cdist_sq output u_top_airhockey/u_draw_rink/cdist_sq/P[47:0] is not pipelined (PREG=0). Pipelining the DSP48 output will improve performance and often saves power so it is suggested whenever possible to fully pipeline this function.  If this DSP48 function was inferred, it is suggested to describe an additional register stage after this function.  If the DSP48 was instantiated in the design, it is suggested to set the PREG attribute to 1.
WARNING: [DRC DPOP-2] MREG Output pipelining: DSP u_top_airhockey/u_draw_p1/dist_sq multiplier stage u_top_airhockey/u_draw_p1/dist_sq/P[47:0] is not pipelined (MREG=0). Pipelining the multiplier function will improve performance and will save significant power so it is suggested whenever possible to fully pipeline this function.  If this multiplier was inferred, it is suggested to describe an additional register stage after this function.  If there is no registered adder/accumulator following the multiply function, two pipeline stages are suggested to allow both the MREG and PREG registers to be used.  If the DSP48 was instantiated in the design, it is suggested to set both the MREG and PREG attributes to 1 when performing multiply functions.
WARNING: [DRC DPOP-2] MREG Output pipelining: DSP u_top_airhockey/u_draw_p1/hi_dist_sq multiplier stage u_top_airhockey/u_draw_p1/hi_dist_sq/P[47:0] is not pipelined (MREG=0). Pipelining the multiplier function will improve performance and will save significant power so it is suggested whenever possible to fully pipeline this function.  If this multiplier was inferred, it is suggested to describe an additional register stage after this function.  If there is no registered adder/accumulator following the multiply function, two pipeline stages are suggested to allow both the MREG and PREG registers to be used.  If the DSP48 was instantiated in the design, it is suggested to set both the MREG and PREG attributes to 1 when performing multiply functions.
WARNING: [DRC DPOP-2] MREG Output pipelining: DSP u_top_airhockey/u_draw_p2/dist_sq multiplier stage u_top_airhockey/u_draw_p2/dist_sq/P[47:0] is not pipelined (MREG=0). Pipelining the multiplier function will improve performance and will save significant power so it is suggested whenever possible to fully pipeline this function.  If this multiplier was inferred, it is suggested to describe an additional register stage after this function.  If there is no registered adder/accumulator following the multiply function, two pipeline stages are suggested to allow both the MREG and PREG registers to be used.  If the DSP48 was instantiated in the design, it is suggested to set both the MREG and PREG attributes to 1 when performing multiply functions.
WARNING: [DRC DPOP-2] MREG Output pipelining: DSP u_top_airhockey/u_draw_p2/hi_dist_sq multiplier stage u_top_airhockey/u_draw_p2/hi_dist_sq/P[47:0] is not pipelined (MREG=0). Pipelining the multiplier function will improve performance and will save significant power so it is suggested whenever possible to fully pipeline this function.  If this multiplier was inferred, it is suggested to describe an additional register stage after this function.  If there is no registered adder/accumulator following the multiply function, two pipeline stages are suggested to allow both the MREG and PREG registers to be used.  If the DSP48 was instantiated in the design, it is suggested to set both the MREG and PREG attributes to 1 when performing multiply functions.
WARNING: [DRC DPOP-2] MREG Output pipelining: DSP u_top_airhockey/u_draw_puck/dist_sq multiplier stage u_top_airhockey/u_draw_puck/dist_sq/P[47:0] is not pipelined (MREG=0). Pipelining the multiplier function will improve performance and will save significant power so it is suggested whenever possible to fully pipeline this function.  If this multiplier was inferred, it is suggested to describe an additional register stage after this function.  If there is no registered adder/accumulator following the multiply function, two pipeline stages are suggested to allow both the MREG and PREG registers to be used.  If the DSP48 was instantiated in the design, it is suggested to set both the MREG and PREG attributes to 1 when performing multiply functions.
WARNING: [DRC DPOP-2] MREG Output pipelining: DSP u_top_airhockey/u_draw_puck/hi_dist_sq multiplier stage u_top_airhockey/u_draw_puck/hi_dist_sq/P[47:0] is not pipelined (MREG=0). Pipelining the multiplier function will improve performance and will save significant power so it is suggested whenever possible to fully pipeline this function.  If this multiplier was inferred, it is suggested to describe an additional register stage after this function.  If there is no registered adder/accumulator following the multiply function, two pipeline stages are suggested to allow both the MREG and PREG registers to be used.  If the DSP48 was instantiated in the design, it is suggested to set both the MREG and PREG attributes to 1 when performing multiply functions.
WARNING: [DRC DPOP-2] MREG Output pipelining: DSP u_top_airhockey/u_draw_rink/cdist_sq multiplier stage u_top_airhockey/u_draw_rink/cdist_sq/P[47:0] is not pipelined (MREG=0). Pipelining the multiplier function will improve performance and will save significant power so it is suggested whenever possible to fully pipeline this function.  If this multiplier was inferred, it is suggested to describe an additional register stage after this function.  If there is no registered adder/accumulator following the multiply function, two pipeline stages are suggested to allow both the MREG and PREG registers to be used.  If the DSP48 was instantiated in the design, it is suggested to set both the MREG and PREG attributes to 1 when performing multiply functions.
INFO: [Vivado 12-3199] DRC finished with 0 Errors, 42 Warnings
INFO: [Vivado 12-3200] Please refer to the DRC report (report_drc) for more information.
INFO: [Designutils 20-2272] Running write_bitstream with 8 threads.
Loading data files...
Loading site data...
Loading route data...
Processing options...
Creating bitmap...
Creating bitstream...
Writing bitstream ./top_airhockey_basys3.bit...
INFO: [Vivado 12-1842] Bitgen Completed Successfully.
INFO: [Project 1-1876] WebTalk data collection is mandatory when using a ULT device. To see the specific WebTalk data collected for your design, open the usage_statistics_webtalk.html or usage_statistics_webtalk.xml file in the implementation directory.
INFO: [Common 17-83] Releasing license: Implementation
12 Infos, 42 Warnings, 0 Critical Warnings and 0 Errors encountered.
write_bitstream completed successfully
write_bitstream: Time (s): cpu = 00:00:14 ; elapsed = 00:00:18 . Memory (MB): peak = 3709.320 ; gain = 251.961 ; free physical = 5315 ; free virtual = 13178
INFO: [Common 17-206] Exiting Vivado at Sun Aug 30 09:03:23 2026...
