Copyright 1986-2021 Xilinx, Inc. All Rights Reserved.
--------------------------------------------------------------------------------------------------------------------------------------------------------------------------------------------------
| Tool Version : Vivado v.2021.2 (lin64) Build 3367213 Tue Oct 19 02:47:39 MDT 2021
| Date         : Sun Aug 30 09:03:02 2026
| Host         : cadence30 running 64-bit CentOS Linux release 7.9.2009 (Core)
| Command      : report_methodology -file top_airhockey_basys3_methodology_drc_routed.rpt -pb top_airhockey_basys3_methodology_drc_routed.pb -rpx top_airhockey_basys3_methodology_drc_routed.rpx
| Design       : top_airhockey_basys3
| Device       : xc7a35tcpg236-1
| Speed File   : -1
| Design State : Fully Routed
--------------------------------------------------------------------------------------------------------------------------------------------------------------------------------------------------

Report Methodology

Table of Contents
-----------------
1. REPORT SUMMARY
2. REPORT DETAILS

1. REPORT SUMMARY
-----------------
            Netlist: netlist
          Floorplan: design_1
      Design limits: <entire design considered>
             Max violations: <unlimited>
             Violations found: 15
+-----------+----------+-------------------------------+------------+
| Rule      | Severity | Description                   | Violations |
+-----------+----------+-------------------------------+------------+
| SYNTH-13  | Warning  | combinational multiplier      | 12         |
| TIMING-18 | Warning  | Missing input or output delay | 3          |
+-----------+----------+-------------------------------+------------+

2. REPORT DETAILS
-----------------
SYNTH-13#1 Warning
combinational multiplier  
Detected combinational multiplier in DSP instance u_top_airhockey/u_draw_p1/dist_sq.
Related violations: <none>

SYNTH-13#2 Warning
combinational multiplier  
Detected combinational multiplier in DSP instance u_top_airhockey/u_draw_p1/dist_sq0.
Related violations: <none>

SYNTH-13#3 Warning
combinational multiplier  
Detected combinational multiplier in DSP instance u_top_airhockey/u_draw_p1/hi_dist_sq.
Related violations: <none>

SYNTH-13#4 Warning
combinational multiplier  
Detected combinational multiplier in DSP instance u_top_airhockey/u_draw_p1/hi_dist_sq0.
Related violations: <none>

SYNTH-13#5 Warning
combinational multiplier  
Detected combinational multiplier in DSP instance u_top_airhockey/u_draw_p2/dist_sq.
Related violations: <none>

SYNTH-13#6 Warning
combinational multiplier  
Detected combinational multiplier in DSP instance u_top_airhockey/u_draw_p2/dist_sq0.
Related violations: <none>

SYNTH-13#7 Warning
combinational multiplier  
Detected combinational multiplier in DSP instance u_top_airhockey/u_draw_p2/hi_dist_sq.
Related violations: <none>

SYNTH-13#8 Warning
combinational multiplier  
Detected combinational multiplier in DSP instance u_top_airhockey/u_draw_p2/hi_dist_sq0.
Related violations: <none>

SYNTH-13#9 Warning
combinational multiplier  
Detected combinational multiplier in DSP instance u_top_airhockey/u_draw_puck/dist_sq.
Related violations: <none>

SYNTH-13#10 Warning
combinational multiplier  
Detected combinational multiplier in DSP instance u_top_airhockey/u_draw_puck/dist_sq0.
Related violations: <none>

SYNTH-13#11 Warning
combinational multiplier  
Detected combinational multiplier in DSP instance u_top_airhockey/u_draw_puck/hi_dist_sq.
Related violations: <none>

SYNTH-13#12 Warning
combinational multiplier  
Detected combinational multiplier in DSP instance u_top_airhockey/u_draw_puck/hi_dist_sq0.
Related violations: <none>

TIMING-18#1 Warning
Missing input or output delay  
An input delay is missing on PS2Clk relative to clock(s) clk
Related violations: <none>

TIMING-18#2 Warning
Missing input or output delay  
An input delay is missing on PS2Data relative to clock(s) clk
Related violations: <none>

TIMING-18#3 Warning
Missing input or output delay  
An input delay is missing on btnC relative to clock(s) clk
Related violations: <none>


