Copyright 1986-2021 Xilinx, Inc. All Rights Reserved.
------------------------------------------------------------------------------------------------------------------------------------------------------
| Tool Version : Vivado v.2021.2 (lin64) Build 3367213 Tue Oct 19 02:47:39 MDT 2021
| Date         : Sun Aug 30 09:03:01 2026
| Host         : cadence30 running 64-bit CentOS Linux release 7.9.2009 (Core)
| Command      : report_drc -file top_airhockey_basys3_drc_routed.rpt -pb top_airhockey_basys3_drc_routed.pb -rpx top_airhockey_basys3_drc_routed.rpx
| Design       : top_airhockey_basys3
| Device       : xc7a35tcpg236-1
| Speed File   : -1
| Design State : Fully Routed
------------------------------------------------------------------------------------------------------------------------------------------------------

Report DRC

Table of Contents
-----------------
1. REPORT SUMMARY
2. REPORT DETAILS

1. REPORT SUMMARY
-----------------
            Netlist: netlist
          Floorplan: design_1
      Design limits: <entire design considered>
           Ruledeck: default
             Max violations: <unlimited>
             Violations found: 42
+--------+----------+------------------------+------------+
| Rule   | Severity | Description            | Violations |
+--------+----------+------------------------+------------+
| DPIP-1 | Warning  | Input pipelining       | 28         |
| DPOP-1 | Warning  | PREG Output pipelining | 7          |
| DPOP-2 | Warning  | MREG Output pipelining | 7          |
+--------+----------+------------------------+------------+

2. REPORT DETAILS
-----------------
DPIP-1#1 Warning
Input pipelining  
DSP u_top_airhockey/u_draw_p1/dist_sq input u_top_airhockey/u_draw_p1/dist_sq/A[29:0] is not pipelined. Pipelining DSP48 input will improve performance.
Related violations: <none>

DPIP-1#2 Warning
Input pipelining  
DSP u_top_airhockey/u_draw_p1/dist_sq input u_top_airhockey/u_draw_p1/dist_sq/B[17:0] is not pipelined. Pipelining DSP48 input will improve performance.
Related violations: <none>

DPIP-1#3 Warning
Input pipelining  
DSP u_top_airhockey/u_draw_p1/dist_sq0 input u_top_airhockey/u_draw_p1/dist_sq0/A[29:0] is not pipelined. Pipelining DSP48 input will improve performance.
Related violations: <none>

DPIP-1#4 Warning
Input pipelining  
DSP u_top_airhockey/u_draw_p1/dist_sq0 input u_top_airhockey/u_draw_p1/dist_sq0/B[17:0] is not pipelined. Pipelining DSP48 input will improve performance.
Related violations: <none>

DPIP-1#5 Warning
Input pipelining  
DSP u_top_airhockey/u_draw_p1/hi_dist_sq input u_top_airhockey/u_draw_p1/hi_dist_sq/A[29:0] is not pipelined. Pipelining DSP48 input will improve performance.
Related violations: <none>

DPIP-1#6 Warning
Input pipelining  
DSP u_top_airhockey/u_draw_p1/hi_dist_sq input u_top_airhockey/u_draw_p1/hi_dist_sq/B[17:0] is not pipelined. Pipelining DSP48 input will improve performance.
Related violations: <none>

DPIP-1#7 Warning
Input pipelining  
DSP u_top_airhockey/u_draw_p1/hi_dist_sq0 input u_top_airhockey/u_draw_p1/hi_dist_sq0/A[29:0] is not pipelined. Pipelining DSP48 input will improve performance.
Related violations: <none>

DPIP-1#8 Warning
Input pipelining  
DSP u_top_airhockey/u_draw_p1/hi_dist_sq0 input u_top_airhockey/u_draw_p1/hi_dist_sq0/B[17:0] is not pipelined. Pipelining DSP48 input will improve performance.
Related violations: <none>

DPIP-1#9 Warning
Input pipelining  
DSP u_top_airhockey/u_draw_p2/dist_sq input u_top_airhockey/u_draw_p2/dist_sq/A[29:0] is not pipelined. Pipelining DSP48 input will improve performance.
Related violations: <none>

DPIP-1#10 Warning
Input pipelining  
DSP u_top_airhockey/u_draw_p2/dist_sq input u_top_airhockey/u_draw_p2/dist_sq/B[17:0] is not pipelined. Pipelining DSP48 input will improve performance.
Related violations: <none>

DPIP-1#11 Warning
Input pipelining  
DSP u_top_airhockey/u_draw_p2/dist_sq0 input u_top_airhockey/u_draw_p2/dist_sq0/A[29:0] is not pipelined. Pipelining DSP48 input will improve performance.
Related violations: <none>

DPIP-1#12 Warning
Input pipelining  
DSP u_top_airhockey/u_draw_p2/dist_sq0 input u_top_airhockey/u_draw_p2/dist_sq0/B[17:0] is not pipelined. Pipelining DSP48 input will improve performance.
Related violations: <none>

DPIP-1#13 Warning
Input pipelining  
DSP u_top_airhockey/u_draw_p2/hi_dist_sq input u_top_airhockey/u_draw_p2/hi_dist_sq/A[29:0] is not pipelined. Pipelining DSP48 input will improve performance.
Related violations: <none>

DPIP-1#14 Warning
Input pipelining  
DSP u_top_airhockey/u_draw_p2/hi_dist_sq input u_top_airhockey/u_draw_p2/hi_dist_sq/B[17:0] is not pipelined. Pipelining DSP48 input will improve performance.
Related violations: <none>

DPIP-1#15 Warning
Input pipelining  
DSP u_top_airhockey/u_draw_p2/hi_dist_sq0 input u_top_airhockey/u_draw_p2/hi_dist_sq0/A[29:0] is not pipelined. Pipelining DSP48 input will improve performance.
Related violations: <none>

DPIP-1#16 Warning
Input pipelining  
DSP u_top_airhockey/u_draw_p2/hi_dist_sq0 input u_top_airhockey/u_draw_p2/hi_dist_sq0/B[17:0] is not pipelined. Pipelining DSP48 input will improve performance.
Related violations: <none>

DPIP-1#17 Warning
Input pipelining  
DSP u_top_airhockey/u_draw_puck/dist_sq input u_top_airhockey/u_draw_puck/dist_sq/A[29:0] is not pipelined. Pipelining DSP48 input will improve performance.
Related violations: <none>

DPIP-1#18 Warning
Input pipelining  
DSP u_top_airhockey/u_draw_puck/dist_sq input u_top_airhockey/u_draw_puck/dist_sq/B[17:0] is not pipelined. Pipelining DSP48 input will improve performance.
Related violations: <none>

DPIP-1#19 Warning
Input pipelining  
DSP u_top_airhockey/u_draw_puck/dist_sq0 input u_top_airhockey/u_draw_puck/dist_sq0/A[29:0] is not pipelined. Pipelining DSP48 input will improve performance.
Related violations: <none>

DPIP-1#20 Warning
Input pipelining  
DSP u_top_airhockey/u_draw_puck/dist_sq0 input u_top_airhockey/u_draw_puck/dist_sq0/B[17:0] is not pipelined. Pipelining DSP48 input will improve performance.
Related violations: <none>

DPIP-1#21 Warning
Input pipelining  
DSP u_top_airhockey/u_draw_puck/hi_dist_sq input u_top_airhockey/u_draw_puck/hi_dist_sq/A[29:0] is not pipelined. Pipelining DSP48 input will improve performance.
Related violations: <none>

DPIP-1#22 Warning
Input pipelining  
DSP u_top_airhockey/u_draw_puck/hi_dist_sq input u_top_airhockey/u_draw_puck/hi_dist_sq/B[17:0] is not pipelined. Pipelining DSP48 input will improve performance.
Related violations: <none>

DPIP-1#23 Warning
Input pipelining  
DSP u_top_airhockey/u_draw_puck/hi_dist_sq0 input u_top_airhockey/u_draw_puck/hi_dist_sq0/A[29:0] is not pipelined. Pipelining DSP48 input will improve performance.
Related violations: <none>

DPIP-1#24 Warning
Input pipelining  
DSP u_top_airhockey/u_draw_puck/hi_dist_sq0 input u_top_airhockey/u_draw_puck/hi_dist_sq0/B[17:0] is not pipelined. Pipelining DSP48 input will improve performance.
Related violations: <none>

DPIP-1#25 Warning
Input pipelining  
DSP u_top_airhockey/u_draw_rink/cdist_sq input u_top_airhockey/u_draw_rink/cdist_sq/A[29:0] is not pipelined. Pipelining DSP48 input will improve performance.
Related violations: <none>

DPIP-1#26 Warning
Input pipelining  
DSP u_top_airhockey/u_draw_rink/cdist_sq input u_top_airhockey/u_draw_rink/cdist_sq/B[17:0] is not pipelined. Pipelining DSP48 input will improve performance.
Related violations: <none>

DPIP-1#27 Warning
Input pipelining  
DSP u_top_airhockey/u_draw_rink/cdist_sq0 input u_top_airhockey/u_draw_rink/cdist_sq0/A[29:0] is not pipelined. Pipelining DSP48 input will improve performance.
Related violations: <none>

DPIP-1#28 Warning
Input pipelining  
DSP u_top_airhockey/u_draw_rink/cdist_sq0 input u_top_airhockey/u_draw_rink/cdist_sq0/B[17:0] is not pipelined. Pipelining DSP48 input will improve performance.
Related violations: <none>

DPOP-1#1 Warning
PREG Output pipelining  
DSP u_top_airhockey/u_draw_p1/dist_sq output u_top_airhockey/u_draw_p1/dist_sq/P[47:0] is not pipelined (PREG=0). Pipelining the DSP48 output will improve performance and often saves power so it is suggested whenever possible to fully pipeline this function.  If this DSP48 function was inferred, it is suggested to describe an additional register stage after this function.  If the DSP48 was instantiated in the design, it is suggested to set the PREG attribute to 1.
Related violations: <none>

DPOP-1#2 Warning
PREG Output pipelining  
DSP u_top_airhockey/u_draw_p1/hi_dist_sq output u_top_airhockey/u_draw_p1/hi_dist_sq/P[47:0] is not pipelined (PREG=0). Pipelining the DSP48 output will improve performance and often saves power so it is suggested whenever possible to fully pipeline this function.  If this DSP48 function was inferred, it is suggested to describe an additional register stage after this function.  If the DSP48 was instantiated in the design, it is suggested to set the PREG attribute to 1.
Related violations: <none>

DPOP-1#3 Warning
PREG Output pipelining  
DSP u_top_airhockey/u_draw_p2/dist_sq output u_top_airhockey/u_draw_p2/dist_sq/P[47:0] is not pipelined (PREG=0). Pipelining the DSP48 output will improve performance and often saves power so it is suggested whenever possible to fully pipeline this function.  If this DSP48 function was inferred, it is suggested to describe an additional register stage after this function.  If the DSP48 was instantiated in the design, it is suggested to set the PREG attribute to 1.
Related violations: <none>

DPOP-1#4 Warning
PREG Output pipelining  
DSP u_top_airhockey/u_draw_p2/hi_dist_sq output u_top_airhockey/u_draw_p2/hi_dist_sq/P[47:0] is not pipelined (PREG=0). Pipelining the DSP48 output will improve performance and often saves power so it is suggested whenever possible to fully pipeline this function.  If this DSP48 function was inferred, it is suggested to describe an additional register stage after this function.  If the DSP48 was instantiated in the design, it is suggested to set the PREG attribute to 1.
Related violations: <none>

DPOP-1#5 Warning
PREG Output pipelining  
DSP u_top_airhockey/u_draw_puck/dist_sq output u_top_airhockey/u_draw_puck/dist_sq/P[47:0] is not pipelined (PREG=0). Pipelining the DSP48 output will improve performance and often saves power so it is suggested whenever possible to fully pipeline this function.  If this DSP48 function was inferred, it is suggested to describe an additional register stage after this function.  If the DSP48 was instantiated in the design, it is suggested to set the PREG attribute to 1.
Related violations: <none>

DPOP-1#6 Warning
PREG Output pipelining  
DSP u_top_airhockey/u_draw_puck/hi_dist_sq output u_top_airhockey/u_draw_puck/hi_dist_sq/P[47:0] is not pipelined (PREG=0). Pipelining the DSP48 output will improve performance and often saves power so it is suggested whenever possible to fully pipeline this function.  If this DSP48 function was inferred, it is suggested to describe an additional register stage after this function.  If the DSP48 was instantiated in the design, it is suggested to set the PREG attribute to 1.
Related violations: <none>

DPOP-1#7 Warning
PREG Output pipelining  
DSP u_top_airhockey/u_draw_rink/cdist_sq output u_top_airhockey/u_draw_rink/cdist_sq/P[47:0] is not pipelined (PREG=0). Pipelining the DSP48 output will improve performance and often saves power so it is suggested whenever possible to fully pipeline this function.  If this DSP48 function was inferred, it is suggested to describe an additional register stage after this function.  If the DSP48 was instantiated in the design, it is suggested to set the PREG attribute to 1.
Related violations: <none>

DPOP-2#1 Warning
MREG Output pipelining  
DSP u_top_airhockey/u_draw_p1/dist_sq multiplier stage u_top_airhockey/u_draw_p1/dist_sq/P[47:0] is not pipelined (MREG=0). Pipelining the multiplier function will improve performance and will save significant power so it is suggested whenever possible to fully pipeline this function.  If this multiplier was inferred, it is suggested to describe an additional register stage after this function.  If there is no registered adder/accumulator following the multiply function, two pipeline stages are suggested to allow both the MREG and PREG registers to be used.  If the DSP48 was instantiated in the design, it is suggested to set both the MREG and PREG attributes to 1 when performing multiply functions.
Related violations: <none>

DPOP-2#2 Warning
MREG Output pipelining  
DSP u_top_airhockey/u_draw_p1/hi_dist_sq multiplier stage u_top_airhockey/u_draw_p1/hi_dist_sq/P[47:0] is not pipelined (MREG=0). Pipelining the multiplier function will improve performance and will save significant power so it is suggested whenever possible to fully pipeline this function.  If this multiplier was inferred, it is suggested to describe an additional register stage after this function.  If there is no registered adder/accumulator following the multiply function, two pipeline stages are suggested to allow both the MREG and PREG registers to be used.  If the DSP48 was instantiated in the design, it is suggested to set both the MREG and PREG attributes to 1 when performing multiply functions.
Related violations: <none>

DPOP-2#3 Warning
MREG Output pipelining  
DSP u_top_airhockey/u_draw_p2/dist_sq multiplier stage u_top_airhockey/u_draw_p2/dist_sq/P[47:0] is not pipelined (MREG=0). Pipelining the multiplier function will improve performance and will save significant power so it is suggested whenever possible to fully pipeline this function.  If this multiplier was inferred, it is suggested to describe an additional register stage after this function.  If there is no registered adder/accumulator following the multiply function, two pipeline stages are suggested to allow both the MREG and PREG registers to be used.  If the DSP48 was instantiated in the design, it is suggested to set both the MREG and PREG attributes to 1 when performing multiply functions.
Related violations: <none>

DPOP-2#4 Warning
MREG Output pipelining  
DSP u_top_airhockey/u_draw_p2/hi_dist_sq multiplier stage u_top_airhockey/u_draw_p2/hi_dist_sq/P[47:0] is not pipelined (MREG=0). Pipelining the multiplier function will improve performance and will save significant power so it is suggested whenever possible to fully pipeline this function.  If this multiplier was inferred, it is suggested to describe an additional register stage after this function.  If there is no registered adder/accumulator following the multiply function, two pipeline stages are suggested to allow both the MREG and PREG registers to be used.  If the DSP48 was instantiated in the design, it is suggested to set both the MREG and PREG attributes to 1 when performing multiply functions.
Related violations: <none>

DPOP-2#5 Warning
MREG Output pipelining  
DSP u_top_airhockey/u_draw_puck/dist_sq multiplier stage u_top_airhockey/u_draw_puck/dist_sq/P[47:0] is not pipelined (MREG=0). Pipelining the multiplier function will improve performance and will save significant power so it is suggested whenever possible to fully pipeline this function.  If this multiplier was inferred, it is suggested to describe an additional register stage after this function.  If there is no registered adder/accumulator following the multiply function, two pipeline stages are suggested to allow both the MREG and PREG registers to be used.  If the DSP48 was instantiated in the design, it is suggested to set both the MREG and PREG attributes to 1 when performing multiply functions.
Related violations: <none>

DPOP-2#6 Warning
MREG Output pipelining  
DSP u_top_airhockey/u_draw_puck/hi_dist_sq multiplier stage u_top_airhockey/u_draw_puck/hi_dist_sq/P[47:0] is not pipelined (MREG=0). Pipelining the multiplier function will improve performance and will save significant power so it is suggested whenever possible to fully pipeline this function.  If this multiplier was inferred, it is suggested to describe an additional register stage after this function.  If there is no registered adder/accumulator following the multiply function, two pipeline stages are suggested to allow both the MREG and PREG registers to be used.  If the DSP48 was instantiated in the design, it is suggested to set both the MREG and PREG attributes to 1 when performing multiply functions.
Related violations: <none>

DPOP-2#7 Warning
MREG Output pipelining  
DSP u_top_airhockey/u_draw_rink/cdist_sq multiplier stage u_top_airhockey/u_draw_rink/cdist_sq/P[47:0] is not pipelined (MREG=0). Pipelining the multiplier function will improve performance and will save significant power so it is suggested whenever possible to fully pipeline this function.  If this multiplier was inferred, it is suggested to describe an additional register stage after this function.  If there is no registered adder/accumulator following the multiply function, two pipeline stages are suggested to allow both the MREG and PREG registers to be used.  If the DSP48 was instantiated in the design, it is suggested to set both the MREG and PREG attributes to 1 when performing multiply functions.
Related violations: <none>


